[2026-08-08T15:36:07.920+0000] {local_task_job_runner.py:120} INFO - ::group::Pre task execution logs
[2026-08-08T15:36:07.993+0000] {taskinstance.py:2076} INFO - Dependencies all met for dep_context=non-requeueable deps ti=<TaskInstance: football_etl.warehouse_load scheduled__2026-08-08T15:34:00+00:00 [queued]>
[2026-08-08T15:36:08.008+0000] {taskinstance.py:2076} INFO - Dependencies all met for dep_context=requeueable deps ti=<TaskInstance: football_etl.warehouse_load scheduled__2026-08-08T15:34:00+00:00 [queued]>
[2026-08-08T15:36:08.010+0000] {taskinstance.py:2306} INFO - Starting attempt 1 of 4
[2026-08-08T15:36:08.035+0000] {taskinstance.py:2330} INFO - Executing <Task(PythonOperator): warehouse_load> on 2026-08-08 15:34:00+00:00
[2026-08-08T15:36:08.053+0000] {standard_task_runner.py:90} INFO - Running: ['airflow', 'tasks', 'run', 'football_etl', 'warehouse_load', 'scheduled__2026-08-08T15:34:00+00:00', '--job-id', '1655', '--raw', '--subdir', 'DAGS_FOLDER/football_etl_dag.py', '--cfg-path', '/tmp/tmpgy0_jrz0']
[2026-08-08T15:36:08.059+0000] {standard_task_runner.py:91} INFO - Job 1655: Subtask warehouse_load
[2026-08-08T15:36:08.061+0000] {logging_mixin.py:188} WARNING - /home/airflow/.local/lib/python3.12/site-packages/airflow/task/task_runner/standard_task_runner.py:62 DeprecationWarning: This process (pid=309) is multi-threaded, use of fork() may lead to deadlocks in the child.
[2026-08-08T15:36:08.064+0000] {standard_task_runner.py:64} INFO - Started process 310 to run task
[2026-08-08T15:36:08.192+0000] {task_command.py:426} INFO - Running <TaskInstance: football_etl.warehouse_load scheduled__2026-08-08T15:34:00+00:00 [running]> on host b478b38d86c0
[2026-08-08T15:36:08.390+0000] {taskinstance.py:2648} INFO - Exporting env vars: AIRFLOW_CTX_DAG_OWNER='airflow' AIRFLOW_CTX_DAG_ID='football_etl' AIRFLOW_CTX_TASK_ID='warehouse_load' AIRFLOW_CTX_EXECUTION_DATE='2026-08-08T15:34:00+00:00' AIRFLOW_CTX_TRY_NUMBER='1' AIRFLOW_CTX_DAG_RUN_ID='scheduled__2026-08-08T15:34:00+00:00'
[2026-08-08T15:36:08.393+0000] {taskinstance.py:430} INFO - ::endgroup::
[2026-08-08T15:36:40.407+0000] {warehouse_load.py:159} INFO - Fetched 16098 rows from OLTP for warehouse load
[2026-08-08T15:37:07.897+0000] {warehouse_load.py:200} INFO - Warehouse ETL complete: 0 inserted, 16098 skipped
[2026-08-08T15:37:07.899+0000] {logging_mixin.py:188} INFO - Warehouse ETL complete: 0 inserted, 16098 skipped
[2026-08-08T15:37:07.930+0000] {python.py:237} INFO - Done. Returned value was: None
[2026-08-08T15:37:07.932+0000] {taskinstance.py:441} INFO - ::group::Post task execution logs
[2026-08-08T15:37:07.954+0000] {taskinstance.py:1206} INFO - Marking task as SUCCESS. dag_id=football_etl, task_id=warehouse_load, run_id=scheduled__2026-08-08T15:34:00+00:00, execution_date=20260808T153400, start_date=20260808T153607, end_date=20260808T153707
[2026-08-08T15:37:07.991+0000] {local_task_job_runner.py:243} INFO - Task exited with return code 0
[2026-08-08T15:37:08.026+0000] {taskinstance.py:3503} INFO - 0 downstream tasks scheduled from follow-on schedule check
[2026-08-08T15:37:08.030+0000] {local_task_job_runner.py:222} INFO - ::endgroup::
