[2026-08-11T06:32:40.754+0000] {processor.py:161} INFO - Started process (PID=162) to work on /opt/airflow/dags/football_etl_dag.py
[2026-08-11T06:32:40.757+0000] {processor.py:830} INFO - Processing file /opt/airflow/dags/football_etl_dag.py for tasks to queue
[2026-08-11T06:32:40.762+0000] {logging_mixin.py:188} INFO - [2026-08-11T06:32:40.761+0000] {dagbag.py:545} INFO - Filling up the DagBag from /opt/airflow/dags/football_etl_dag.py
[2026-08-11T06:32:40.807+0000] {processor.py:840} INFO - DAG(s) 'football_etl' retrieved from /opt/airflow/dags/football_etl_dag.py
[2026-08-11T06:32:40.895+0000] {logging_mixin.py:188} INFO - [2026-08-11T06:32:40.894+0000] {dag.py:3089} INFO - Sync 1 DAGs
[2026-08-11T06:32:40.962+0000] {logging_mixin.py:188} INFO - [2026-08-11T06:32:40.962+0000] {dag.py:3947} INFO - Setting next_dagrun for football_etl to 2026-08-11 06:32:00+00:00, run_after=2026-08-11 06:34:00+00:00
[2026-08-11T06:32:41.009+0000] {processor.py:183} INFO - Processing /opt/airflow/dags/football_etl_dag.py took 0.268 seconds
[2026-08-11T06:33:11.739+0000] {processor.py:161} INFO - Started process (PID=178) to work on /opt/airflow/dags/football_etl_dag.py
[2026-08-11T06:33:11.748+0000] {processor.py:830} INFO - Processing file /opt/airflow/dags/football_etl_dag.py for tasks to queue
[2026-08-11T06:33:11.757+0000] {logging_mixin.py:188} INFO - [2026-08-11T06:33:11.756+0000] {dagbag.py:545} INFO - Filling up the DagBag from /opt/airflow/dags/football_etl_dag.py
[2026-08-11T06:33:11.830+0000] {processor.py:840} INFO - DAG(s) 'football_etl' retrieved from /opt/airflow/dags/football_etl_dag.py
[2026-08-11T06:33:12.338+0000] {logging_mixin.py:188} INFO - [2026-08-11T06:33:12.338+0000] {dag.py:3089} INFO - Sync 1 DAGs
[2026-08-11T06:33:12.432+0000] {logging_mixin.py:188} INFO - [2026-08-11T06:33:12.431+0000] {dag.py:3947} INFO - Setting next_dagrun for football_etl to 2026-08-11 06:32:00+00:00, run_after=2026-08-11 06:34:00+00:00
[2026-08-11T06:33:12.511+0000] {processor.py:183} INFO - Processing /opt/airflow/dags/football_etl_dag.py took 0.801 seconds
[2026-08-11T06:33:43.433+0000] {processor.py:161} INFO - Started process (PID=183) to work on /opt/airflow/dags/football_etl_dag.py
[2026-08-11T06:33:43.436+0000] {processor.py:830} INFO - Processing file /opt/airflow/dags/football_etl_dag.py for tasks to queue
[2026-08-11T06:33:43.441+0000] {logging_mixin.py:188} INFO - [2026-08-11T06:33:43.440+0000] {dagbag.py:545} INFO - Filling up the DagBag from /opt/airflow/dags/football_etl_dag.py
[2026-08-11T06:33:43.487+0000] {processor.py:840} INFO - DAG(s) 'football_etl' retrieved from /opt/airflow/dags/football_etl_dag.py
[2026-08-11T06:33:43.611+0000] {logging_mixin.py:188} INFO - [2026-08-11T06:33:43.610+0000] {dag.py:3089} INFO - Sync 1 DAGs
[2026-08-11T06:33:43.687+0000] {logging_mixin.py:188} INFO - [2026-08-11T06:33:43.687+0000] {dag.py:3947} INFO - Setting next_dagrun for football_etl to 2026-08-11 06:32:00+00:00, run_after=2026-08-11 06:34:00+00:00
[2026-08-11T06:33:43.732+0000] {processor.py:183} INFO - Processing /opt/airflow/dags/football_etl_dag.py took 0.313 seconds
[2026-08-11T06:34:14.338+0000] {processor.py:161} INFO - Started process (PID=194) to work on /opt/airflow/dags/football_etl_dag.py
[2026-08-11T06:34:14.341+0000] {processor.py:830} INFO - Processing file /opt/airflow/dags/football_etl_dag.py for tasks to queue
[2026-08-11T06:34:14.347+0000] {logging_mixin.py:188} INFO - [2026-08-11T06:34:14.346+0000] {dagbag.py:545} INFO - Filling up the DagBag from /opt/airflow/dags/football_etl_dag.py
[2026-08-11T06:34:14.404+0000] {processor.py:840} INFO - DAG(s) 'football_etl' retrieved from /opt/airflow/dags/football_etl_dag.py
[2026-08-11T06:34:14.493+0000] {logging_mixin.py:188} INFO - [2026-08-11T06:34:14.492+0000] {dag.py:3089} INFO - Sync 1 DAGs
[2026-08-11T06:34:14.556+0000] {logging_mixin.py:188} INFO - [2026-08-11T06:34:14.556+0000] {dag.py:3947} INFO - Setting next_dagrun for football_etl to 2026-08-11 06:34:00+00:00, run_after=2026-08-11 06:36:00+00:00
[2026-08-11T06:34:14.604+0000] {processor.py:183} INFO - Processing /opt/airflow/dags/football_etl_dag.py took 0.283 seconds
[2026-08-11T06:34:44.801+0000] {processor.py:161} INFO - Started process (PID=201) to work on /opt/airflow/dags/football_etl_dag.py
[2026-08-11T06:34:44.803+0000] {processor.py:830} INFO - Processing file /opt/airflow/dags/football_etl_dag.py for tasks to queue
[2026-08-11T06:34:44.807+0000] {logging_mixin.py:188} INFO - [2026-08-11T06:34:44.806+0000] {dagbag.py:545} INFO - Filling up the DagBag from /opt/airflow/dags/football_etl_dag.py
[2026-08-11T06:34:44.830+0000] {processor.py:840} INFO - DAG(s) 'football_etl' retrieved from /opt/airflow/dags/football_etl_dag.py
[2026-08-11T06:34:44.872+0000] {logging_mixin.py:188} INFO - [2026-08-11T06:34:44.872+0000] {dag.py:3089} INFO - Sync 1 DAGs
[2026-08-11T06:34:44.904+0000] {logging_mixin.py:188} INFO - [2026-08-11T06:34:44.904+0000] {dag.py:3947} INFO - Setting next_dagrun for football_etl to 2026-08-11 06:34:00+00:00, run_after=2026-08-11 06:36:00+00:00
[2026-08-11T06:34:44.927+0000] {processor.py:183} INFO - Processing /opt/airflow/dags/football_etl_dag.py took 0.133 seconds
[2026-08-11T06:35:15.042+0000] {processor.py:161} INFO - Started process (PID=206) to work on /opt/airflow/dags/football_etl_dag.py
[2026-08-11T06:35:15.043+0000] {processor.py:830} INFO - Processing file /opt/airflow/dags/football_etl_dag.py for tasks to queue
[2026-08-11T06:35:15.045+0000] {logging_mixin.py:188} INFO - [2026-08-11T06:35:15.045+0000] {dagbag.py:545} INFO - Filling up the DagBag from /opt/airflow/dags/football_etl_dag.py
[2026-08-11T06:35:15.067+0000] {processor.py:840} INFO - DAG(s) 'football_etl' retrieved from /opt/airflow/dags/football_etl_dag.py
[2026-08-11T06:35:15.104+0000] {logging_mixin.py:188} INFO - [2026-08-11T06:35:15.103+0000] {dag.py:3089} INFO - Sync 1 DAGs
[2026-08-11T06:35:15.129+0000] {logging_mixin.py:188} INFO - [2026-08-11T06:35:15.129+0000] {dag.py:3947} INFO - Setting next_dagrun for football_etl to 2026-08-11 06:34:00+00:00, run_after=2026-08-11 06:36:00+00:00
[2026-08-11T06:35:15.150+0000] {processor.py:183} INFO - Processing /opt/airflow/dags/football_etl_dag.py took 0.114 seconds
[2026-08-11T06:35:45.454+0000] {processor.py:161} INFO - Started process (PID=211) to work on /opt/airflow/dags/football_etl_dag.py
[2026-08-11T06:35:45.456+0000] {processor.py:830} INFO - Processing file /opt/airflow/dags/football_etl_dag.py for tasks to queue
[2026-08-11T06:35:45.458+0000] {logging_mixin.py:188} INFO - [2026-08-11T06:35:45.458+0000] {dagbag.py:545} INFO - Filling up the DagBag from /opt/airflow/dags/football_etl_dag.py
[2026-08-11T06:35:45.483+0000] {processor.py:840} INFO - DAG(s) 'football_etl' retrieved from /opt/airflow/dags/football_etl_dag.py
[2026-08-11T06:35:45.521+0000] {logging_mixin.py:188} INFO - [2026-08-11T06:35:45.521+0000] {dag.py:3089} INFO - Sync 1 DAGs
[2026-08-11T06:35:45.549+0000] {logging_mixin.py:188} INFO - [2026-08-11T06:35:45.549+0000] {dag.py:3947} INFO - Setting next_dagrun for football_etl to 2026-08-11 06:34:00+00:00, run_after=2026-08-11 06:36:00+00:00
[2026-08-11T06:35:45.571+0000] {processor.py:183} INFO - Processing /opt/airflow/dags/football_etl_dag.py took 0.122 seconds
[2026-08-11T06:36:15.713+0000] {processor.py:161} INFO - Started process (PID=224) to work on /opt/airflow/dags/football_etl_dag.py
[2026-08-11T06:36:15.714+0000] {processor.py:830} INFO - Processing file /opt/airflow/dags/football_etl_dag.py for tasks to queue
[2026-08-11T06:36:15.719+0000] {logging_mixin.py:188} INFO - [2026-08-11T06:36:15.718+0000] {dagbag.py:545} INFO - Filling up the DagBag from /opt/airflow/dags/football_etl_dag.py
[2026-08-11T06:36:15.746+0000] {processor.py:840} INFO - DAG(s) 'football_etl' retrieved from /opt/airflow/dags/football_etl_dag.py
[2026-08-11T06:36:15.796+0000] {logging_mixin.py:188} INFO - [2026-08-11T06:36:15.795+0000] {dag.py:3089} INFO - Sync 1 DAGs
[2026-08-11T06:36:15.829+0000] {logging_mixin.py:188} INFO - [2026-08-11T06:36:15.829+0000] {dag.py:3947} INFO - Setting next_dagrun for football_etl to 2026-08-11 06:36:00+00:00, run_after=2026-08-11 06:38:00+00:00
[2026-08-11T06:36:15.861+0000] {processor.py:183} INFO - Processing /opt/airflow/dags/football_etl_dag.py took 0.158 seconds
[2026-08-11T06:36:46.057+0000] {processor.py:161} INFO - Started process (PID=229) to work on /opt/airflow/dags/football_etl_dag.py
[2026-08-11T06:36:46.058+0000] {processor.py:830} INFO - Processing file /opt/airflow/dags/football_etl_dag.py for tasks to queue
[2026-08-11T06:36:46.061+0000] {logging_mixin.py:188} INFO - [2026-08-11T06:36:46.060+0000] {dagbag.py:545} INFO - Filling up the DagBag from /opt/airflow/dags/football_etl_dag.py
[2026-08-11T06:36:46.083+0000] {processor.py:840} INFO - DAG(s) 'football_etl' retrieved from /opt/airflow/dags/football_etl_dag.py
[2026-08-11T06:36:46.115+0000] {logging_mixin.py:188} INFO - [2026-08-11T06:36:46.114+0000] {dag.py:3089} INFO - Sync 1 DAGs
[2026-08-11T06:36:46.140+0000] {logging_mixin.py:188} INFO - [2026-08-11T06:36:46.140+0000] {dag.py:3947} INFO - Setting next_dagrun for football_etl to 2026-08-11 06:36:00+00:00, run_after=2026-08-11 06:38:00+00:00
[2026-08-11T06:36:46.161+0000] {processor.py:183} INFO - Processing /opt/airflow/dags/football_etl_dag.py took 0.109 seconds
[2026-08-11T06:37:16.319+0000] {processor.py:161} INFO - Started process (PID=234) to work on /opt/airflow/dags/football_etl_dag.py
[2026-08-11T06:37:16.320+0000] {processor.py:830} INFO - Processing file /opt/airflow/dags/football_etl_dag.py for tasks to queue
[2026-08-11T06:37:16.323+0000] {logging_mixin.py:188} INFO - [2026-08-11T06:37:16.322+0000] {dagbag.py:545} INFO - Filling up the DagBag from /opt/airflow/dags/football_etl_dag.py
[2026-08-11T06:37:16.345+0000] {processor.py:840} INFO - DAG(s) 'football_etl' retrieved from /opt/airflow/dags/football_etl_dag.py
[2026-08-11T06:37:16.384+0000] {logging_mixin.py:188} INFO - [2026-08-11T06:37:16.384+0000] {dag.py:3089} INFO - Sync 1 DAGs
[2026-08-11T06:37:16.419+0000] {logging_mixin.py:188} INFO - [2026-08-11T06:37:16.419+0000] {dag.py:3947} INFO - Setting next_dagrun for football_etl to 2026-08-11 06:36:00+00:00, run_after=2026-08-11 06:38:00+00:00
[2026-08-11T06:37:16.447+0000] {processor.py:183} INFO - Processing /opt/airflow/dags/football_etl_dag.py took 0.134 seconds
[2026-08-11T06:37:46.603+0000] {processor.py:161} INFO - Started process (PID=239) to work on /opt/airflow/dags/football_etl_dag.py
[2026-08-11T06:37:46.605+0000] {processor.py:830} INFO - Processing file /opt/airflow/dags/football_etl_dag.py for tasks to queue
[2026-08-11T06:37:46.608+0000] {logging_mixin.py:188} INFO - [2026-08-11T06:37:46.607+0000] {dagbag.py:545} INFO - Filling up the DagBag from /opt/airflow/dags/football_etl_dag.py
[2026-08-11T06:37:46.632+0000] {processor.py:840} INFO - DAG(s) 'football_etl' retrieved from /opt/airflow/dags/football_etl_dag.py
[2026-08-11T06:37:46.670+0000] {logging_mixin.py:188} INFO - [2026-08-11T06:37:46.670+0000] {dag.py:3089} INFO - Sync 1 DAGs
[2026-08-11T06:37:46.698+0000] {logging_mixin.py:188} INFO - [2026-08-11T06:37:46.698+0000] {dag.py:3947} INFO - Setting next_dagrun for football_etl to 2026-08-11 06:36:00+00:00, run_after=2026-08-11 06:38:00+00:00
[2026-08-11T06:37:46.723+0000] {processor.py:183} INFO - Processing /opt/airflow/dags/football_etl_dag.py took 0.127 seconds
[2026-08-11T06:38:16.948+0000] {processor.py:161} INFO - Started process (PID=252) to work on /opt/airflow/dags/football_etl_dag.py
[2026-08-11T06:38:16.950+0000] {processor.py:830} INFO - Processing file /opt/airflow/dags/football_etl_dag.py for tasks to queue
[2026-08-11T06:38:16.952+0000] {logging_mixin.py:188} INFO - [2026-08-11T06:38:16.952+0000] {dagbag.py:545} INFO - Filling up the DagBag from /opt/airflow/dags/football_etl_dag.py
[2026-08-11T06:38:16.976+0000] {processor.py:840} INFO - DAG(s) 'football_etl' retrieved from /opt/airflow/dags/football_etl_dag.py
[2026-08-11T06:38:17.017+0000] {logging_mixin.py:188} INFO - [2026-08-11T06:38:17.017+0000] {dag.py:3089} INFO - Sync 1 DAGs
[2026-08-11T06:38:17.050+0000] {logging_mixin.py:188} INFO - [2026-08-11T06:38:17.050+0000] {dag.py:3947} INFO - Setting next_dagrun for football_etl to 2026-08-11 06:38:00+00:00, run_after=2026-08-11 06:40:00+00:00
[2026-08-11T06:38:17.075+0000] {processor.py:183} INFO - Processing /opt/airflow/dags/football_etl_dag.py took 0.133 seconds
[2026-08-11T06:38:47.224+0000] {processor.py:161} INFO - Started process (PID=257) to work on /opt/airflow/dags/football_etl_dag.py
[2026-08-11T06:38:47.227+0000] {processor.py:830} INFO - Processing file /opt/airflow/dags/football_etl_dag.py for tasks to queue
[2026-08-11T06:38:47.230+0000] {logging_mixin.py:188} INFO - [2026-08-11T06:38:47.230+0000] {dagbag.py:545} INFO - Filling up the DagBag from /opt/airflow/dags/football_etl_dag.py
[2026-08-11T06:38:47.272+0000] {processor.py:840} INFO - DAG(s) 'football_etl' retrieved from /opt/airflow/dags/football_etl_dag.py
[2026-08-11T06:38:47.387+0000] {logging_mixin.py:188} INFO - [2026-08-11T06:38:47.386+0000] {dag.py:3089} INFO - Sync 1 DAGs
[2026-08-11T06:38:47.477+0000] {logging_mixin.py:188} INFO - [2026-08-11T06:38:47.477+0000] {dag.py:3947} INFO - Setting next_dagrun for football_etl to 2026-08-11 06:38:00+00:00, run_after=2026-08-11 06:40:00+00:00
[2026-08-11T06:38:47.515+0000] {processor.py:183} INFO - Processing /opt/airflow/dags/football_etl_dag.py took 0.312 seconds
[2026-08-11T06:39:17.756+0000] {processor.py:161} INFO - Started process (PID=262) to work on /opt/airflow/dags/football_etl_dag.py
[2026-08-11T06:39:17.758+0000] {processor.py:830} INFO - Processing file /opt/airflow/dags/football_etl_dag.py for tasks to queue
[2026-08-11T06:39:17.761+0000] {logging_mixin.py:188} INFO - [2026-08-11T06:39:17.761+0000] {dagbag.py:545} INFO - Filling up the DagBag from /opt/airflow/dags/football_etl_dag.py
[2026-08-11T06:39:17.785+0000] {processor.py:840} INFO - DAG(s) 'football_etl' retrieved from /opt/airflow/dags/football_etl_dag.py
[2026-08-11T06:39:17.822+0000] {logging_mixin.py:188} INFO - [2026-08-11T06:39:17.822+0000] {dag.py:3089} INFO - Sync 1 DAGs
[2026-08-11T06:39:17.849+0000] {logging_mixin.py:188} INFO - [2026-08-11T06:39:17.849+0000] {dag.py:3947} INFO - Setting next_dagrun for football_etl to 2026-08-11 06:38:00+00:00, run_after=2026-08-11 06:40:00+00:00
[2026-08-11T06:39:17.871+0000] {processor.py:183} INFO - Processing /opt/airflow/dags/football_etl_dag.py took 0.121 seconds
[2026-08-11T06:39:48.024+0000] {processor.py:161} INFO - Started process (PID=267) to work on /opt/airflow/dags/football_etl_dag.py
[2026-08-11T06:39:48.026+0000] {processor.py:830} INFO - Processing file /opt/airflow/dags/football_etl_dag.py for tasks to queue
[2026-08-11T06:39:48.029+0000] {logging_mixin.py:188} INFO - [2026-08-11T06:39:48.029+0000] {dagbag.py:545} INFO - Filling up the DagBag from /opt/airflow/dags/football_etl_dag.py
[2026-08-11T06:39:48.071+0000] {processor.py:840} INFO - DAG(s) 'football_etl' retrieved from /opt/airflow/dags/football_etl_dag.py
[2026-08-11T06:39:48.139+0000] {logging_mixin.py:188} INFO - [2026-08-11T06:39:48.139+0000] {dag.py:3089} INFO - Sync 1 DAGs
[2026-08-11T06:39:48.169+0000] {logging_mixin.py:188} INFO - [2026-08-11T06:39:48.169+0000] {dag.py:3947} INFO - Setting next_dagrun for football_etl to 2026-08-11 06:38:00+00:00, run_after=2026-08-11 06:40:00+00:00
[2026-08-11T06:39:48.189+0000] {processor.py:183} INFO - Processing /opt/airflow/dags/football_etl_dag.py took 0.177 seconds
[2026-08-11T06:40:18.260+0000] {processor.py:161} INFO - Started process (PID=280) to work on /opt/airflow/dags/football_etl_dag.py
[2026-08-11T06:40:18.261+0000] {processor.py:830} INFO - Processing file /opt/airflow/dags/football_etl_dag.py for tasks to queue
[2026-08-11T06:40:18.264+0000] {logging_mixin.py:188} INFO - [2026-08-11T06:40:18.264+0000] {dagbag.py:545} INFO - Filling up the DagBag from /opt/airflow/dags/football_etl_dag.py
[2026-08-11T06:40:18.288+0000] {processor.py:840} INFO - DAG(s) 'football_etl' retrieved from /opt/airflow/dags/football_etl_dag.py
[2026-08-11T06:40:18.329+0000] {logging_mixin.py:188} INFO - [2026-08-11T06:40:18.329+0000] {dag.py:3089} INFO - Sync 1 DAGs
[2026-08-11T06:40:18.359+0000] {logging_mixin.py:188} INFO - [2026-08-11T06:40:18.359+0000] {dag.py:3947} INFO - Setting next_dagrun for football_etl to 2026-08-11 06:40:00+00:00, run_after=2026-08-11 06:42:00+00:00
[2026-08-11T06:40:18.380+0000] {processor.py:183} INFO - Processing /opt/airflow/dags/football_etl_dag.py took 0.128 seconds
[2026-08-11T06:40:48.579+0000] {processor.py:161} INFO - Started process (PID=285) to work on /opt/airflow/dags/football_etl_dag.py
[2026-08-11T06:40:48.580+0000] {processor.py:830} INFO - Processing file /opt/airflow/dags/football_etl_dag.py for tasks to queue
[2026-08-11T06:40:48.583+0000] {logging_mixin.py:188} INFO - [2026-08-11T06:40:48.582+0000] {dagbag.py:545} INFO - Filling up the DagBag from /opt/airflow/dags/football_etl_dag.py
[2026-08-11T06:40:48.606+0000] {processor.py:840} INFO - DAG(s) 'football_etl' retrieved from /opt/airflow/dags/football_etl_dag.py
[2026-08-11T06:40:48.639+0000] {logging_mixin.py:188} INFO - [2026-08-11T06:40:48.639+0000] {dag.py:3089} INFO - Sync 1 DAGs
[2026-08-11T06:40:48.663+0000] {logging_mixin.py:188} INFO - [2026-08-11T06:40:48.663+0000] {dag.py:3947} INFO - Setting next_dagrun for football_etl to 2026-08-11 06:40:00+00:00, run_after=2026-08-11 06:42:00+00:00
[2026-08-11T06:40:48.684+0000] {processor.py:183} INFO - Processing /opt/airflow/dags/football_etl_dag.py took 0.110 seconds
[2026-08-11T06:41:18.818+0000] {processor.py:161} INFO - Started process (PID=290) to work on /opt/airflow/dags/football_etl_dag.py
[2026-08-11T06:41:18.820+0000] {processor.py:830} INFO - Processing file /opt/airflow/dags/football_etl_dag.py for tasks to queue
[2026-08-11T06:41:18.822+0000] {logging_mixin.py:188} INFO - [2026-08-11T06:41:18.822+0000] {dagbag.py:545} INFO - Filling up the DagBag from /opt/airflow/dags/football_etl_dag.py
[2026-08-11T06:41:18.846+0000] {processor.py:840} INFO - DAG(s) 'football_etl' retrieved from /opt/airflow/dags/football_etl_dag.py
[2026-08-11T06:41:18.878+0000] {logging_mixin.py:188} INFO - [2026-08-11T06:41:18.878+0000] {dag.py:3089} INFO - Sync 1 DAGs
[2026-08-11T06:41:18.908+0000] {logging_mixin.py:188} INFO - [2026-08-11T06:41:18.908+0000] {dag.py:3947} INFO - Setting next_dagrun for football_etl to 2026-08-11 06:40:00+00:00, run_after=2026-08-11 06:42:00+00:00
[2026-08-11T06:41:18.932+0000] {processor.py:183} INFO - Processing /opt/airflow/dags/football_etl_dag.py took 0.120 seconds
[2026-08-11T06:41:49.158+0000] {processor.py:161} INFO - Started process (PID=295) to work on /opt/airflow/dags/football_etl_dag.py
[2026-08-11T06:41:49.160+0000] {processor.py:830} INFO - Processing file /opt/airflow/dags/football_etl_dag.py for tasks to queue
[2026-08-11T06:41:49.164+0000] {logging_mixin.py:188} INFO - [2026-08-11T06:41:49.163+0000] {dagbag.py:545} INFO - Filling up the DagBag from /opt/airflow/dags/football_etl_dag.py
[2026-08-11T06:41:49.196+0000] {processor.py:840} INFO - DAG(s) 'football_etl' retrieved from /opt/airflow/dags/football_etl_dag.py
[2026-08-11T06:41:49.247+0000] {logging_mixin.py:188} INFO - [2026-08-11T06:41:49.246+0000] {dag.py:3089} INFO - Sync 1 DAGs
[2026-08-11T06:41:49.288+0000] {logging_mixin.py:188} INFO - [2026-08-11T06:41:49.288+0000] {dag.py:3947} INFO - Setting next_dagrun for football_etl to 2026-08-11 06:40:00+00:00, run_after=2026-08-11 06:42:00+00:00
[2026-08-11T06:41:49.312+0000] {processor.py:183} INFO - Processing /opt/airflow/dags/football_etl_dag.py took 0.162 seconds
[2026-08-11T06:42:19.551+0000] {processor.py:161} INFO - Started process (PID=308) to work on /opt/airflow/dags/football_etl_dag.py
[2026-08-11T06:42:19.557+0000] {processor.py:830} INFO - Processing file /opt/airflow/dags/football_etl_dag.py for tasks to queue
[2026-08-11T06:42:19.574+0000] {logging_mixin.py:188} INFO - [2026-08-11T06:42:19.573+0000] {dagbag.py:545} INFO - Filling up the DagBag from /opt/airflow/dags/football_etl_dag.py
[2026-08-11T06:42:19.619+0000] {processor.py:840} INFO - DAG(s) 'football_etl' retrieved from /opt/airflow/dags/football_etl_dag.py
[2026-08-11T06:42:19.680+0000] {logging_mixin.py:188} INFO - [2026-08-11T06:42:19.679+0000] {dag.py:3089} INFO - Sync 1 DAGs
[2026-08-11T06:42:19.728+0000] {logging_mixin.py:188} INFO - [2026-08-11T06:42:19.727+0000] {dag.py:3947} INFO - Setting next_dagrun for football_etl to 2026-08-11 06:42:00+00:00, run_after=2026-08-11 06:44:00+00:00
[2026-08-11T06:42:19.755+0000] {processor.py:183} INFO - Processing /opt/airflow/dags/football_etl_dag.py took 0.226 seconds
[2026-08-11T06:42:50.023+0000] {processor.py:161} INFO - Started process (PID=313) to work on /opt/airflow/dags/football_etl_dag.py
[2026-08-11T06:42:50.025+0000] {processor.py:830} INFO - Processing file /opt/airflow/dags/football_etl_dag.py for tasks to queue
[2026-08-11T06:42:50.028+0000] {logging_mixin.py:188} INFO - [2026-08-11T06:42:50.028+0000] {dagbag.py:545} INFO - Filling up the DagBag from /opt/airflow/dags/football_etl_dag.py
[2026-08-11T06:42:50.057+0000] {processor.py:840} INFO - DAG(s) 'football_etl' retrieved from /opt/airflow/dags/football_etl_dag.py
[2026-08-11T06:42:50.102+0000] {logging_mixin.py:188} INFO - [2026-08-11T06:42:50.102+0000] {dag.py:3089} INFO - Sync 1 DAGs
[2026-08-11T06:42:50.135+0000] {logging_mixin.py:188} INFO - [2026-08-11T06:42:50.135+0000] {dag.py:3947} INFO - Setting next_dagrun for football_etl to 2026-08-11 06:42:00+00:00, run_after=2026-08-11 06:44:00+00:00
[2026-08-11T06:42:50.158+0000] {processor.py:183} INFO - Processing /opt/airflow/dags/football_etl_dag.py took 0.144 seconds
[2026-08-11T06:43:20.220+0000] {processor.py:161} INFO - Started process (PID=318) to work on /opt/airflow/dags/football_etl_dag.py
[2026-08-11T06:43:20.222+0000] {processor.py:830} INFO - Processing file /opt/airflow/dags/football_etl_dag.py for tasks to queue
[2026-08-11T06:43:20.225+0000] {logging_mixin.py:188} INFO - [2026-08-11T06:43:20.225+0000] {dagbag.py:545} INFO - Filling up the DagBag from /opt/airflow/dags/football_etl_dag.py
[2026-08-11T06:43:20.252+0000] {processor.py:840} INFO - DAG(s) 'football_etl' retrieved from /opt/airflow/dags/football_etl_dag.py
[2026-08-11T06:43:20.314+0000] {logging_mixin.py:188} INFO - [2026-08-11T06:43:20.314+0000] {dag.py:3089} INFO - Sync 1 DAGs
[2026-08-11T06:43:20.364+0000] {logging_mixin.py:188} INFO - [2026-08-11T06:43:20.363+0000] {dag.py:3947} INFO - Setting next_dagrun for football_etl to 2026-08-11 06:42:00+00:00, run_after=2026-08-11 06:44:00+00:00
[2026-08-11T06:43:20.420+0000] {processor.py:183} INFO - Processing /opt/airflow/dags/football_etl_dag.py took 0.209 seconds
[2026-08-11T06:43:50.584+0000] {processor.py:161} INFO - Started process (PID=323) to work on /opt/airflow/dags/football_etl_dag.py
[2026-08-11T06:43:50.586+0000] {processor.py:830} INFO - Processing file /opt/airflow/dags/football_etl_dag.py for tasks to queue
[2026-08-11T06:43:50.588+0000] {logging_mixin.py:188} INFO - [2026-08-11T06:43:50.588+0000] {dagbag.py:545} INFO - Filling up the DagBag from /opt/airflow/dags/football_etl_dag.py
[2026-08-11T06:43:50.617+0000] {processor.py:840} INFO - DAG(s) 'football_etl' retrieved from /opt/airflow/dags/football_etl_dag.py
[2026-08-11T06:43:50.658+0000] {logging_mixin.py:188} INFO - [2026-08-11T06:43:50.658+0000] {dag.py:3089} INFO - Sync 1 DAGs
[2026-08-11T06:43:50.689+0000] {logging_mixin.py:188} INFO - [2026-08-11T06:43:50.689+0000] {dag.py:3947} INFO - Setting next_dagrun for football_etl to 2026-08-11 06:42:00+00:00, run_after=2026-08-11 06:44:00+00:00
[2026-08-11T06:43:50.715+0000] {processor.py:183} INFO - Processing /opt/airflow/dags/football_etl_dag.py took 0.137 seconds
[2026-08-11T06:44:20.841+0000] {processor.py:161} INFO - Started process (PID=336) to work on /opt/airflow/dags/football_etl_dag.py
[2026-08-11T06:44:20.844+0000] {processor.py:830} INFO - Processing file /opt/airflow/dags/football_etl_dag.py for tasks to queue
[2026-08-11T06:44:20.848+0000] {logging_mixin.py:188} INFO - [2026-08-11T06:44:20.847+0000] {dagbag.py:545} INFO - Filling up the DagBag from /opt/airflow/dags/football_etl_dag.py
[2026-08-11T06:44:20.882+0000] {processor.py:840} INFO - DAG(s) 'football_etl' retrieved from /opt/airflow/dags/football_etl_dag.py
[2026-08-11T06:44:20.938+0000] {logging_mixin.py:188} INFO - [2026-08-11T06:44:20.938+0000] {dag.py:3089} INFO - Sync 1 DAGs
[2026-08-11T06:44:20.991+0000] {logging_mixin.py:188} INFO - [2026-08-11T06:44:20.991+0000] {dag.py:3947} INFO - Setting next_dagrun for football_etl to 2026-08-11 06:44:00+00:00, run_after=2026-08-11 06:46:00+00:00
[2026-08-11T06:44:21.028+0000] {processor.py:183} INFO - Processing /opt/airflow/dags/football_etl_dag.py took 0.205 seconds
[2026-08-11T06:44:51.123+0000] {processor.py:161} INFO - Started process (PID=341) to work on /opt/airflow/dags/football_etl_dag.py
[2026-08-11T06:44:51.125+0000] {processor.py:830} INFO - Processing file /opt/airflow/dags/football_etl_dag.py for tasks to queue
[2026-08-11T06:44:51.127+0000] {logging_mixin.py:188} INFO - [2026-08-11T06:44:51.127+0000] {dagbag.py:545} INFO - Filling up the DagBag from /opt/airflow/dags/football_etl_dag.py
[2026-08-11T06:44:51.150+0000] {processor.py:840} INFO - DAG(s) 'football_etl' retrieved from /opt/airflow/dags/football_etl_dag.py
[2026-08-11T06:44:51.201+0000] {logging_mixin.py:188} INFO - [2026-08-11T06:44:51.200+0000] {dag.py:3089} INFO - Sync 1 DAGs
[2026-08-11T06:44:51.230+0000] {logging_mixin.py:188} INFO - [2026-08-11T06:44:51.230+0000] {dag.py:3947} INFO - Setting next_dagrun for football_etl to 2026-08-11 06:44:00+00:00, run_after=2026-08-11 06:46:00+00:00
[2026-08-11T06:44:51.255+0000] {processor.py:183} INFO - Processing /opt/airflow/dags/football_etl_dag.py took 0.139 seconds
[2026-08-11T06:45:21.415+0000] {processor.py:161} INFO - Started process (PID=362) to work on /opt/airflow/dags/football_etl_dag.py
[2026-08-11T06:45:21.418+0000] {processor.py:830} INFO - Processing file /opt/airflow/dags/football_etl_dag.py for tasks to queue
[2026-08-11T06:45:21.424+0000] {logging_mixin.py:188} INFO - [2026-08-11T06:45:21.423+0000] {dagbag.py:545} INFO - Filling up the DagBag from /opt/airflow/dags/football_etl_dag.py
[2026-08-11T06:45:21.472+0000] {processor.py:840} INFO - DAG(s) 'football_etl' retrieved from /opt/airflow/dags/football_etl_dag.py
[2026-08-11T06:45:21.544+0000] {logging_mixin.py:188} INFO - [2026-08-11T06:45:21.543+0000] {dag.py:3089} INFO - Sync 1 DAGs
[2026-08-11T06:45:21.599+0000] {logging_mixin.py:188} INFO - [2026-08-11T06:45:21.599+0000] {dag.py:3947} INFO - Setting next_dagrun for football_etl to 2026-08-11 06:44:00+00:00, run_after=2026-08-11 06:46:00+00:00
[2026-08-11T06:45:21.660+0000] {processor.py:183} INFO - Processing /opt/airflow/dags/football_etl_dag.py took 0.261 seconds
[2026-08-11T06:45:51.936+0000] {processor.py:161} INFO - Started process (PID=367) to work on /opt/airflow/dags/football_etl_dag.py
[2026-08-11T06:45:51.938+0000] {processor.py:830} INFO - Processing file /opt/airflow/dags/football_etl_dag.py for tasks to queue
[2026-08-11T06:45:51.942+0000] {logging_mixin.py:188} INFO - [2026-08-11T06:45:51.941+0000] {dagbag.py:545} INFO - Filling up the DagBag from /opt/airflow/dags/football_etl_dag.py
[2026-08-11T06:45:51.976+0000] {processor.py:840} INFO - DAG(s) 'football_etl' retrieved from /opt/airflow/dags/football_etl_dag.py
[2026-08-11T06:45:52.033+0000] {logging_mixin.py:188} INFO - [2026-08-11T06:45:52.033+0000] {dag.py:3089} INFO - Sync 1 DAGs
[2026-08-11T06:45:52.079+0000] {logging_mixin.py:188} INFO - [2026-08-11T06:45:52.078+0000] {dag.py:3947} INFO - Setting next_dagrun for football_etl to 2026-08-11 06:44:00+00:00, run_after=2026-08-11 06:46:00+00:00
[2026-08-11T06:45:52.105+0000] {processor.py:183} INFO - Processing /opt/airflow/dags/football_etl_dag.py took 0.176 seconds
[2026-08-11T06:46:22.531+0000] {processor.py:161} INFO - Started process (PID=380) to work on /opt/airflow/dags/football_etl_dag.py
[2026-08-11T06:46:22.539+0000] {processor.py:830} INFO - Processing file /opt/airflow/dags/football_etl_dag.py for tasks to queue
[2026-08-11T06:46:22.566+0000] {logging_mixin.py:188} INFO - [2026-08-11T06:46:22.559+0000] {dagbag.py:545} INFO - Filling up the DagBag from /opt/airflow/dags/football_etl_dag.py
[2026-08-11T06:46:22.722+0000] {processor.py:840} INFO - DAG(s) 'football_etl' retrieved from /opt/airflow/dags/football_etl_dag.py
[2026-08-11T06:46:22.930+0000] {logging_mixin.py:188} INFO - [2026-08-11T06:46:22.929+0000] {dag.py:3089} INFO - Sync 1 DAGs
[2026-08-11T06:46:23.126+0000] {logging_mixin.py:188} INFO - [2026-08-11T06:46:23.125+0000] {dag.py:3947} INFO - Setting next_dagrun for football_etl to 2026-08-11 06:46:00+00:00, run_after=2026-08-11 06:48:00+00:00
[2026-08-11T06:46:23.257+0000] {processor.py:183} INFO - Processing /opt/airflow/dags/football_etl_dag.py took 0.781 seconds
[2026-08-11T06:46:53.622+0000] {processor.py:161} INFO - Started process (PID=385) to work on /opt/airflow/dags/football_etl_dag.py
[2026-08-11T06:46:53.626+0000] {processor.py:830} INFO - Processing file /opt/airflow/dags/football_etl_dag.py for tasks to queue
[2026-08-11T06:46:53.630+0000] {logging_mixin.py:188} INFO - [2026-08-11T06:46:53.630+0000] {dagbag.py:545} INFO - Filling up the DagBag from /opt/airflow/dags/football_etl_dag.py
[2026-08-11T06:46:53.671+0000] {processor.py:840} INFO - DAG(s) 'football_etl' retrieved from /opt/airflow/dags/football_etl_dag.py
[2026-08-11T06:46:53.739+0000] {logging_mixin.py:188} INFO - [2026-08-11T06:46:53.739+0000] {dag.py:3089} INFO - Sync 1 DAGs
[2026-08-11T06:46:53.796+0000] {logging_mixin.py:188} INFO - [2026-08-11T06:46:53.796+0000] {dag.py:3947} INFO - Setting next_dagrun for football_etl to 2026-08-11 06:46:00+00:00, run_after=2026-08-11 06:48:00+00:00
[2026-08-11T06:46:53.831+0000] {processor.py:183} INFO - Processing /opt/airflow/dags/football_etl_dag.py took 0.226 seconds
[2026-08-11T06:47:24.094+0000] {processor.py:161} INFO - Started process (PID=390) to work on /opt/airflow/dags/football_etl_dag.py
[2026-08-11T06:47:24.095+0000] {processor.py:830} INFO - Processing file /opt/airflow/dags/football_etl_dag.py for tasks to queue
[2026-08-11T06:47:24.098+0000] {logging_mixin.py:188} INFO - [2026-08-11T06:47:24.098+0000] {dagbag.py:545} INFO - Filling up the DagBag from /opt/airflow/dags/football_etl_dag.py
[2026-08-11T06:47:24.126+0000] {processor.py:840} INFO - DAG(s) 'football_etl' retrieved from /opt/airflow/dags/football_etl_dag.py
[2026-08-11T06:47:24.168+0000] {logging_mixin.py:188} INFO - [2026-08-11T06:47:24.168+0000] {dag.py:3089} INFO - Sync 1 DAGs
[2026-08-11T06:47:24.198+0000] {logging_mixin.py:188} INFO - [2026-08-11T06:47:24.197+0000] {dag.py:3947} INFO - Setting next_dagrun for football_etl to 2026-08-11 06:46:00+00:00, run_after=2026-08-11 06:48:00+00:00
[2026-08-11T06:47:24.221+0000] {processor.py:183} INFO - Processing /opt/airflow/dags/football_etl_dag.py took 0.135 seconds
[2026-08-11T06:47:54.360+0000] {processor.py:161} INFO - Started process (PID=395) to work on /opt/airflow/dags/football_etl_dag.py
[2026-08-11T06:47:54.362+0000] {processor.py:830} INFO - Processing file /opt/airflow/dags/football_etl_dag.py for tasks to queue
[2026-08-11T06:47:54.364+0000] {logging_mixin.py:188} INFO - [2026-08-11T06:47:54.364+0000] {dagbag.py:545} INFO - Filling up the DagBag from /opt/airflow/dags/football_etl_dag.py
[2026-08-11T06:47:54.391+0000] {processor.py:840} INFO - DAG(s) 'football_etl' retrieved from /opt/airflow/dags/football_etl_dag.py
[2026-08-11T06:47:54.433+0000] {logging_mixin.py:188} INFO - [2026-08-11T06:47:54.433+0000] {dag.py:3089} INFO - Sync 1 DAGs
[2026-08-11T06:47:54.461+0000] {logging_mixin.py:188} INFO - [2026-08-11T06:47:54.461+0000] {dag.py:3947} INFO - Setting next_dagrun for football_etl to 2026-08-11 06:46:00+00:00, run_after=2026-08-11 06:48:00+00:00
[2026-08-11T06:47:54.484+0000] {processor.py:183} INFO - Processing /opt/airflow/dags/football_etl_dag.py took 0.130 seconds
[2026-08-11T06:48:24.667+0000] {processor.py:161} INFO - Started process (PID=408) to work on /opt/airflow/dags/football_etl_dag.py
[2026-08-11T06:48:24.669+0000] {processor.py:830} INFO - Processing file /opt/airflow/dags/football_etl_dag.py for tasks to queue
[2026-08-11T06:48:24.672+0000] {logging_mixin.py:188} INFO - [2026-08-11T06:48:24.672+0000] {dagbag.py:545} INFO - Filling up the DagBag from /opt/airflow/dags/football_etl_dag.py
[2026-08-11T06:48:24.703+0000] {processor.py:840} INFO - DAG(s) 'football_etl' retrieved from /opt/airflow/dags/football_etl_dag.py
[2026-08-11T06:48:24.749+0000] {logging_mixin.py:188} INFO - [2026-08-11T06:48:24.749+0000] {dag.py:3089} INFO - Sync 1 DAGs
[2026-08-11T06:48:24.784+0000] {logging_mixin.py:188} INFO - [2026-08-11T06:48:24.784+0000] {dag.py:3947} INFO - Setting next_dagrun for football_etl to 2026-08-11 06:48:00+00:00, run_after=2026-08-11 06:50:00+00:00
[2026-08-11T06:48:24.808+0000] {processor.py:183} INFO - Processing /opt/airflow/dags/football_etl_dag.py took 0.152 seconds
[2026-08-11T06:48:54.996+0000] {processor.py:161} INFO - Started process (PID=413) to work on /opt/airflow/dags/football_etl_dag.py
[2026-08-11T06:48:54.998+0000] {processor.py:830} INFO - Processing file /opt/airflow/dags/football_etl_dag.py for tasks to queue
[2026-08-11T06:48:55.001+0000] {logging_mixin.py:188} INFO - [2026-08-11T06:48:55.001+0000] {dagbag.py:545} INFO - Filling up the DagBag from /opt/airflow/dags/football_etl_dag.py
[2026-08-11T06:48:55.025+0000] {processor.py:840} INFO - DAG(s) 'football_etl' retrieved from /opt/airflow/dags/football_etl_dag.py
[2026-08-11T06:48:55.065+0000] {logging_mixin.py:188} INFO - [2026-08-11T06:48:55.065+0000] {dag.py:3089} INFO - Sync 1 DAGs
[2026-08-11T06:48:55.094+0000] {logging_mixin.py:188} INFO - [2026-08-11T06:48:55.094+0000] {dag.py:3947} INFO - Setting next_dagrun for football_etl to 2026-08-11 06:48:00+00:00, run_after=2026-08-11 06:50:00+00:00
[2026-08-11T06:48:55.119+0000] {processor.py:183} INFO - Processing /opt/airflow/dags/football_etl_dag.py took 0.129 seconds
[2026-08-11T06:49:25.270+0000] {processor.py:161} INFO - Started process (PID=418) to work on /opt/airflow/dags/football_etl_dag.py
[2026-08-11T06:49:25.272+0000] {processor.py:830} INFO - Processing file /opt/airflow/dags/football_etl_dag.py for tasks to queue
[2026-08-11T06:49:25.275+0000] {logging_mixin.py:188} INFO - [2026-08-11T06:49:25.274+0000] {dagbag.py:545} INFO - Filling up the DagBag from /opt/airflow/dags/football_etl_dag.py
[2026-08-11T06:49:25.301+0000] {processor.py:840} INFO - DAG(s) 'football_etl' retrieved from /opt/airflow/dags/football_etl_dag.py
[2026-08-11T06:49:25.344+0000] {logging_mixin.py:188} INFO - [2026-08-11T06:49:25.344+0000] {dag.py:3089} INFO - Sync 1 DAGs
[2026-08-11T06:49:25.375+0000] {logging_mixin.py:188} INFO - [2026-08-11T06:49:25.375+0000] {dag.py:3947} INFO - Setting next_dagrun for football_etl to 2026-08-11 06:48:00+00:00, run_after=2026-08-11 06:50:00+00:00
[2026-08-11T06:49:25.398+0000] {processor.py:183} INFO - Processing /opt/airflow/dags/football_etl_dag.py took 0.136 seconds
[2026-08-11T06:49:55.497+0000] {processor.py:161} INFO - Started process (PID=423) to work on /opt/airflow/dags/football_etl_dag.py
[2026-08-11T06:49:55.498+0000] {processor.py:830} INFO - Processing file /opt/airflow/dags/football_etl_dag.py for tasks to queue
[2026-08-11T06:49:55.501+0000] {logging_mixin.py:188} INFO - [2026-08-11T06:49:55.501+0000] {dagbag.py:545} INFO - Filling up the DagBag from /opt/airflow/dags/football_etl_dag.py
[2026-08-11T06:49:55.525+0000] {processor.py:840} INFO - DAG(s) 'football_etl' retrieved from /opt/airflow/dags/football_etl_dag.py
[2026-08-11T06:49:55.570+0000] {logging_mixin.py:188} INFO - [2026-08-11T06:49:55.570+0000] {dag.py:3089} INFO - Sync 1 DAGs
[2026-08-11T06:49:55.601+0000] {logging_mixin.py:188} INFO - [2026-08-11T06:49:55.601+0000] {dag.py:3947} INFO - Setting next_dagrun for football_etl to 2026-08-11 06:48:00+00:00, run_after=2026-08-11 06:50:00+00:00
[2026-08-11T06:49:55.628+0000] {processor.py:183} INFO - Processing /opt/airflow/dags/football_etl_dag.py took 0.139 seconds
[2026-08-11T06:50:25.762+0000] {processor.py:161} INFO - Started process (PID=436) to work on /opt/airflow/dags/football_etl_dag.py
[2026-08-11T06:50:25.764+0000] {processor.py:830} INFO - Processing file /opt/airflow/dags/football_etl_dag.py for tasks to queue
[2026-08-11T06:50:25.767+0000] {logging_mixin.py:188} INFO - [2026-08-11T06:50:25.767+0000] {dagbag.py:545} INFO - Filling up the DagBag from /opt/airflow/dags/football_etl_dag.py
[2026-08-11T06:50:25.794+0000] {processor.py:840} INFO - DAG(s) 'football_etl' retrieved from /opt/airflow/dags/football_etl_dag.py
[2026-08-11T06:50:25.842+0000] {logging_mixin.py:188} INFO - [2026-08-11T06:50:25.841+0000] {dag.py:3089} INFO - Sync 1 DAGs
[2026-08-11T06:50:25.884+0000] {logging_mixin.py:188} INFO - [2026-08-11T06:50:25.884+0000] {dag.py:3947} INFO - Setting next_dagrun for football_etl to 2026-08-11 06:50:00+00:00, run_after=2026-08-11 06:52:00+00:00
[2026-08-11T06:50:25.917+0000] {processor.py:183} INFO - Processing /opt/airflow/dags/football_etl_dag.py took 0.167 seconds
[2026-08-11T06:50:56.014+0000] {processor.py:161} INFO - Started process (PID=441) to work on /opt/airflow/dags/football_etl_dag.py
[2026-08-11T06:50:56.016+0000] {processor.py:830} INFO - Processing file /opt/airflow/dags/football_etl_dag.py for tasks to queue
[2026-08-11T06:50:56.019+0000] {logging_mixin.py:188} INFO - [2026-08-11T06:50:56.018+0000] {dagbag.py:545} INFO - Filling up the DagBag from /opt/airflow/dags/football_etl_dag.py
[2026-08-11T06:50:56.045+0000] {processor.py:840} INFO - DAG(s) 'football_etl' retrieved from /opt/airflow/dags/football_etl_dag.py
[2026-08-11T06:50:56.089+0000] {logging_mixin.py:188} INFO - [2026-08-11T06:50:56.088+0000] {dag.py:3089} INFO - Sync 1 DAGs
[2026-08-11T06:50:56.121+0000] {logging_mixin.py:188} INFO - [2026-08-11T06:50:56.121+0000] {dag.py:3947} INFO - Setting next_dagrun for football_etl to 2026-08-11 06:50:00+00:00, run_after=2026-08-11 06:52:00+00:00
[2026-08-11T06:50:56.150+0000] {processor.py:183} INFO - Processing /opt/airflow/dags/football_etl_dag.py took 0.145 seconds
[2026-08-11T06:51:26.239+0000] {processor.py:161} INFO - Started process (PID=446) to work on /opt/airflow/dags/football_etl_dag.py
[2026-08-11T06:51:26.241+0000] {processor.py:830} INFO - Processing file /opt/airflow/dags/football_etl_dag.py for tasks to queue
[2026-08-11T06:51:26.244+0000] {logging_mixin.py:188} INFO - [2026-08-11T06:51:26.244+0000] {dagbag.py:545} INFO - Filling up the DagBag from /opt/airflow/dags/football_etl_dag.py
[2026-08-11T06:51:26.274+0000] {processor.py:840} INFO - DAG(s) 'football_etl' retrieved from /opt/airflow/dags/football_etl_dag.py
[2026-08-11T06:51:26.316+0000] {logging_mixin.py:188} INFO - [2026-08-11T06:51:26.316+0000] {dag.py:3089} INFO - Sync 1 DAGs
[2026-08-11T06:51:26.346+0000] {logging_mixin.py:188} INFO - [2026-08-11T06:51:26.345+0000] {dag.py:3947} INFO - Setting next_dagrun for football_etl to 2026-08-11 06:50:00+00:00, run_after=2026-08-11 06:52:00+00:00
[2026-08-11T06:51:26.370+0000] {processor.py:183} INFO - Processing /opt/airflow/dags/football_etl_dag.py took 0.140 seconds
[2026-08-11T06:51:56.469+0000] {processor.py:161} INFO - Started process (PID=451) to work on /opt/airflow/dags/football_etl_dag.py
[2026-08-11T06:51:56.470+0000] {processor.py:830} INFO - Processing file /opt/airflow/dags/football_etl_dag.py for tasks to queue
[2026-08-11T06:51:56.473+0000] {logging_mixin.py:188} INFO - [2026-08-11T06:51:56.473+0000] {dagbag.py:545} INFO - Filling up the DagBag from /opt/airflow/dags/football_etl_dag.py
[2026-08-11T06:51:56.500+0000] {processor.py:840} INFO - DAG(s) 'football_etl' retrieved from /opt/airflow/dags/football_etl_dag.py
[2026-08-11T06:51:56.542+0000] {logging_mixin.py:188} INFO - [2026-08-11T06:51:56.541+0000] {dag.py:3089} INFO - Sync 1 DAGs
[2026-08-11T06:51:56.574+0000] {logging_mixin.py:188} INFO - [2026-08-11T06:51:56.573+0000] {dag.py:3947} INFO - Setting next_dagrun for football_etl to 2026-08-11 06:50:00+00:00, run_after=2026-08-11 06:52:00+00:00
[2026-08-11T06:51:56.600+0000] {processor.py:183} INFO - Processing /opt/airflow/dags/football_etl_dag.py took 0.138 seconds
[2026-08-11T06:52:26.933+0000] {processor.py:161} INFO - Started process (PID=464) to work on /opt/airflow/dags/football_etl_dag.py
[2026-08-11T06:52:26.939+0000] {processor.py:830} INFO - Processing file /opt/airflow/dags/football_etl_dag.py for tasks to queue
[2026-08-11T06:52:26.954+0000] {logging_mixin.py:188} INFO - [2026-08-11T06:52:26.951+0000] {dagbag.py:545} INFO - Filling up the DagBag from /opt/airflow/dags/football_etl_dag.py
[2026-08-11T06:52:27.095+0000] {processor.py:840} INFO - DAG(s) 'football_etl' retrieved from /opt/airflow/dags/football_etl_dag.py
[2026-08-11T06:52:27.290+0000] {logging_mixin.py:188} INFO - [2026-08-11T06:52:27.288+0000] {dag.py:3089} INFO - Sync 1 DAGs
[2026-08-11T06:52:27.472+0000] {logging_mixin.py:188} INFO - [2026-08-11T06:52:27.471+0000] {dag.py:3947} INFO - Setting next_dagrun for football_etl to 2026-08-11 06:52:00+00:00, run_after=2026-08-11 06:54:00+00:00
[2026-08-11T06:52:27.603+0000] {processor.py:183} INFO - Processing /opt/airflow/dags/football_etl_dag.py took 0.705 seconds
[2026-08-11T06:52:57.925+0000] {processor.py:161} INFO - Started process (PID=469) to work on /opt/airflow/dags/football_etl_dag.py
[2026-08-11T06:52:57.927+0000] {processor.py:830} INFO - Processing file /opt/airflow/dags/football_etl_dag.py for tasks to queue
[2026-08-11T06:52:57.934+0000] {logging_mixin.py:188} INFO - [2026-08-11T06:52:57.933+0000] {dagbag.py:545} INFO - Filling up the DagBag from /opt/airflow/dags/football_etl_dag.py
[2026-08-11T06:52:57.961+0000] {processor.py:840} INFO - DAG(s) 'football_etl' retrieved from /opt/airflow/dags/football_etl_dag.py
[2026-08-11T06:52:58.002+0000] {logging_mixin.py:188} INFO - [2026-08-11T06:52:58.001+0000] {dag.py:3089} INFO - Sync 1 DAGs
[2026-08-11T06:52:58.033+0000] {logging_mixin.py:188} INFO - [2026-08-11T06:52:58.033+0000] {dag.py:3947} INFO - Setting next_dagrun for football_etl to 2026-08-11 06:52:00+00:00, run_after=2026-08-11 06:54:00+00:00
[2026-08-11T06:52:58.057+0000] {processor.py:183} INFO - Processing /opt/airflow/dags/football_etl_dag.py took 0.141 seconds
[2026-08-11T06:53:28.131+0000] {processor.py:161} INFO - Started process (PID=474) to work on /opt/airflow/dags/football_etl_dag.py
[2026-08-11T06:53:28.133+0000] {processor.py:830} INFO - Processing file /opt/airflow/dags/football_etl_dag.py for tasks to queue
[2026-08-11T06:53:28.136+0000] {logging_mixin.py:188} INFO - [2026-08-11T06:53:28.136+0000] {dagbag.py:545} INFO - Filling up the DagBag from /opt/airflow/dags/football_etl_dag.py
[2026-08-11T06:53:28.164+0000] {processor.py:840} INFO - DAG(s) 'football_etl' retrieved from /opt/airflow/dags/football_etl_dag.py
[2026-08-11T06:53:28.211+0000] {logging_mixin.py:188} INFO - [2026-08-11T06:53:28.210+0000] {dag.py:3089} INFO - Sync 1 DAGs
[2026-08-11T06:53:28.242+0000] {logging_mixin.py:188} INFO - [2026-08-11T06:53:28.242+0000] {dag.py:3947} INFO - Setting next_dagrun for football_etl to 2026-08-11 06:52:00+00:00, run_after=2026-08-11 06:54:00+00:00
[2026-08-11T06:53:28.264+0000] {processor.py:183} INFO - Processing /opt/airflow/dags/football_etl_dag.py took 0.141 seconds
[2026-08-11T06:53:58.453+0000] {processor.py:161} INFO - Started process (PID=479) to work on /opt/airflow/dags/football_etl_dag.py
[2026-08-11T06:53:58.455+0000] {processor.py:830} INFO - Processing file /opt/airflow/dags/football_etl_dag.py for tasks to queue
[2026-08-11T06:53:58.457+0000] {logging_mixin.py:188} INFO - [2026-08-11T06:53:58.456+0000] {dagbag.py:545} INFO - Filling up the DagBag from /opt/airflow/dags/football_etl_dag.py
[2026-08-11T06:53:58.480+0000] {processor.py:840} INFO - DAG(s) 'football_etl' retrieved from /opt/airflow/dags/football_etl_dag.py
[2026-08-11T06:53:58.518+0000] {logging_mixin.py:188} INFO - [2026-08-11T06:53:58.517+0000] {dag.py:3089} INFO - Sync 1 DAGs
[2026-08-11T06:53:58.545+0000] {logging_mixin.py:188} INFO - [2026-08-11T06:53:58.545+0000] {dag.py:3947} INFO - Setting next_dagrun for football_etl to 2026-08-11 06:52:00+00:00, run_after=2026-08-11 06:54:00+00:00
[2026-08-11T06:53:58.569+0000] {processor.py:183} INFO - Processing /opt/airflow/dags/football_etl_dag.py took 0.122 seconds
[2026-08-11T06:54:28.632+0000] {processor.py:161} INFO - Started process (PID=492) to work on /opt/airflow/dags/football_etl_dag.py
[2026-08-11T06:54:28.633+0000] {processor.py:830} INFO - Processing file /opt/airflow/dags/football_etl_dag.py for tasks to queue
[2026-08-11T06:54:28.636+0000] {logging_mixin.py:188} INFO - [2026-08-11T06:54:28.635+0000] {dagbag.py:545} INFO - Filling up the DagBag from /opt/airflow/dags/football_etl_dag.py
[2026-08-11T06:54:28.664+0000] {processor.py:840} INFO - DAG(s) 'football_etl' retrieved from /opt/airflow/dags/football_etl_dag.py
[2026-08-11T06:54:28.750+0000] {logging_mixin.py:188} INFO - [2026-08-11T06:54:28.749+0000] {dag.py:3089} INFO - Sync 1 DAGs
[2026-08-11T06:54:28.841+0000] {logging_mixin.py:188} INFO - [2026-08-11T06:54:28.841+0000] {dag.py:3947} INFO - Setting next_dagrun for football_etl to 2026-08-11 06:54:00+00:00, run_after=2026-08-11 06:56:00+00:00
[2026-08-11T06:54:28.892+0000] {processor.py:183} INFO - Processing /opt/airflow/dags/football_etl_dag.py took 0.267 seconds
[2026-08-11T06:54:59.113+0000] {processor.py:161} INFO - Started process (PID=497) to work on /opt/airflow/dags/football_etl_dag.py
[2026-08-11T06:54:59.114+0000] {processor.py:830} INFO - Processing file /opt/airflow/dags/football_etl_dag.py for tasks to queue
[2026-08-11T06:54:59.116+0000] {logging_mixin.py:188} INFO - [2026-08-11T06:54:59.116+0000] {dagbag.py:545} INFO - Filling up the DagBag from /opt/airflow/dags/football_etl_dag.py
[2026-08-11T06:54:59.142+0000] {processor.py:840} INFO - DAG(s) 'football_etl' retrieved from /opt/airflow/dags/football_etl_dag.py
[2026-08-11T06:54:59.195+0000] {logging_mixin.py:188} INFO - [2026-08-11T06:54:59.194+0000] {dag.py:3089} INFO - Sync 1 DAGs
[2026-08-11T06:54:59.229+0000] {logging_mixin.py:188} INFO - [2026-08-11T06:54:59.229+0000] {dag.py:3947} INFO - Setting next_dagrun for football_etl to 2026-08-11 06:54:00+00:00, run_after=2026-08-11 06:56:00+00:00
[2026-08-11T06:54:59.253+0000] {processor.py:183} INFO - Processing /opt/airflow/dags/football_etl_dag.py took 0.146 seconds
[2026-08-11T06:55:29.755+0000] {processor.py:161} INFO - Started process (PID=502) to work on /opt/airflow/dags/football_etl_dag.py
[2026-08-11T06:55:29.776+0000] {processor.py:830} INFO - Processing file /opt/airflow/dags/football_etl_dag.py for tasks to queue
[2026-08-11T06:55:29.824+0000] {logging_mixin.py:188} INFO - [2026-08-11T06:55:29.820+0000] {dagbag.py:545} INFO - Filling up the DagBag from /opt/airflow/dags/football_etl_dag.py
[2026-08-11T06:55:29.991+0000] {processor.py:840} INFO - DAG(s) 'football_etl' retrieved from /opt/airflow/dags/football_etl_dag.py
[2026-08-11T06:55:30.041+0000] {logging_mixin.py:188} INFO - [2026-08-11T06:55:30.041+0000] {dag.py:3089} INFO - Sync 1 DAGs
[2026-08-11T06:55:30.075+0000] {logging_mixin.py:188} INFO - [2026-08-11T06:55:30.075+0000] {dag.py:3947} INFO - Setting next_dagrun for football_etl to 2026-08-11 06:54:00+00:00, run_after=2026-08-11 06:56:00+00:00
[2026-08-11T06:55:30.106+0000] {processor.py:183} INFO - Processing /opt/airflow/dags/football_etl_dag.py took 0.450 seconds
[2026-08-11T06:56:00.368+0000] {processor.py:161} INFO - Started process (PID=507) to work on /opt/airflow/dags/football_etl_dag.py
[2026-08-11T06:56:00.370+0000] {processor.py:830} INFO - Processing file /opt/airflow/dags/football_etl_dag.py for tasks to queue
[2026-08-11T06:56:00.373+0000] {logging_mixin.py:188} INFO - [2026-08-11T06:56:00.373+0000] {dagbag.py:545} INFO - Filling up the DagBag from /opt/airflow/dags/football_etl_dag.py
[2026-08-11T06:56:00.400+0000] {processor.py:840} INFO - DAG(s) 'football_etl' retrieved from /opt/airflow/dags/football_etl_dag.py
[2026-08-11T06:56:00.443+0000] {logging_mixin.py:188} INFO - [2026-08-11T06:56:00.442+0000] {dag.py:3089} INFO - Sync 1 DAGs
[2026-08-11T06:56:00.472+0000] {logging_mixin.py:188} INFO - [2026-08-11T06:56:00.472+0000] {dag.py:3947} INFO - Setting next_dagrun for football_etl to 2026-08-11 06:54:00+00:00, run_after=2026-08-11 06:56:00+00:00
[2026-08-11T06:56:00.497+0000] {processor.py:183} INFO - Processing /opt/airflow/dags/football_etl_dag.py took 0.137 seconds
[2026-08-11T06:56:30.545+0000] {processor.py:161} INFO - Started process (PID=520) to work on /opt/airflow/dags/football_etl_dag.py
[2026-08-11T06:56:30.546+0000] {processor.py:830} INFO - Processing file /opt/airflow/dags/football_etl_dag.py for tasks to queue
[2026-08-11T06:56:30.549+0000] {logging_mixin.py:188} INFO - [2026-08-11T06:56:30.549+0000] {dagbag.py:545} INFO - Filling up the DagBag from /opt/airflow/dags/football_etl_dag.py
[2026-08-11T06:56:30.576+0000] {processor.py:840} INFO - DAG(s) 'football_etl' retrieved from /opt/airflow/dags/football_etl_dag.py
[2026-08-11T06:56:30.626+0000] {logging_mixin.py:188} INFO - [2026-08-11T06:56:30.626+0000] {dag.py:3089} INFO - Sync 1 DAGs
[2026-08-11T06:56:30.659+0000] {logging_mixin.py:188} INFO - [2026-08-11T06:56:30.659+0000] {dag.py:3947} INFO - Setting next_dagrun for football_etl to 2026-08-11 06:56:00+00:00, run_after=2026-08-11 06:58:00+00:00
[2026-08-11T06:56:30.682+0000] {processor.py:183} INFO - Processing /opt/airflow/dags/football_etl_dag.py took 0.145 seconds
[2026-08-11T06:57:00.885+0000] {processor.py:161} INFO - Started process (PID=525) to work on /opt/airflow/dags/football_etl_dag.py
[2026-08-11T06:57:00.887+0000] {processor.py:830} INFO - Processing file /opt/airflow/dags/football_etl_dag.py for tasks to queue
[2026-08-11T06:57:00.890+0000] {logging_mixin.py:188} INFO - [2026-08-11T06:57:00.889+0000] {dagbag.py:545} INFO - Filling up the DagBag from /opt/airflow/dags/football_etl_dag.py
[2026-08-11T06:57:00.917+0000] {processor.py:840} INFO - DAG(s) 'football_etl' retrieved from /opt/airflow/dags/football_etl_dag.py
[2026-08-11T06:57:00.973+0000] {logging_mixin.py:188} INFO - [2026-08-11T06:57:00.973+0000] {dag.py:3089} INFO - Sync 1 DAGs
[2026-08-11T06:57:01.019+0000] {logging_mixin.py:188} INFO - [2026-08-11T06:57:01.019+0000] {dag.py:3947} INFO - Setting next_dagrun for football_etl to 2026-08-11 06:56:00+00:00, run_after=2026-08-11 06:58:00+00:00
[2026-08-11T06:57:01.046+0000] {processor.py:183} INFO - Processing /opt/airflow/dags/football_etl_dag.py took 0.167 seconds
[2026-08-11T06:57:31.227+0000] {processor.py:161} INFO - Started process (PID=530) to work on /opt/airflow/dags/football_etl_dag.py
[2026-08-11T06:57:31.229+0000] {processor.py:830} INFO - Processing file /opt/airflow/dags/football_etl_dag.py for tasks to queue
[2026-08-11T06:57:31.232+0000] {logging_mixin.py:188} INFO - [2026-08-11T06:57:31.232+0000] {dagbag.py:545} INFO - Filling up the DagBag from /opt/airflow/dags/football_etl_dag.py
[2026-08-11T06:57:31.264+0000] {processor.py:840} INFO - DAG(s) 'football_etl' retrieved from /opt/airflow/dags/football_etl_dag.py
[2026-08-11T06:57:31.313+0000] {logging_mixin.py:188} INFO - [2026-08-11T06:57:31.313+0000] {dag.py:3089} INFO - Sync 1 DAGs
[2026-08-11T06:57:31.344+0000] {logging_mixin.py:188} INFO - [2026-08-11T06:57:31.344+0000] {dag.py:3947} INFO - Setting next_dagrun for football_etl to 2026-08-11 06:56:00+00:00, run_after=2026-08-11 06:58:00+00:00
[2026-08-11T06:57:31.369+0000] {processor.py:183} INFO - Processing /opt/airflow/dags/football_etl_dag.py took 0.154 seconds
[2026-08-11T06:58:01.442+0000] {processor.py:161} INFO - Started process (PID=536) to work on /opt/airflow/dags/football_etl_dag.py
[2026-08-11T06:58:01.445+0000] {processor.py:830} INFO - Processing file /opt/airflow/dags/football_etl_dag.py for tasks to queue
[2026-08-11T06:58:01.448+0000] {logging_mixin.py:188} INFO - [2026-08-11T06:58:01.448+0000] {dagbag.py:545} INFO - Filling up the DagBag from /opt/airflow/dags/football_etl_dag.py
[2026-08-11T06:58:01.483+0000] {processor.py:840} INFO - DAG(s) 'football_etl' retrieved from /opt/airflow/dags/football_etl_dag.py
[2026-08-11T06:58:01.536+0000] {logging_mixin.py:188} INFO - [2026-08-11T06:58:01.536+0000] {dag.py:3089} INFO - Sync 1 DAGs
[2026-08-11T06:58:01.579+0000] {logging_mixin.py:188} INFO - [2026-08-11T06:58:01.578+0000] {dag.py:3947} INFO - Setting next_dagrun for football_etl to 2026-08-11 06:58:00+00:00, run_after=2026-08-11 07:00:00+00:00
[2026-08-11T06:58:01.612+0000] {processor.py:183} INFO - Processing /opt/airflow/dags/football_etl_dag.py took 0.181 seconds
[2026-08-11T06:58:31.743+0000] {processor.py:161} INFO - Started process (PID=548) to work on /opt/airflow/dags/football_etl_dag.py
[2026-08-11T06:58:31.745+0000] {processor.py:830} INFO - Processing file /opt/airflow/dags/football_etl_dag.py for tasks to queue
[2026-08-11T06:58:31.750+0000] {logging_mixin.py:188} INFO - [2026-08-11T06:58:31.749+0000] {dagbag.py:545} INFO - Filling up the DagBag from /opt/airflow/dags/football_etl_dag.py
[2026-08-11T06:58:31.782+0000] {processor.py:840} INFO - DAG(s) 'football_etl' retrieved from /opt/airflow/dags/football_etl_dag.py
[2026-08-11T06:58:31.830+0000] {logging_mixin.py:188} INFO - [2026-08-11T06:58:31.829+0000] {dag.py:3089} INFO - Sync 1 DAGs
[2026-08-11T06:58:31.865+0000] {logging_mixin.py:188} INFO - [2026-08-11T06:58:31.865+0000] {dag.py:3947} INFO - Setting next_dagrun for football_etl to 2026-08-11 06:58:00+00:00, run_after=2026-08-11 07:00:00+00:00
[2026-08-11T06:58:31.888+0000] {processor.py:183} INFO - Processing /opt/airflow/dags/football_etl_dag.py took 0.155 seconds
[2026-08-11T06:59:02.403+0000] {processor.py:161} INFO - Started process (PID=553) to work on /opt/airflow/dags/football_etl_dag.py
[2026-08-11T06:59:02.409+0000] {processor.py:830} INFO - Processing file /opt/airflow/dags/football_etl_dag.py for tasks to queue
[2026-08-11T06:59:02.429+0000] {logging_mixin.py:188} INFO - [2026-08-11T06:59:02.427+0000] {dagbag.py:545} INFO - Filling up the DagBag from /opt/airflow/dags/football_etl_dag.py
[2026-08-11T06:59:02.628+0000] {processor.py:840} INFO - DAG(s) 'football_etl' retrieved from /opt/airflow/dags/football_etl_dag.py
[2026-08-11T06:59:02.828+0000] {logging_mixin.py:188} INFO - [2026-08-11T06:59:02.828+0000] {dag.py:3089} INFO - Sync 1 DAGs
[2026-08-11T06:59:02.866+0000] {logging_mixin.py:188} INFO - [2026-08-11T06:59:02.866+0000] {dag.py:3947} INFO - Setting next_dagrun for football_etl to 2026-08-11 06:58:00+00:00, run_after=2026-08-11 07:00:00+00:00
[2026-08-11T06:59:02.896+0000] {processor.py:183} INFO - Processing /opt/airflow/dags/football_etl_dag.py took 0.575 seconds
[2026-08-11T06:59:33.128+0000] {processor.py:161} INFO - Started process (PID=558) to work on /opt/airflow/dags/football_etl_dag.py
[2026-08-11T06:59:33.130+0000] {processor.py:830} INFO - Processing file /opt/airflow/dags/football_etl_dag.py for tasks to queue
[2026-08-11T06:59:33.134+0000] {logging_mixin.py:188} INFO - [2026-08-11T06:59:33.133+0000] {dagbag.py:545} INFO - Filling up the DagBag from /opt/airflow/dags/football_etl_dag.py
[2026-08-11T06:59:33.159+0000] {processor.py:840} INFO - DAG(s) 'football_etl' retrieved from /opt/airflow/dags/football_etl_dag.py
[2026-08-11T06:59:33.212+0000] {logging_mixin.py:188} INFO - [2026-08-11T06:59:33.212+0000] {dag.py:3089} INFO - Sync 1 DAGs
[2026-08-11T06:59:33.248+0000] {logging_mixin.py:188} INFO - [2026-08-11T06:59:33.247+0000] {dag.py:3947} INFO - Setting next_dagrun for football_etl to 2026-08-11 06:58:00+00:00, run_after=2026-08-11 07:00:00+00:00
[2026-08-11T06:59:33.277+0000] {processor.py:183} INFO - Processing /opt/airflow/dags/football_etl_dag.py took 0.157 seconds
[2026-08-11T07:00:03.456+0000] {processor.py:161} INFO - Started process (PID=569) to work on /opt/airflow/dags/football_etl_dag.py
[2026-08-11T07:00:03.458+0000] {processor.py:830} INFO - Processing file /opt/airflow/dags/football_etl_dag.py for tasks to queue
[2026-08-11T07:00:03.461+0000] {logging_mixin.py:188} INFO - [2026-08-11T07:00:03.461+0000] {dagbag.py:545} INFO - Filling up the DagBag from /opt/airflow/dags/football_etl_dag.py
[2026-08-11T07:00:03.496+0000] {processor.py:840} INFO - DAG(s) 'football_etl' retrieved from /opt/airflow/dags/football_etl_dag.py
[2026-08-11T07:00:03.544+0000] {logging_mixin.py:188} INFO - [2026-08-11T07:00:03.544+0000] {dag.py:3089} INFO - Sync 1 DAGs
[2026-08-11T07:00:03.580+0000] {logging_mixin.py:188} INFO - [2026-08-11T07:00:03.579+0000] {dag.py:3947} INFO - Setting next_dagrun for football_etl to 2026-08-11 07:00:00+00:00, run_after=2026-08-11 07:02:00+00:00
[2026-08-11T07:00:03.610+0000] {processor.py:183} INFO - Processing /opt/airflow/dags/football_etl_dag.py took 0.164 seconds
[2026-08-11T07:00:33.697+0000] {processor.py:161} INFO - Started process (PID=576) to work on /opt/airflow/dags/football_etl_dag.py
[2026-08-11T07:00:33.699+0000] {processor.py:830} INFO - Processing file /opt/airflow/dags/football_etl_dag.py for tasks to queue
[2026-08-11T07:00:33.703+0000] {logging_mixin.py:188} INFO - [2026-08-11T07:00:33.702+0000] {dagbag.py:545} INFO - Filling up the DagBag from /opt/airflow/dags/football_etl_dag.py
[2026-08-11T07:00:33.736+0000] {processor.py:840} INFO - DAG(s) 'football_etl' retrieved from /opt/airflow/dags/football_etl_dag.py
[2026-08-11T07:00:33.794+0000] {logging_mixin.py:188} INFO - [2026-08-11T07:00:33.793+0000] {dag.py:3089} INFO - Sync 1 DAGs
[2026-08-11T07:00:33.831+0000] {logging_mixin.py:188} INFO - [2026-08-11T07:00:33.831+0000] {dag.py:3947} INFO - Setting next_dagrun for football_etl to 2026-08-11 07:00:00+00:00, run_after=2026-08-11 07:02:00+00:00
[2026-08-11T07:00:33.858+0000] {processor.py:183} INFO - Processing /opt/airflow/dags/football_etl_dag.py took 0.171 seconds
[2026-08-11T07:01:04.004+0000] {processor.py:161} INFO - Started process (PID=581) to work on /opt/airflow/dags/football_etl_dag.py
[2026-08-11T07:01:04.006+0000] {processor.py:830} INFO - Processing file /opt/airflow/dags/football_etl_dag.py for tasks to queue
[2026-08-11T07:01:04.009+0000] {logging_mixin.py:188} INFO - [2026-08-11T07:01:04.009+0000] {dagbag.py:545} INFO - Filling up the DagBag from /opt/airflow/dags/football_etl_dag.py
[2026-08-11T07:01:04.041+0000] {processor.py:840} INFO - DAG(s) 'football_etl' retrieved from /opt/airflow/dags/football_etl_dag.py
[2026-08-11T07:01:04.090+0000] {logging_mixin.py:188} INFO - [2026-08-11T07:01:04.090+0000] {dag.py:3089} INFO - Sync 1 DAGs
[2026-08-11T07:01:04.121+0000] {logging_mixin.py:188} INFO - [2026-08-11T07:01:04.120+0000] {dag.py:3947} INFO - Setting next_dagrun for football_etl to 2026-08-11 07:00:00+00:00, run_after=2026-08-11 07:02:00+00:00
[2026-08-11T07:01:04.146+0000] {processor.py:183} INFO - Processing /opt/airflow/dags/football_etl_dag.py took 0.150 seconds
[2026-08-11T07:01:34.247+0000] {processor.py:161} INFO - Started process (PID=586) to work on /opt/airflow/dags/football_etl_dag.py
[2026-08-11T07:01:34.249+0000] {processor.py:830} INFO - Processing file /opt/airflow/dags/football_etl_dag.py for tasks to queue
[2026-08-11T07:01:34.251+0000] {logging_mixin.py:188} INFO - [2026-08-11T07:01:34.251+0000] {dagbag.py:545} INFO - Filling up the DagBag from /opt/airflow/dags/football_etl_dag.py
[2026-08-11T07:01:34.277+0000] {processor.py:840} INFO - DAG(s) 'football_etl' retrieved from /opt/airflow/dags/football_etl_dag.py
[2026-08-11T07:01:34.317+0000] {logging_mixin.py:188} INFO - [2026-08-11T07:01:34.317+0000] {dag.py:3089} INFO - Sync 1 DAGs
[2026-08-11T07:01:34.346+0000] {logging_mixin.py:188} INFO - [2026-08-11T07:01:34.346+0000] {dag.py:3947} INFO - Setting next_dagrun for football_etl to 2026-08-11 07:00:00+00:00, run_after=2026-08-11 07:02:00+00:00
[2026-08-11T07:01:34.369+0000] {processor.py:183} INFO - Processing /opt/airflow/dags/football_etl_dag.py took 0.128 seconds
[2026-08-11T07:02:04.519+0000] {processor.py:161} INFO - Started process (PID=597) to work on /opt/airflow/dags/football_etl_dag.py
[2026-08-11T07:02:04.521+0000] {processor.py:830} INFO - Processing file /opt/airflow/dags/football_etl_dag.py for tasks to queue
[2026-08-11T07:02:04.526+0000] {logging_mixin.py:188} INFO - [2026-08-11T07:02:04.526+0000] {dagbag.py:545} INFO - Filling up the DagBag from /opt/airflow/dags/football_etl_dag.py
[2026-08-11T07:02:04.555+0000] {processor.py:840} INFO - DAG(s) 'football_etl' retrieved from /opt/airflow/dags/football_etl_dag.py
[2026-08-11T07:02:04.603+0000] {logging_mixin.py:188} INFO - [2026-08-11T07:02:04.603+0000] {dag.py:3089} INFO - Sync 1 DAGs
[2026-08-11T07:02:04.631+0000] {logging_mixin.py:188} INFO - [2026-08-11T07:02:04.631+0000] {dag.py:3947} INFO - Setting next_dagrun for football_etl to 2026-08-11 07:02:00+00:00, run_after=2026-08-11 07:04:00+00:00
[2026-08-11T07:02:04.666+0000] {processor.py:183} INFO - Processing /opt/airflow/dags/football_etl_dag.py took 0.158 seconds
[2026-08-11T07:06:54.416+0000] {processor.py:161} INFO - Started process (PID=164) to work on /opt/airflow/dags/football_etl_dag.py
[2026-08-11T07:06:54.424+0000] {processor.py:830} INFO - Processing file /opt/airflow/dags/football_etl_dag.py for tasks to queue
[2026-08-11T07:06:54.431+0000] {logging_mixin.py:188} INFO - [2026-08-11T07:06:54.430+0000] {dagbag.py:545} INFO - Filling up the DagBag from /opt/airflow/dags/football_etl_dag.py
[2026-08-11T07:06:54.510+0000] {processor.py:840} INFO - DAG(s) 'football_etl' retrieved from /opt/airflow/dags/football_etl_dag.py
[2026-08-11T07:06:54.608+0000] {logging_mixin.py:188} INFO - [2026-08-11T07:06:54.607+0000] {dag.py:3089} INFO - Sync 1 DAGs
[2026-08-11T07:06:54.750+0000] {logging_mixin.py:188} INFO - [2026-08-11T07:06:54.748+0000] {dag.py:3947} INFO - Setting next_dagrun for football_etl to 2026-08-11 07:06:00+00:00, run_after=2026-08-11 07:08:00+00:00
[2026-08-11T07:06:54.828+0000] {processor.py:183} INFO - Processing /opt/airflow/dags/football_etl_dag.py took 0.436 seconds
[2026-08-11T07:07:25.172+0000] {processor.py:161} INFO - Started process (PID=180) to work on /opt/airflow/dags/football_etl_dag.py
[2026-08-11T07:07:25.174+0000] {processor.py:830} INFO - Processing file /opt/airflow/dags/football_etl_dag.py for tasks to queue
[2026-08-11T07:07:25.185+0000] {logging_mixin.py:188} INFO - [2026-08-11T07:07:25.184+0000] {dagbag.py:545} INFO - Filling up the DagBag from /opt/airflow/dags/football_etl_dag.py
[2026-08-11T07:07:25.242+0000] {processor.py:840} INFO - DAG(s) 'football_etl' retrieved from /opt/airflow/dags/football_etl_dag.py
[2026-08-11T07:07:25.809+0000] {logging_mixin.py:188} INFO - [2026-08-11T07:07:25.809+0000] {dag.py:3089} INFO - Sync 1 DAGs
[2026-08-11T07:07:25.870+0000] {logging_mixin.py:188} INFO - [2026-08-11T07:07:25.870+0000] {dag.py:3947} INFO - Setting next_dagrun for football_etl to 2026-08-11 07:06:00+00:00, run_after=2026-08-11 07:08:00+00:00
[2026-08-11T07:07:25.916+0000] {processor.py:183} INFO - Processing /opt/airflow/dags/football_etl_dag.py took 0.764 seconds
[2026-08-11T07:07:56.048+0000] {processor.py:161} INFO - Started process (PID=185) to work on /opt/airflow/dags/football_etl_dag.py
[2026-08-11T07:07:56.050+0000] {processor.py:830} INFO - Processing file /opt/airflow/dags/football_etl_dag.py for tasks to queue
[2026-08-11T07:07:56.056+0000] {logging_mixin.py:188} INFO - [2026-08-11T07:07:56.055+0000] {dagbag.py:545} INFO - Filling up the DagBag from /opt/airflow/dags/football_etl_dag.py
[2026-08-11T07:07:56.103+0000] {processor.py:840} INFO - DAG(s) 'football_etl' retrieved from /opt/airflow/dags/football_etl_dag.py
[2026-08-11T07:07:56.175+0000] {logging_mixin.py:188} INFO - [2026-08-11T07:07:56.175+0000] {dag.py:3089} INFO - Sync 1 DAGs
[2026-08-11T07:07:56.239+0000] {logging_mixin.py:188} INFO - [2026-08-11T07:07:56.239+0000] {dag.py:3947} INFO - Setting next_dagrun for football_etl to 2026-08-11 07:06:00+00:00, run_after=2026-08-11 07:08:00+00:00
[2026-08-11T07:07:56.286+0000] {processor.py:183} INFO - Processing /opt/airflow/dags/football_etl_dag.py took 0.251 seconds
[2026-08-11T07:08:26.455+0000] {processor.py:161} INFO - Started process (PID=198) to work on /opt/airflow/dags/football_etl_dag.py
[2026-08-11T07:08:26.456+0000] {processor.py:830} INFO - Processing file /opt/airflow/dags/football_etl_dag.py for tasks to queue
[2026-08-11T07:08:26.460+0000] {logging_mixin.py:188} INFO - [2026-08-11T07:08:26.459+0000] {dagbag.py:545} INFO - Filling up the DagBag from /opt/airflow/dags/football_etl_dag.py
[2026-08-11T07:08:26.492+0000] {processor.py:840} INFO - DAG(s) 'football_etl' retrieved from /opt/airflow/dags/football_etl_dag.py
[2026-08-11T07:08:26.538+0000] {logging_mixin.py:188} INFO - [2026-08-11T07:08:26.538+0000] {dag.py:3089} INFO - Sync 1 DAGs
[2026-08-11T07:08:26.582+0000] {logging_mixin.py:188} INFO - [2026-08-11T07:08:26.581+0000] {dag.py:3947} INFO - Setting next_dagrun for football_etl to 2026-08-11 07:08:00+00:00, run_after=2026-08-11 07:10:00+00:00
[2026-08-11T07:08:26.612+0000] {processor.py:183} INFO - Processing /opt/airflow/dags/football_etl_dag.py took 0.165 seconds
[2026-08-11T07:08:56.664+0000] {processor.py:161} INFO - Started process (PID=203) to work on /opt/airflow/dags/football_etl_dag.py
[2026-08-11T07:08:56.666+0000] {processor.py:830} INFO - Processing file /opt/airflow/dags/football_etl_dag.py for tasks to queue
[2026-08-11T07:08:56.669+0000] {logging_mixin.py:188} INFO - [2026-08-11T07:08:56.668+0000] {dagbag.py:545} INFO - Filling up the DagBag from /opt/airflow/dags/football_etl_dag.py
[2026-08-11T07:08:56.694+0000] {processor.py:840} INFO - DAG(s) 'football_etl' retrieved from /opt/airflow/dags/football_etl_dag.py
[2026-08-11T07:08:56.730+0000] {logging_mixin.py:188} INFO - [2026-08-11T07:08:56.730+0000] {dag.py:3089} INFO - Sync 1 DAGs
[2026-08-11T07:08:56.756+0000] {logging_mixin.py:188} INFO - [2026-08-11T07:08:56.756+0000] {dag.py:3947} INFO - Setting next_dagrun for football_etl to 2026-08-11 07:08:00+00:00, run_after=2026-08-11 07:10:00+00:00
[2026-08-11T07:08:56.798+0000] {processor.py:183} INFO - Processing /opt/airflow/dags/football_etl_dag.py took 0.141 seconds
[2026-08-11T07:09:27.056+0000] {processor.py:161} INFO - Started process (PID=208) to work on /opt/airflow/dags/football_etl_dag.py
[2026-08-11T07:09:27.058+0000] {processor.py:830} INFO - Processing file /opt/airflow/dags/football_etl_dag.py for tasks to queue
[2026-08-11T07:09:27.062+0000] {logging_mixin.py:188} INFO - [2026-08-11T07:09:27.061+0000] {dagbag.py:545} INFO - Filling up the DagBag from /opt/airflow/dags/football_etl_dag.py
[2026-08-11T07:09:27.094+0000] {processor.py:840} INFO - DAG(s) 'football_etl' retrieved from /opt/airflow/dags/football_etl_dag.py
[2026-08-11T07:09:27.138+0000] {logging_mixin.py:188} INFO - [2026-08-11T07:09:27.138+0000] {dag.py:3089} INFO - Sync 1 DAGs
[2026-08-11T07:09:27.165+0000] {logging_mixin.py:188} INFO - [2026-08-11T07:09:27.165+0000] {dag.py:3947} INFO - Setting next_dagrun for football_etl to 2026-08-11 07:08:00+00:00, run_after=2026-08-11 07:10:00+00:00
[2026-08-11T07:09:27.190+0000] {processor.py:183} INFO - Processing /opt/airflow/dags/football_etl_dag.py took 0.144 seconds
[2026-08-11T07:09:57.340+0000] {processor.py:161} INFO - Started process (PID=213) to work on /opt/airflow/dags/football_etl_dag.py
[2026-08-11T07:09:57.341+0000] {processor.py:830} INFO - Processing file /opt/airflow/dags/football_etl_dag.py for tasks to queue
[2026-08-11T07:09:57.344+0000] {logging_mixin.py:188} INFO - [2026-08-11T07:09:57.344+0000] {dagbag.py:545} INFO - Filling up the DagBag from /opt/airflow/dags/football_etl_dag.py
[2026-08-11T07:09:57.369+0000] {processor.py:840} INFO - DAG(s) 'football_etl' retrieved from /opt/airflow/dags/football_etl_dag.py
[2026-08-11T07:09:57.408+0000] {logging_mixin.py:188} INFO - [2026-08-11T07:09:57.408+0000] {dag.py:3089} INFO - Sync 1 DAGs
[2026-08-11T07:09:57.437+0000] {logging_mixin.py:188} INFO - [2026-08-11T07:09:57.437+0000] {dag.py:3947} INFO - Setting next_dagrun for football_etl to 2026-08-11 07:08:00+00:00, run_after=2026-08-11 07:10:00+00:00
[2026-08-11T07:09:57.458+0000] {processor.py:183} INFO - Processing /opt/airflow/dags/football_etl_dag.py took 0.125 seconds
[2026-08-11T07:10:27.629+0000] {processor.py:161} INFO - Started process (PID=226) to work on /opt/airflow/dags/football_etl_dag.py
[2026-08-11T07:10:27.631+0000] {processor.py:830} INFO - Processing file /opt/airflow/dags/football_etl_dag.py for tasks to queue
[2026-08-11T07:10:27.634+0000] {logging_mixin.py:188} INFO - [2026-08-11T07:10:27.633+0000] {dagbag.py:545} INFO - Filling up the DagBag from /opt/airflow/dags/football_etl_dag.py
[2026-08-11T07:10:27.657+0000] {processor.py:840} INFO - DAG(s) 'football_etl' retrieved from /opt/airflow/dags/football_etl_dag.py
[2026-08-11T07:10:27.692+0000] {logging_mixin.py:188} INFO - [2026-08-11T07:10:27.691+0000] {dag.py:3089} INFO - Sync 1 DAGs
[2026-08-11T07:10:27.720+0000] {logging_mixin.py:188} INFO - [2026-08-11T07:10:27.720+0000] {dag.py:3947} INFO - Setting next_dagrun for football_etl to 2026-08-11 07:10:00+00:00, run_after=2026-08-11 07:12:00+00:00
[2026-08-11T07:10:27.741+0000] {processor.py:183} INFO - Processing /opt/airflow/dags/football_etl_dag.py took 0.118 seconds
[2026-08-11T07:10:57.865+0000] {processor.py:161} INFO - Started process (PID=231) to work on /opt/airflow/dags/football_etl_dag.py
[2026-08-11T07:10:57.866+0000] {processor.py:830} INFO - Processing file /opt/airflow/dags/football_etl_dag.py for tasks to queue
[2026-08-11T07:10:57.870+0000] {logging_mixin.py:188} INFO - [2026-08-11T07:10:57.870+0000] {dagbag.py:545} INFO - Filling up the DagBag from /opt/airflow/dags/football_etl_dag.py
[2026-08-11T07:10:57.897+0000] {processor.py:840} INFO - DAG(s) 'football_etl' retrieved from /opt/airflow/dags/football_etl_dag.py
[2026-08-11T07:10:57.935+0000] {logging_mixin.py:188} INFO - [2026-08-11T07:10:57.935+0000] {dag.py:3089} INFO - Sync 1 DAGs
[2026-08-11T07:10:57.962+0000] {logging_mixin.py:188} INFO - [2026-08-11T07:10:57.961+0000] {dag.py:3947} INFO - Setting next_dagrun for football_etl to 2026-08-11 07:10:00+00:00, run_after=2026-08-11 07:12:00+00:00
[2026-08-11T07:10:57.983+0000] {processor.py:183} INFO - Processing /opt/airflow/dags/football_etl_dag.py took 0.127 seconds
