[2026-08-05T14:01:44.936+0000] {local_task_job_runner.py:120} INFO - ::group::Pre task execution logs
[2026-08-05T14:01:45.064+0000] {taskinstance.py:2076} INFO - Dependencies all met for dep_context=non-requeueable deps ti=<TaskInstance: football_etl.warehouse_load scheduled__2026-08-05T04:26:00+00:00 [queued]>
[2026-08-05T14:01:45.085+0000] {taskinstance.py:2076} INFO - Dependencies all met for dep_context=requeueable deps ti=<TaskInstance: football_etl.warehouse_load scheduled__2026-08-05T04:26:00+00:00 [queued]>
[2026-08-05T14:01:45.086+0000] {taskinstance.py:2306} INFO - Starting attempt 2 of 4
[2026-08-05T14:01:45.145+0000] {taskinstance.py:2330} INFO - Executing <Task(PythonOperator): warehouse_load> on 2026-08-05 04:26:00+00:00
[2026-08-05T14:01:45.173+0000] {logging_mixin.py:188} WARNING - /home/airflow/.local/lib/python3.12/site-packages/airflow/task/task_runner/standard_task_runner.py:62 DeprecationWarning: This process (pid=171) is multi-threaded, use of fork() may lead to deadlocks in the child.
[2026-08-05T14:01:45.181+0000] {standard_task_runner.py:64} INFO - Started process 176 to run task
[2026-08-05T14:01:45.176+0000] {standard_task_runner.py:90} INFO - Running: ['airflow', 'tasks', 'run', 'football_etl', 'warehouse_load', 'scheduled__2026-08-05T04:26:00+00:00', '--job-id', '1443', '--raw', '--subdir', 'DAGS_FOLDER/football_etl_dag.py', '--cfg-path', '/tmp/tmpzsxe62iq']
[2026-08-05T14:01:45.185+0000] {standard_task_runner.py:91} INFO - Job 1443: Subtask warehouse_load
[2026-08-05T14:01:45.420+0000] {task_command.py:426} INFO - Running <TaskInstance: football_etl.warehouse_load scheduled__2026-08-05T04:26:00+00:00 [running]> on host b478b38d86c0
[2026-08-05T14:01:45.722+0000] {taskinstance.py:2648} INFO - Exporting env vars: AIRFLOW_CTX_DAG_OWNER='airflow' AIRFLOW_CTX_DAG_ID='football_etl' AIRFLOW_CTX_TASK_ID='warehouse_load' AIRFLOW_CTX_EXECUTION_DATE='2026-08-05T04:26:00+00:00' AIRFLOW_CTX_TRY_NUMBER='2' AIRFLOW_CTX_DAG_RUN_ID='scheduled__2026-08-05T04:26:00+00:00'
[2026-08-05T14:01:45.729+0000] {taskinstance.py:430} INFO - ::endgroup::
[2026-08-05T14:02:36.460+0000] {warehouse_load.py:159} INFO - Fetched 16098 rows from OLTP for warehouse load
[2026-08-05T14:02:52.995+0000] {warehouse_load.py:200} INFO - Warehouse ETL complete: 0 inserted, 16098 skipped
[2026-08-05T14:02:52.997+0000] {logging_mixin.py:188} INFO - Warehouse ETL complete: 0 inserted, 16098 skipped
[2026-08-05T14:02:53.041+0000] {python.py:237} INFO - Done. Returned value was: None
[2026-08-05T14:02:53.043+0000] {taskinstance.py:441} INFO - ::group::Post task execution logs
[2026-08-05T14:02:53.072+0000] {taskinstance.py:1206} INFO - Marking task as SUCCESS. dag_id=football_etl, task_id=warehouse_load, run_id=scheduled__2026-08-05T04:26:00+00:00, execution_date=20260805T042600, start_date=20260805T140145, end_date=20260805T140253
[2026-08-05T14:02:53.137+0000] {local_task_job_runner.py:243} INFO - Task exited with return code 0
[2026-08-05T14:02:53.185+0000] {taskinstance.py:3503} INFO - 0 downstream tasks scheduled from follow-on schedule check
[2026-08-05T14:02:53.190+0000] {local_task_job_runner.py:222} INFO - ::endgroup::
