[2026-08-04T11:41:32.464+0000] {local_task_job_runner.py:120} INFO - ::group::Pre task execution logs
[2026-08-04T11:41:32.504+0000] {taskinstance.py:2076} INFO - Dependencies all met for dep_context=non-requeueable deps ti=<TaskInstance: football_etl.warehouse_load manual__2026-08-04T11:41:26.080635+00:00 [queued]>
[2026-08-04T11:41:32.514+0000] {taskinstance.py:2076} INFO - Dependencies all met for dep_context=requeueable deps ti=<TaskInstance: football_etl.warehouse_load manual__2026-08-04T11:41:26.080635+00:00 [queued]>
[2026-08-04T11:41:32.516+0000] {taskinstance.py:2306} INFO - Starting attempt 1 of 4
[2026-08-04T11:41:32.532+0000] {taskinstance.py:2330} INFO - Executing <Task(PythonOperator): warehouse_load> on 2026-08-04 11:41:26.080635+00:00
[2026-08-04T11:41:32.542+0000] {logging_mixin.py:188} WARNING - /home/airflow/.local/lib/python3.12/site-packages/airflow/task/task_runner/standard_task_runner.py:62 DeprecationWarning: This process (pid=2106) is multi-threaded, use of fork() may lead to deadlocks in the child.
[2026-08-04T11:41:32.541+0000] {standard_task_runner.py:90} INFO - Running: ['airflow', 'tasks', 'run', 'football_etl', 'warehouse_load', 'manual__2026-08-04T11:41:26.080635+00:00', '--job-id', '1168', '--raw', '--subdir', 'DAGS_FOLDER/football_etl_dag.py', '--cfg-path', '/tmp/tmpz95iuxx0']
[2026-08-04T11:41:32.544+0000] {standard_task_runner.py:64} INFO - Started process 2107 to run task
[2026-08-04T11:41:32.544+0000] {standard_task_runner.py:91} INFO - Job 1168: Subtask warehouse_load
[2026-08-04T11:41:32.627+0000] {task_command.py:426} INFO - Running <TaskInstance: football_etl.warehouse_load manual__2026-08-04T11:41:26.080635+00:00 [running]> on host b478b38d86c0
[2026-08-04T11:41:32.748+0000] {taskinstance.py:2648} INFO - Exporting env vars: AIRFLOW_CTX_DAG_OWNER='airflow' AIRFLOW_CTX_DAG_ID='football_etl' AIRFLOW_CTX_TASK_ID='warehouse_load' AIRFLOW_CTX_EXECUTION_DATE='2026-08-04T11:41:26.080635+00:00' AIRFLOW_CTX_TRY_NUMBER='1' AIRFLOW_CTX_DAG_RUN_ID='manual__2026-08-04T11:41:26.080635+00:00'
[2026-08-04T11:41:32.750+0000] {taskinstance.py:430} INFO - ::endgroup::
[2026-08-04T11:41:49.691+0000] {warehouse_load.py:126} INFO - Fetched 14598 rows from OLTP for warehouse load
[2026-08-04T11:42:03.637+0000] {warehouse_load.py:163} INFO - Warehouse ETL complete: 500 inserted, 14098 skipped
[2026-08-04T11:42:03.638+0000] {logging_mixin.py:188} INFO - Warehouse ETL complete: 500 inserted, 14098 skipped
[2026-08-04T11:42:03.664+0000] {python.py:237} INFO - Done. Returned value was: None
[2026-08-04T11:42:03.666+0000] {taskinstance.py:441} INFO - ::group::Post task execution logs
[2026-08-04T11:42:03.687+0000] {taskinstance.py:1206} INFO - Marking task as SUCCESS. dag_id=football_etl, task_id=warehouse_load, run_id=manual__2026-08-04T11:41:26.080635+00:00, execution_date=20260804T114126, start_date=20260804T114132, end_date=20260804T114203
[2026-08-04T11:42:03.747+0000] {local_task_job_runner.py:243} INFO - Task exited with return code 0
[2026-08-04T11:42:03.776+0000] {taskinstance.py:3503} INFO - 0 downstream tasks scheduled from follow-on schedule check
[2026-08-04T11:42:03.779+0000] {local_task_job_runner.py:222} INFO - ::endgroup::
