[2026-07-28T17:30:15.790+0000] {local_task_job_runner.py:120} INFO - ::group::Pre task execution logs
[2026-07-28T17:30:15.828+0000] {taskinstance.py:2076} INFO - Dependencies all met for dep_context=non-requeueable deps ti=<TaskInstance: football_etl.warehouse_load scheduled__2026-07-28T17:28:00+00:00 [queued]>
[2026-07-28T17:30:15.837+0000] {taskinstance.py:2076} INFO - Dependencies all met for dep_context=requeueable deps ti=<TaskInstance: football_etl.warehouse_load scheduled__2026-07-28T17:28:00+00:00 [queued]>
[2026-07-28T17:30:15.838+0000] {taskinstance.py:2306} INFO - Starting attempt 1 of 4
[2026-07-28T17:30:15.851+0000] {taskinstance.py:2330} INFO - Executing <Task(PythonOperator): warehouse_load> on 2026-07-28 17:28:00+00:00
[2026-07-28T17:30:15.860+0000] {logging_mixin.py:188} WARNING - /home/airflow/.local/lib/python3.12/site-packages/airflow/task/task_runner/standard_task_runner.py:62 DeprecationWarning: This process (pid=877) is multi-threaded, use of fork() may lead to deadlocks in the child.
[2026-07-28T17:30:15.860+0000] {standard_task_runner.py:90} INFO - Running: ['airflow', 'tasks', 'run', 'football_etl', 'warehouse_load', 'scheduled__2026-07-28T17:28:00+00:00', '--job-id', '373', '--raw', '--subdir', 'DAGS_FOLDER/football_etl_dag.py', '--cfg-path', '/tmp/tmpi7o9su51']
[2026-07-28T17:30:15.863+0000] {standard_task_runner.py:64} INFO - Started process 878 to run task
[2026-07-28T17:30:15.863+0000] {standard_task_runner.py:91} INFO - Job 373: Subtask warehouse_load
[2026-07-28T17:30:15.934+0000] {task_command.py:426} INFO - Running <TaskInstance: football_etl.warehouse_load scheduled__2026-07-28T17:28:00+00:00 [running]> on host b478b38d86c0
[2026-07-28T17:30:16.040+0000] {taskinstance.py:2648} INFO - Exporting env vars: AIRFLOW_CTX_DAG_OWNER='airflow' AIRFLOW_CTX_DAG_ID='football_etl' AIRFLOW_CTX_TASK_ID='warehouse_load' AIRFLOW_CTX_EXECUTION_DATE='2026-07-28T17:28:00+00:00' AIRFLOW_CTX_TRY_NUMBER='1' AIRFLOW_CTX_DAG_RUN_ID='scheduled__2026-07-28T17:28:00+00:00'
[2026-07-28T17:30:16.044+0000] {taskinstance.py:430} INFO - ::endgroup::
[2026-07-28T17:30:31.160+0000] {warehouse_load.py:126} INFO - Fetched 14098 rows from OLTP for warehouse load
[2026-07-28T17:30:40.588+0000] {warehouse_load.py:163} INFO - Warehouse ETL complete: 0 inserted, 14098 skipped
[2026-07-28T17:30:40.589+0000] {logging_mixin.py:188} INFO - Warehouse ETL complete: 0 inserted, 14098 skipped
[2026-07-28T17:30:40.604+0000] {python.py:237} INFO - Done. Returned value was: None
[2026-07-28T17:30:40.606+0000] {taskinstance.py:441} INFO - ::group::Post task execution logs
[2026-07-28T17:30:40.621+0000] {taskinstance.py:1206} INFO - Marking task as SUCCESS. dag_id=football_etl, task_id=warehouse_load, run_id=scheduled__2026-07-28T17:28:00+00:00, execution_date=20260728T172800, start_date=20260728T173015, end_date=20260728T173040
[2026-07-28T17:30:40.674+0000] {local_task_job_runner.py:243} INFO - Task exited with return code 0
[2026-07-28T17:30:40.708+0000] {taskinstance.py:3503} INFO - 0 downstream tasks scheduled from follow-on schedule check
[2026-07-28T17:30:40.711+0000] {local_task_job_runner.py:222} INFO - ::endgroup::
