[2026-08-04T05:06:23.519+0000] {local_task_job_runner.py:120} INFO - ::group::Pre task execution logs
[2026-08-04T05:06:23.582+0000] {taskinstance.py:2076} INFO - Dependencies all met for dep_context=non-requeueable deps ti=<TaskInstance: football_etl.warehouse_load scheduled__2026-08-04T05:04:00+00:00 [queued]>
[2026-08-04T05:06:23.594+0000] {taskinstance.py:2076} INFO - Dependencies all met for dep_context=requeueable deps ti=<TaskInstance: football_etl.warehouse_load scheduled__2026-08-04T05:04:00+00:00 [queued]>
[2026-08-04T05:06:23.596+0000] {taskinstance.py:2306} INFO - Starting attempt 1 of 4
[2026-08-04T05:06:23.613+0000] {taskinstance.py:2330} INFO - Executing <Task(PythonOperator): warehouse_load> on 2026-08-04 05:04:00+00:00
[2026-08-04T05:06:23.624+0000] {standard_task_runner.py:90} INFO - Running: ['airflow', 'tasks', 'run', 'football_etl', 'warehouse_load', 'scheduled__2026-08-04T05:04:00+00:00', '--job-id', '787', '--raw', '--subdir', 'DAGS_FOLDER/football_etl_dag.py', '--cfg-path', '/tmp/tmpntnn_47a']
[2026-08-04T05:06:23.626+0000] {logging_mixin.py:188} WARNING - /home/airflow/.local/lib/python3.12/site-packages/airflow/task/task_runner/standard_task_runner.py:62 DeprecationWarning: This process (pid=1033) is multi-threaded, use of fork() may lead to deadlocks in the child.
[2026-08-04T05:06:23.627+0000] {standard_task_runner.py:91} INFO - Job 787: Subtask warehouse_load
[2026-08-04T05:06:23.628+0000] {standard_task_runner.py:64} INFO - Started process 1034 to run task
[2026-08-04T05:06:23.728+0000] {task_command.py:426} INFO - Running <TaskInstance: football_etl.warehouse_load scheduled__2026-08-04T05:04:00+00:00 [running]> on host b478b38d86c0
[2026-08-04T05:06:23.884+0000] {taskinstance.py:2648} INFO - Exporting env vars: AIRFLOW_CTX_DAG_OWNER='airflow' AIRFLOW_CTX_DAG_ID='football_etl' AIRFLOW_CTX_TASK_ID='warehouse_load' AIRFLOW_CTX_EXECUTION_DATE='2026-08-04T05:04:00+00:00' AIRFLOW_CTX_TRY_NUMBER='1' AIRFLOW_CTX_DAG_RUN_ID='scheduled__2026-08-04T05:04:00+00:00'
[2026-08-04T05:06:23.886+0000] {taskinstance.py:430} INFO - ::endgroup::
[2026-08-04T05:06:45.821+0000] {warehouse_load.py:126} INFO - Fetched 14098 rows from OLTP for warehouse load
[2026-08-04T05:06:54.409+0000] {warehouse_load.py:168} ERROR - Warehouse ETL failed, rolled back: duplicate key value violates unique constraint "fact_team_season_performance_team_key_season_key_date_key_key"
DETAIL:  Key (team_key, season_key, date_key)=(3, 2, 20221111) already exists.

[2026-08-04T05:06:54.411+0000] {taskinstance.py:441} INFO - ::group::Post task execution logs
[2026-08-04T05:06:54.412+0000] {taskinstance.py:2905} ERROR - Task failed with exception
Traceback (most recent call last):
  File "/home/airflow/.local/lib/python3.12/site-packages/airflow/models/taskinstance.py", line 465, in _execute_task
    result = _execute_callable(context=context, **execute_callable_kwargs)
             ^^^^^^^^^^^^^^^^^^^^^^^^^^^^^^^^^^^^^^^^^^^^^^^^^^^^^^^^^^^^^
  File "/home/airflow/.local/lib/python3.12/site-packages/airflow/models/taskinstance.py", line 432, in _execute_callable
    return execute_callable(context=context, **execute_callable_kwargs)
           ^^^^^^^^^^^^^^^^^^^^^^^^^^^^^^^^^^^^^^^^^^^^^^^^^^^^^^^^^^^^
  File "/home/airflow/.local/lib/python3.12/site-packages/airflow/models/baseoperator.py", line 401, in wrapper
    return func(self, *args, **kwargs)
           ^^^^^^^^^^^^^^^^^^^^^^^^^^^
  File "/home/airflow/.local/lib/python3.12/site-packages/airflow/operators/python.py", line 235, in execute
    return_value = self.execute_callable()
                   ^^^^^^^^^^^^^^^^^^^^^^^
  File "/home/airflow/.local/lib/python3.12/site-packages/airflow/operators/python.py", line 252, in execute_callable
    return self.python_callable(*self.op_args, **self.op_kwargs)
           ^^^^^^^^^^^^^^^^^^^^^^^^^^^^^^^^^^^^^^^^^^^^^^^^^^^^^
  File "/opt/airflow/dags/football_etl_dag.py", line 33, in run_warehouse_load
    run_warehouse_etl()
  File "/opt/airflow/pipeline/warehouse_load.py", line 151, in run_warehouse_etl
    dwh_cur.execute("""
psycopg2.errors.UniqueViolation: duplicate key value violates unique constraint "fact_team_season_performance_team_key_season_key_date_key_key"
DETAIL:  Key (team_key, season_key, date_key)=(3, 2, 20221111) already exists.

[2026-08-04T05:06:54.447+0000] {taskinstance.py:1206} INFO - Marking task as UP_FOR_RETRY. dag_id=football_etl, task_id=warehouse_load, run_id=scheduled__2026-08-04T05:04:00+00:00, execution_date=20260804T050400, start_date=20260804T050623, end_date=20260804T050654
[2026-08-04T05:06:54.462+0000] {standard_task_runner.py:110} ERROR - Failed to execute job 787 for task warehouse_load (duplicate key value violates unique constraint "fact_team_season_performance_team_key_season_key_date_key_key"
DETAIL:  Key (team_key, season_key, date_key)=(3, 2, 20221111) already exists.
; 1034)
[2026-08-04T05:06:54.492+0000] {local_task_job_runner.py:243} INFO - Task exited with return code 1
[2026-08-04T05:06:54.514+0000] {taskinstance.py:3503} INFO - 0 downstream tasks scheduled from follow-on schedule check
[2026-08-04T05:06:54.517+0000] {local_task_job_runner.py:222} INFO - ::endgroup::
