[2026-08-04T15:10:04.295+0000] {local_task_job_runner.py:120} INFO - ::group::Pre task execution logs
[2026-08-04T15:10:04.333+0000] {taskinstance.py:2076} INFO - Dependencies all met for dep_context=non-requeueable deps ti=<TaskInstance: football_etl.warehouse_load scheduled__2026-08-04T15:08:00+00:00 [queued]>
[2026-08-04T15:10:04.342+0000] {taskinstance.py:2076} INFO - Dependencies all met for dep_context=requeueable deps ti=<TaskInstance: football_etl.warehouse_load scheduled__2026-08-04T15:08:00+00:00 [queued]>
[2026-08-04T15:10:04.343+0000] {taskinstance.py:2306} INFO - Starting attempt 1 of 4
[2026-08-04T15:10:04.357+0000] {taskinstance.py:2330} INFO - Executing <Task(PythonOperator): warehouse_load> on 2026-08-04 15:08:00+00:00
[2026-08-04T15:10:04.366+0000] {logging_mixin.py:188} WARNING - /home/airflow/.local/lib/python3.12/site-packages/airflow/task/task_runner/standard_task_runner.py:62 DeprecationWarning: This process (pid=794) is multi-threaded, use of fork() may lead to deadlocks in the child.
[2026-08-04T15:10:04.367+0000] {standard_task_runner.py:64} INFO - Started process 795 to run task
[2026-08-04T15:10:04.366+0000] {standard_task_runner.py:90} INFO - Running: ['airflow', 'tasks', 'run', 'football_etl', 'warehouse_load', 'scheduled__2026-08-04T15:08:00+00:00', '--job-id', '1307', '--raw', '--subdir', 'DAGS_FOLDER/football_etl_dag.py', '--cfg-path', '/tmp/tmpsewzz5oj']
[2026-08-04T15:10:04.369+0000] {standard_task_runner.py:91} INFO - Job 1307: Subtask warehouse_load
[2026-08-04T15:10:04.446+0000] {task_command.py:426} INFO - Running <TaskInstance: football_etl.warehouse_load scheduled__2026-08-04T15:08:00+00:00 [running]> on host b478b38d86c0
[2026-08-04T15:10:04.567+0000] {taskinstance.py:2648} INFO - Exporting env vars: AIRFLOW_CTX_DAG_OWNER='airflow' AIRFLOW_CTX_DAG_ID='football_etl' AIRFLOW_CTX_TASK_ID='warehouse_load' AIRFLOW_CTX_EXECUTION_DATE='2026-08-04T15:08:00+00:00' AIRFLOW_CTX_TRY_NUMBER='1' AIRFLOW_CTX_DAG_RUN_ID='scheduled__2026-08-04T15:08:00+00:00'
[2026-08-04T15:10:04.569+0000] {taskinstance.py:430} INFO - ::endgroup::
[2026-08-04T15:10:26.284+0000] {warehouse_load.py:126} INFO - Fetched 15598 rows from OLTP for warehouse load
[2026-08-04T15:10:35.252+0000] {local_task_job_runner.py:124} ERROR - Received SIGTERM. Terminating subprocesses
[2026-08-04T15:10:35.299+0000] {process_utils.py:132} INFO - Sending 15 to group 795. PIDs of all processes in the group: [795]
[2026-08-04T15:10:35.301+0000] {process_utils.py:87} INFO - Sending the signal 15 to group 795
[2026-08-04T15:10:35.303+0000] {taskinstance.py:2611} ERROR - Received SIGTERM. Terminating subprocesses.
[2026-08-04T15:10:35.309+0000] {taskinstance.py:441} INFO - ::group::Post task execution logs
[2026-08-04T15:10:35.379+0000] {taskinstance.py:2905} ERROR - Task failed with exception
Traceback (most recent call last):
  File "/home/airflow/.local/lib/python3.12/site-packages/airflow/models/taskinstance.py", line 465, in _execute_task
    result = _execute_callable(context=context, **execute_callable_kwargs)
             ^^^^^^^^^^^^^^^^^^^^^^^^^^^^^^^^^^^^^^^^^^^^^^^^^^^^^^^^^^^^^
  File "/home/airflow/.local/lib/python3.12/site-packages/airflow/models/taskinstance.py", line 432, in _execute_callable
    return execute_callable(context=context, **execute_callable_kwargs)
           ^^^^^^^^^^^^^^^^^^^^^^^^^^^^^^^^^^^^^^^^^^^^^^^^^^^^^^^^^^^^
  File "/home/airflow/.local/lib/python3.12/site-packages/airflow/models/baseoperator.py", line 401, in wrapper
    return func(self, *args, **kwargs)
           ^^^^^^^^^^^^^^^^^^^^^^^^^^^
  File "/home/airflow/.local/lib/python3.12/site-packages/airflow/operators/python.py", line 235, in execute
    return_value = self.execute_callable()
                   ^^^^^^^^^^^^^^^^^^^^^^^
  File "/home/airflow/.local/lib/python3.12/site-packages/airflow/operators/python.py", line 252, in execute_callable
    return self.python_callable(*self.op_args, **self.op_kwargs)
           ^^^^^^^^^^^^^^^^^^^^^^^^^^^^^^^^^^^^^^^^^^^^^^^^^^^^^
  File "/opt/airflow/dags/football_etl_dag.py", line 33, in run_warehouse_load
    run_warehouse_etl()
  File "/opt/airflow/pipeline/warehouse_load.py", line 138, in run_warehouse_etl
    top_scorer_key = (get_or_create_dim_player(dwh_cur, player_cache, scorer_name, scorer_role)
                      ^^^^^^^^^^^^^^^^^^^^^^^^^^^^^^^^^^^^^^^^^^^^^^^^^^^^^^^^^^^^^^^^^^^^^^^^^
  File "/opt/airflow/pipeline/warehouse_load.py", line 72, in get_or_create_dim_player
    dwh_cur.execute("SELECT player_key FROM dim_player WHERE player_name=%s AND role=%s",
  File "/usr/local/lib/python3.12/encodings/utf_8.py", line 15, in decode
    def decode(input, errors='strict'):
    
  File "/home/airflow/.local/lib/python3.12/site-packages/airflow/models/taskinstance.py", line 2613, in signal_handler
    raise AirflowTaskTerminated("Task received SIGTERM signal")
airflow.exceptions.AirflowTaskTerminated: Task received SIGTERM signal
[2026-08-04T15:10:35.448+0000] {taskinstance.py:1206} INFO - Marking task as UP_FOR_RETRY. dag_id=football_etl, task_id=warehouse_load, run_id=scheduled__2026-08-04T15:08:00+00:00, execution_date=20260804T150800, start_date=20260804T151004, end_date=20260804T151035
[2026-08-04T15:10:35.584+0000] {process_utils.py:80} INFO - Process psutil.Process(pid=795, status='terminated', exitcode=2, started='15:10:04') (795) terminated with exit code 2
[2026-08-04T15:10:35.587+0000] {local_task_job_runner.py:243} INFO - Task exited with return code 143
[2026-08-04T15:10:35.652+0000] {taskinstance.py:3503} INFO - 0 downstream tasks scheduled from follow-on schedule check
[2026-08-04T15:10:38.238+0000] {local_task_job_runner.py:124} ERROR - Received SIGTERM. Terminating subprocesses
