[2026-08-08T15:26:49.674+0000] {processor.py:161} INFO - Started process (PID=163) to work on /opt/airflow/dags/football_etl_dag.py
[2026-08-08T15:26:49.678+0000] {processor.py:830} INFO - Processing file /opt/airflow/dags/football_etl_dag.py for tasks to queue
[2026-08-08T15:26:49.699+0000] {logging_mixin.py:188} INFO - [2026-08-08T15:26:49.698+0000] {dagbag.py:545} INFO - Filling up the DagBag from /opt/airflow/dags/football_etl_dag.py
[2026-08-08T15:26:49.861+0000] {processor.py:840} INFO - DAG(s) 'football_etl' retrieved from /opt/airflow/dags/football_etl_dag.py
[2026-08-08T15:26:50.806+0000] {logging_mixin.py:188} INFO - [2026-08-08T15:26:50.805+0000] {dag.py:3089} INFO - Sync 1 DAGs
[2026-08-08T15:26:50.891+0000] {logging_mixin.py:188} INFO - [2026-08-08T15:26:50.891+0000] {dag.py:3947} INFO - Setting next_dagrun for football_etl to 2026-08-08 15:26:00+00:00, run_after=2026-08-08 15:28:00+00:00
[2026-08-08T15:26:50.975+0000] {processor.py:183} INFO - Processing /opt/airflow/dags/football_etl_dag.py took 1.340 seconds
[2026-08-08T15:27:21.499+0000] {processor.py:161} INFO - Started process (PID=181) to work on /opt/airflow/dags/football_etl_dag.py
[2026-08-08T15:27:21.507+0000] {processor.py:830} INFO - Processing file /opt/airflow/dags/football_etl_dag.py for tasks to queue
[2026-08-08T15:27:21.515+0000] {logging_mixin.py:188} INFO - [2026-08-08T15:27:21.514+0000] {dagbag.py:545} INFO - Filling up the DagBag from /opt/airflow/dags/football_etl_dag.py
[2026-08-08T15:27:21.641+0000] {processor.py:840} INFO - DAG(s) 'football_etl' retrieved from /opt/airflow/dags/football_etl_dag.py
[2026-08-08T15:27:21.830+0000] {logging_mixin.py:188} INFO - [2026-08-08T15:27:21.829+0000] {dag.py:3089} INFO - Sync 1 DAGs
[2026-08-08T15:27:22.026+0000] {logging_mixin.py:188} INFO - [2026-08-08T15:27:22.018+0000] {dag.py:3947} INFO - Setting next_dagrun for football_etl to 2026-08-08 15:26:00+00:00, run_after=2026-08-08 15:28:00+00:00
[2026-08-08T15:27:22.134+0000] {processor.py:183} INFO - Processing /opt/airflow/dags/football_etl_dag.py took 0.666 seconds
[2026-08-08T15:27:52.763+0000] {processor.py:161} INFO - Started process (PID=186) to work on /opt/airflow/dags/football_etl_dag.py
[2026-08-08T15:27:52.773+0000] {processor.py:830} INFO - Processing file /opt/airflow/dags/football_etl_dag.py for tasks to queue
[2026-08-08T15:27:52.787+0000] {logging_mixin.py:188} INFO - [2026-08-08T15:27:52.786+0000] {dagbag.py:545} INFO - Filling up the DagBag from /opt/airflow/dags/football_etl_dag.py
[2026-08-08T15:27:52.896+0000] {processor.py:840} INFO - DAG(s) 'football_etl' retrieved from /opt/airflow/dags/football_etl_dag.py
[2026-08-08T15:27:53.068+0000] {logging_mixin.py:188} INFO - [2026-08-08T15:27:53.068+0000] {dag.py:3089} INFO - Sync 1 DAGs
[2026-08-08T15:27:53.185+0000] {logging_mixin.py:188} INFO - [2026-08-08T15:27:53.185+0000] {dag.py:3947} INFO - Setting next_dagrun for football_etl to 2026-08-08 15:26:00+00:00, run_after=2026-08-08 15:28:00+00:00
[2026-08-08T15:27:53.297+0000] {processor.py:183} INFO - Processing /opt/airflow/dags/football_etl_dag.py took 0.563 seconds
[2026-08-08T15:28:23.950+0000] {processor.py:161} INFO - Started process (PID=199) to work on /opt/airflow/dags/football_etl_dag.py
[2026-08-08T15:28:23.981+0000] {processor.py:830} INFO - Processing file /opt/airflow/dags/football_etl_dag.py for tasks to queue
[2026-08-08T15:28:24.000+0000] {logging_mixin.py:188} INFO - [2026-08-08T15:28:23.998+0000] {dagbag.py:545} INFO - Filling up the DagBag from /opt/airflow/dags/football_etl_dag.py
[2026-08-08T15:28:24.169+0000] {processor.py:840} INFO - DAG(s) 'football_etl' retrieved from /opt/airflow/dags/football_etl_dag.py
[2026-08-08T15:28:24.438+0000] {logging_mixin.py:188} INFO - [2026-08-08T15:28:24.437+0000] {dag.py:3089} INFO - Sync 1 DAGs
[2026-08-08T15:28:24.601+0000] {logging_mixin.py:188} INFO - [2026-08-08T15:28:24.600+0000] {dag.py:3947} INFO - Setting next_dagrun for football_etl to 2026-08-08 15:28:00+00:00, run_after=2026-08-08 15:30:00+00:00
[2026-08-08T15:28:24.756+0000] {processor.py:183} INFO - Processing /opt/airflow/dags/football_etl_dag.py took 0.875 seconds
[2026-08-08T15:28:55.075+0000] {processor.py:161} INFO - Started process (PID=204) to work on /opt/airflow/dags/football_etl_dag.py
[2026-08-08T15:28:55.084+0000] {processor.py:830} INFO - Processing file /opt/airflow/dags/football_etl_dag.py for tasks to queue
[2026-08-08T15:28:55.111+0000] {logging_mixin.py:188} INFO - [2026-08-08T15:28:55.109+0000] {dagbag.py:545} INFO - Filling up the DagBag from /opt/airflow/dags/football_etl_dag.py
[2026-08-08T15:28:55.262+0000] {processor.py:840} INFO - DAG(s) 'football_etl' retrieved from /opt/airflow/dags/football_etl_dag.py
[2026-08-08T15:28:55.411+0000] {logging_mixin.py:188} INFO - [2026-08-08T15:28:55.410+0000] {dag.py:3089} INFO - Sync 1 DAGs
[2026-08-08T15:28:55.494+0000] {logging_mixin.py:188} INFO - [2026-08-08T15:28:55.493+0000] {dag.py:3947} INFO - Setting next_dagrun for football_etl to 2026-08-08 15:28:00+00:00, run_after=2026-08-08 15:30:00+00:00
[2026-08-08T15:28:55.551+0000] {processor.py:183} INFO - Processing /opt/airflow/dags/football_etl_dag.py took 0.510 seconds
[2026-08-08T15:29:25.823+0000] {processor.py:161} INFO - Started process (PID=209) to work on /opt/airflow/dags/football_etl_dag.py
[2026-08-08T15:29:25.826+0000] {processor.py:830} INFO - Processing file /opt/airflow/dags/football_etl_dag.py for tasks to queue
[2026-08-08T15:29:25.830+0000] {logging_mixin.py:188} INFO - [2026-08-08T15:29:25.830+0000] {dagbag.py:545} INFO - Filling up the DagBag from /opt/airflow/dags/football_etl_dag.py
[2026-08-08T15:29:25.874+0000] {processor.py:840} INFO - DAG(s) 'football_etl' retrieved from /opt/airflow/dags/football_etl_dag.py
[2026-08-08T15:29:25.937+0000] {logging_mixin.py:188} INFO - [2026-08-08T15:29:25.937+0000] {dag.py:3089} INFO - Sync 1 DAGs
[2026-08-08T15:29:25.985+0000] {logging_mixin.py:188} INFO - [2026-08-08T15:29:25.984+0000] {dag.py:3947} INFO - Setting next_dagrun for football_etl to 2026-08-08 15:28:00+00:00, run_after=2026-08-08 15:30:00+00:00
[2026-08-08T15:29:26.021+0000] {processor.py:183} INFO - Processing /opt/airflow/dags/football_etl_dag.py took 0.211 seconds
[2026-08-08T15:29:56.326+0000] {processor.py:161} INFO - Started process (PID=214) to work on /opt/airflow/dags/football_etl_dag.py
[2026-08-08T15:29:56.329+0000] {processor.py:830} INFO - Processing file /opt/airflow/dags/football_etl_dag.py for tasks to queue
[2026-08-08T15:29:56.335+0000] {logging_mixin.py:188} INFO - [2026-08-08T15:29:56.334+0000] {dagbag.py:545} INFO - Filling up the DagBag from /opt/airflow/dags/football_etl_dag.py
[2026-08-08T15:29:56.378+0000] {processor.py:840} INFO - DAG(s) 'football_etl' retrieved from /opt/airflow/dags/football_etl_dag.py
[2026-08-08T15:29:56.444+0000] {logging_mixin.py:188} INFO - [2026-08-08T15:29:56.444+0000] {dag.py:3089} INFO - Sync 1 DAGs
[2026-08-08T15:29:56.490+0000] {logging_mixin.py:188} INFO - [2026-08-08T15:29:56.490+0000] {dag.py:3947} INFO - Setting next_dagrun for football_etl to 2026-08-08 15:28:00+00:00, run_after=2026-08-08 15:30:00+00:00
[2026-08-08T15:29:56.579+0000] {processor.py:183} INFO - Processing /opt/airflow/dags/football_etl_dag.py took 0.270 seconds
[2026-08-08T15:30:26.846+0000] {processor.py:161} INFO - Started process (PID=227) to work on /opt/airflow/dags/football_etl_dag.py
[2026-08-08T15:30:26.849+0000] {processor.py:830} INFO - Processing file /opt/airflow/dags/football_etl_dag.py for tasks to queue
[2026-08-08T15:30:26.855+0000] {logging_mixin.py:188} INFO - [2026-08-08T15:30:26.854+0000] {dagbag.py:545} INFO - Filling up the DagBag from /opt/airflow/dags/football_etl_dag.py
[2026-08-08T15:30:26.899+0000] {processor.py:840} INFO - DAG(s) 'football_etl' retrieved from /opt/airflow/dags/football_etl_dag.py
[2026-08-08T15:30:26.964+0000] {logging_mixin.py:188} INFO - [2026-08-08T15:30:26.963+0000] {dag.py:3089} INFO - Sync 1 DAGs
[2026-08-08T15:30:27.012+0000] {logging_mixin.py:188} INFO - [2026-08-08T15:30:27.012+0000] {dag.py:3947} INFO - Setting next_dagrun for football_etl to 2026-08-08 15:30:00+00:00, run_after=2026-08-08 15:32:00+00:00
[2026-08-08T15:30:27.047+0000] {processor.py:183} INFO - Processing /opt/airflow/dags/football_etl_dag.py took 0.213 seconds
[2026-08-08T15:30:57.304+0000] {processor.py:161} INFO - Started process (PID=232) to work on /opt/airflow/dags/football_etl_dag.py
[2026-08-08T15:30:57.308+0000] {processor.py:830} INFO - Processing file /opt/airflow/dags/football_etl_dag.py for tasks to queue
[2026-08-08T15:30:57.314+0000] {logging_mixin.py:188} INFO - [2026-08-08T15:30:57.313+0000] {dagbag.py:545} INFO - Filling up the DagBag from /opt/airflow/dags/football_etl_dag.py
[2026-08-08T15:30:57.364+0000] {processor.py:840} INFO - DAG(s) 'football_etl' retrieved from /opt/airflow/dags/football_etl_dag.py
[2026-08-08T15:30:57.441+0000] {logging_mixin.py:188} INFO - [2026-08-08T15:30:57.440+0000] {dag.py:3089} INFO - Sync 1 DAGs
[2026-08-08T15:30:57.487+0000] {logging_mixin.py:188} INFO - [2026-08-08T15:30:57.486+0000] {dag.py:3947} INFO - Setting next_dagrun for football_etl to 2026-08-08 15:30:00+00:00, run_after=2026-08-08 15:32:00+00:00
[2026-08-08T15:30:57.522+0000] {processor.py:183} INFO - Processing /opt/airflow/dags/football_etl_dag.py took 0.237 seconds
[2026-08-08T15:31:27.830+0000] {processor.py:161} INFO - Started process (PID=237) to work on /opt/airflow/dags/football_etl_dag.py
[2026-08-08T15:31:27.833+0000] {processor.py:830} INFO - Processing file /opt/airflow/dags/football_etl_dag.py for tasks to queue
[2026-08-08T15:31:27.836+0000] {logging_mixin.py:188} INFO - [2026-08-08T15:31:27.836+0000] {dagbag.py:545} INFO - Filling up the DagBag from /opt/airflow/dags/football_etl_dag.py
[2026-08-08T15:31:27.876+0000] {processor.py:840} INFO - DAG(s) 'football_etl' retrieved from /opt/airflow/dags/football_etl_dag.py
[2026-08-08T15:31:27.936+0000] {logging_mixin.py:188} INFO - [2026-08-08T15:31:27.936+0000] {dag.py:3089} INFO - Sync 1 DAGs
[2026-08-08T15:31:27.992+0000] {logging_mixin.py:188} INFO - [2026-08-08T15:31:27.992+0000] {dag.py:3947} INFO - Setting next_dagrun for football_etl to 2026-08-08 15:30:00+00:00, run_after=2026-08-08 15:32:00+00:00
[2026-08-08T15:31:28.029+0000] {processor.py:183} INFO - Processing /opt/airflow/dags/football_etl_dag.py took 0.209 seconds
[2026-08-08T15:31:58.334+0000] {processor.py:161} INFO - Started process (PID=242) to work on /opt/airflow/dags/football_etl_dag.py
[2026-08-08T15:31:58.337+0000] {processor.py:830} INFO - Processing file /opt/airflow/dags/football_etl_dag.py for tasks to queue
[2026-08-08T15:31:58.344+0000] {logging_mixin.py:188} INFO - [2026-08-08T15:31:58.343+0000] {dagbag.py:545} INFO - Filling up the DagBag from /opt/airflow/dags/football_etl_dag.py
[2026-08-08T15:31:58.408+0000] {processor.py:840} INFO - DAG(s) 'football_etl' retrieved from /opt/airflow/dags/football_etl_dag.py
[2026-08-08T15:31:58.489+0000] {logging_mixin.py:188} INFO - [2026-08-08T15:31:58.488+0000] {dag.py:3089} INFO - Sync 1 DAGs
[2026-08-08T15:31:58.538+0000] {logging_mixin.py:188} INFO - [2026-08-08T15:31:58.538+0000] {dag.py:3947} INFO - Setting next_dagrun for football_etl to 2026-08-08 15:30:00+00:00, run_after=2026-08-08 15:32:00+00:00
[2026-08-08T15:31:58.586+0000] {processor.py:183} INFO - Processing /opt/airflow/dags/football_etl_dag.py took 0.274 seconds
[2026-08-08T15:32:28.848+0000] {processor.py:161} INFO - Started process (PID=255) to work on /opt/airflow/dags/football_etl_dag.py
[2026-08-08T15:32:28.851+0000] {processor.py:830} INFO - Processing file /opt/airflow/dags/football_etl_dag.py for tasks to queue
[2026-08-08T15:32:28.856+0000] {logging_mixin.py:188} INFO - [2026-08-08T15:32:28.855+0000] {dagbag.py:545} INFO - Filling up the DagBag from /opt/airflow/dags/football_etl_dag.py
[2026-08-08T15:32:28.899+0000] {processor.py:840} INFO - DAG(s) 'football_etl' retrieved from /opt/airflow/dags/football_etl_dag.py
[2026-08-08T15:32:28.960+0000] {logging_mixin.py:188} INFO - [2026-08-08T15:32:28.960+0000] {dag.py:3089} INFO - Sync 1 DAGs
[2026-08-08T15:32:29.003+0000] {logging_mixin.py:188} INFO - [2026-08-08T15:32:29.003+0000] {dag.py:3947} INFO - Setting next_dagrun for football_etl to 2026-08-08 15:32:00+00:00, run_after=2026-08-08 15:34:00+00:00
[2026-08-08T15:32:29.040+0000] {processor.py:183} INFO - Processing /opt/airflow/dags/football_etl_dag.py took 0.206 seconds
[2026-08-08T15:32:59.293+0000] {processor.py:161} INFO - Started process (PID=260) to work on /opt/airflow/dags/football_etl_dag.py
[2026-08-08T15:32:59.295+0000] {processor.py:830} INFO - Processing file /opt/airflow/dags/football_etl_dag.py for tasks to queue
[2026-08-08T15:32:59.300+0000] {logging_mixin.py:188} INFO - [2026-08-08T15:32:59.299+0000] {dagbag.py:545} INFO - Filling up the DagBag from /opt/airflow/dags/football_etl_dag.py
[2026-08-08T15:32:59.343+0000] {processor.py:840} INFO - DAG(s) 'football_etl' retrieved from /opt/airflow/dags/football_etl_dag.py
[2026-08-08T15:32:59.406+0000] {logging_mixin.py:188} INFO - [2026-08-08T15:32:59.406+0000] {dag.py:3089} INFO - Sync 1 DAGs
[2026-08-08T15:32:59.451+0000] {logging_mixin.py:188} INFO - [2026-08-08T15:32:59.451+0000] {dag.py:3947} INFO - Setting next_dagrun for football_etl to 2026-08-08 15:32:00+00:00, run_after=2026-08-08 15:34:00+00:00
[2026-08-08T15:32:59.485+0000] {processor.py:183} INFO - Processing /opt/airflow/dags/football_etl_dag.py took 0.205 seconds
[2026-08-08T15:33:29.605+0000] {processor.py:161} INFO - Started process (PID=265) to work on /opt/airflow/dags/football_etl_dag.py
[2026-08-08T15:33:29.608+0000] {processor.py:830} INFO - Processing file /opt/airflow/dags/football_etl_dag.py for tasks to queue
[2026-08-08T15:33:29.614+0000] {logging_mixin.py:188} INFO - [2026-08-08T15:33:29.613+0000] {dagbag.py:545} INFO - Filling up the DagBag from /opt/airflow/dags/football_etl_dag.py
[2026-08-08T15:33:29.660+0000] {processor.py:840} INFO - DAG(s) 'football_etl' retrieved from /opt/airflow/dags/football_etl_dag.py
[2026-08-08T15:33:29.728+0000] {logging_mixin.py:188} INFO - [2026-08-08T15:33:29.728+0000] {dag.py:3089} INFO - Sync 1 DAGs
[2026-08-08T15:33:29.793+0000] {logging_mixin.py:188} INFO - [2026-08-08T15:33:29.792+0000] {dag.py:3947} INFO - Setting next_dagrun for football_etl to 2026-08-08 15:32:00+00:00, run_after=2026-08-08 15:34:00+00:00
[2026-08-08T15:33:29.846+0000] {processor.py:183} INFO - Processing /opt/airflow/dags/football_etl_dag.py took 0.254 seconds
[2026-08-08T15:34:00.164+0000] {processor.py:161} INFO - Started process (PID=270) to work on /opt/airflow/dags/football_etl_dag.py
[2026-08-08T15:34:00.167+0000] {processor.py:830} INFO - Processing file /opt/airflow/dags/football_etl_dag.py for tasks to queue
[2026-08-08T15:34:00.172+0000] {logging_mixin.py:188} INFO - [2026-08-08T15:34:00.171+0000] {dagbag.py:545} INFO - Filling up the DagBag from /opt/airflow/dags/football_etl_dag.py
[2026-08-08T15:34:00.216+0000] {processor.py:840} INFO - DAG(s) 'football_etl' retrieved from /opt/airflow/dags/football_etl_dag.py
[2026-08-08T15:34:00.279+0000] {logging_mixin.py:188} INFO - [2026-08-08T15:34:00.278+0000] {dag.py:3089} INFO - Sync 1 DAGs
[2026-08-08T15:34:00.322+0000] {logging_mixin.py:188} INFO - [2026-08-08T15:34:00.322+0000] {dag.py:3947} INFO - Setting next_dagrun for football_etl to 2026-08-08 15:32:00+00:00, run_after=2026-08-08 15:34:00+00:00
[2026-08-08T15:34:00.360+0000] {processor.py:183} INFO - Processing /opt/airflow/dags/football_etl_dag.py took 0.208 seconds
[2026-08-08T15:34:30.615+0000] {processor.py:161} INFO - Started process (PID=283) to work on /opt/airflow/dags/football_etl_dag.py
[2026-08-08T15:34:30.618+0000] {processor.py:830} INFO - Processing file /opt/airflow/dags/football_etl_dag.py for tasks to queue
[2026-08-08T15:34:30.623+0000] {logging_mixin.py:188} INFO - [2026-08-08T15:34:30.623+0000] {dagbag.py:545} INFO - Filling up the DagBag from /opt/airflow/dags/football_etl_dag.py
[2026-08-08T15:34:30.668+0000] {processor.py:840} INFO - DAG(s) 'football_etl' retrieved from /opt/airflow/dags/football_etl_dag.py
[2026-08-08T15:34:30.742+0000] {logging_mixin.py:188} INFO - [2026-08-08T15:34:30.741+0000] {dag.py:3089} INFO - Sync 1 DAGs
[2026-08-08T15:34:30.796+0000] {logging_mixin.py:188} INFO - [2026-08-08T15:34:30.796+0000] {dag.py:3947} INFO - Setting next_dagrun for football_etl to 2026-08-08 15:34:00+00:00, run_after=2026-08-08 15:36:00+00:00
[2026-08-08T15:34:30.832+0000] {processor.py:183} INFO - Processing /opt/airflow/dags/football_etl_dag.py took 0.230 seconds
[2026-08-08T15:35:01.073+0000] {processor.py:161} INFO - Started process (PID=288) to work on /opt/airflow/dags/football_etl_dag.py
[2026-08-08T15:35:01.075+0000] {processor.py:830} INFO - Processing file /opt/airflow/dags/football_etl_dag.py for tasks to queue
[2026-08-08T15:35:01.080+0000] {logging_mixin.py:188} INFO - [2026-08-08T15:35:01.079+0000] {dagbag.py:545} INFO - Filling up the DagBag from /opt/airflow/dags/football_etl_dag.py
[2026-08-08T15:35:01.123+0000] {processor.py:840} INFO - DAG(s) 'football_etl' retrieved from /opt/airflow/dags/football_etl_dag.py
[2026-08-08T15:35:01.183+0000] {logging_mixin.py:188} INFO - [2026-08-08T15:35:01.183+0000] {dag.py:3089} INFO - Sync 1 DAGs
[2026-08-08T15:35:01.228+0000] {logging_mixin.py:188} INFO - [2026-08-08T15:35:01.228+0000] {dag.py:3947} INFO - Setting next_dagrun for football_etl to 2026-08-08 15:34:00+00:00, run_after=2026-08-08 15:36:00+00:00
[2026-08-08T15:35:01.263+0000] {processor.py:183} INFO - Processing /opt/airflow/dags/football_etl_dag.py took 0.202 seconds
[2026-08-08T15:35:31.424+0000] {processor.py:161} INFO - Started process (PID=293) to work on /opt/airflow/dags/football_etl_dag.py
[2026-08-08T15:35:31.427+0000] {processor.py:830} INFO - Processing file /opt/airflow/dags/football_etl_dag.py for tasks to queue
[2026-08-08T15:35:31.431+0000] {logging_mixin.py:188} INFO - [2026-08-08T15:35:31.431+0000] {dagbag.py:545} INFO - Filling up the DagBag from /opt/airflow/dags/football_etl_dag.py
[2026-08-08T15:35:31.481+0000] {processor.py:840} INFO - DAG(s) 'football_etl' retrieved from /opt/airflow/dags/football_etl_dag.py
[2026-08-08T15:35:31.545+0000] {logging_mixin.py:188} INFO - [2026-08-08T15:35:31.544+0000] {dag.py:3089} INFO - Sync 1 DAGs
[2026-08-08T15:35:31.590+0000] {logging_mixin.py:188} INFO - [2026-08-08T15:35:31.589+0000] {dag.py:3947} INFO - Setting next_dagrun for football_etl to 2026-08-08 15:34:00+00:00, run_after=2026-08-08 15:36:00+00:00
[2026-08-08T15:35:31.627+0000] {processor.py:183} INFO - Processing /opt/airflow/dags/football_etl_dag.py took 0.218 seconds
[2026-08-08T15:36:01.938+0000] {processor.py:161} INFO - Started process (PID=301) to work on /opt/airflow/dags/football_etl_dag.py
[2026-08-08T15:36:01.941+0000] {processor.py:830} INFO - Processing file /opt/airflow/dags/football_etl_dag.py for tasks to queue
[2026-08-08T15:36:01.945+0000] {logging_mixin.py:188} INFO - [2026-08-08T15:36:01.945+0000] {dagbag.py:545} INFO - Filling up the DagBag from /opt/airflow/dags/football_etl_dag.py
[2026-08-08T15:36:01.987+0000] {processor.py:840} INFO - DAG(s) 'football_etl' retrieved from /opt/airflow/dags/football_etl_dag.py
[2026-08-08T15:36:02.050+0000] {logging_mixin.py:188} INFO - [2026-08-08T15:36:02.049+0000] {dag.py:3089} INFO - Sync 1 DAGs
[2026-08-08T15:36:02.098+0000] {logging_mixin.py:188} INFO - [2026-08-08T15:36:02.097+0000] {dag.py:3947} INFO - Setting next_dagrun for football_etl to 2026-08-08 15:36:00+00:00, run_after=2026-08-08 15:38:00+00:00
[2026-08-08T15:36:02.135+0000] {processor.py:183} INFO - Processing /opt/airflow/dags/football_etl_dag.py took 0.209 seconds
[2026-08-08T15:36:32.391+0000] {processor.py:161} INFO - Started process (PID=311) to work on /opt/airflow/dags/football_etl_dag.py
[2026-08-08T15:36:32.394+0000] {processor.py:830} INFO - Processing file /opt/airflow/dags/football_etl_dag.py for tasks to queue
[2026-08-08T15:36:32.401+0000] {logging_mixin.py:188} INFO - [2026-08-08T15:36:32.400+0000] {dagbag.py:545} INFO - Filling up the DagBag from /opt/airflow/dags/football_etl_dag.py
[2026-08-08T15:36:32.450+0000] {processor.py:840} INFO - DAG(s) 'football_etl' retrieved from /opt/airflow/dags/football_etl_dag.py
[2026-08-08T15:36:32.553+0000] {logging_mixin.py:188} INFO - [2026-08-08T15:36:32.553+0000] {dag.py:3089} INFO - Sync 1 DAGs
[2026-08-08T15:36:32.654+0000] {logging_mixin.py:188} INFO - [2026-08-08T15:36:32.654+0000] {dag.py:3947} INFO - Setting next_dagrun for football_etl to 2026-08-08 15:36:00+00:00, run_after=2026-08-08 15:38:00+00:00
[2026-08-08T15:36:32.725+0000] {processor.py:183} INFO - Processing /opt/airflow/dags/football_etl_dag.py took 0.347 seconds
[2026-08-08T15:37:03.001+0000] {processor.py:161} INFO - Started process (PID=316) to work on /opt/airflow/dags/football_etl_dag.py
[2026-08-08T15:37:03.004+0000] {processor.py:830} INFO - Processing file /opt/airflow/dags/football_etl_dag.py for tasks to queue
[2026-08-08T15:37:03.008+0000] {logging_mixin.py:188} INFO - [2026-08-08T15:37:03.008+0000] {dagbag.py:545} INFO - Filling up the DagBag from /opt/airflow/dags/football_etl_dag.py
[2026-08-08T15:37:03.051+0000] {processor.py:840} INFO - DAG(s) 'football_etl' retrieved from /opt/airflow/dags/football_etl_dag.py
[2026-08-08T15:37:03.114+0000] {logging_mixin.py:188} INFO - [2026-08-08T15:37:03.114+0000] {dag.py:3089} INFO - Sync 1 DAGs
[2026-08-08T15:37:03.161+0000] {logging_mixin.py:188} INFO - [2026-08-08T15:37:03.161+0000] {dag.py:3947} INFO - Setting next_dagrun for football_etl to 2026-08-08 15:36:00+00:00, run_after=2026-08-08 15:38:00+00:00
[2026-08-08T15:37:03.199+0000] {processor.py:183} INFO - Processing /opt/airflow/dags/football_etl_dag.py took 0.211 seconds
[2026-08-08T15:37:33.311+0000] {processor.py:161} INFO - Started process (PID=321) to work on /opt/airflow/dags/football_etl_dag.py
[2026-08-08T15:37:33.314+0000] {processor.py:830} INFO - Processing file /opt/airflow/dags/football_etl_dag.py for tasks to queue
[2026-08-08T15:37:33.318+0000] {logging_mixin.py:188} INFO - [2026-08-08T15:37:33.318+0000] {dagbag.py:545} INFO - Filling up the DagBag from /opt/airflow/dags/football_etl_dag.py
[2026-08-08T15:37:33.380+0000] {processor.py:840} INFO - DAG(s) 'football_etl' retrieved from /opt/airflow/dags/football_etl_dag.py
[2026-08-08T15:37:33.467+0000] {logging_mixin.py:188} INFO - [2026-08-08T15:37:33.467+0000] {dag.py:3089} INFO - Sync 1 DAGs
[2026-08-08T15:37:33.514+0000] {logging_mixin.py:188} INFO - [2026-08-08T15:37:33.514+0000] {dag.py:3947} INFO - Setting next_dagrun for football_etl to 2026-08-08 15:36:00+00:00, run_after=2026-08-08 15:38:00+00:00
[2026-08-08T15:37:33.548+0000] {processor.py:183} INFO - Processing /opt/airflow/dags/football_etl_dag.py took 0.251 seconds
[2026-08-08T15:38:03.867+0000] {processor.py:161} INFO - Started process (PID=332) to work on /opt/airflow/dags/football_etl_dag.py
[2026-08-08T15:38:03.870+0000] {processor.py:830} INFO - Processing file /opt/airflow/dags/football_etl_dag.py for tasks to queue
[2026-08-08T15:38:03.875+0000] {logging_mixin.py:188} INFO - [2026-08-08T15:38:03.874+0000] {dagbag.py:545} INFO - Filling up the DagBag from /opt/airflow/dags/football_etl_dag.py
[2026-08-08T15:38:03.919+0000] {processor.py:840} INFO - DAG(s) 'football_etl' retrieved from /opt/airflow/dags/football_etl_dag.py
[2026-08-08T15:38:03.978+0000] {logging_mixin.py:188} INFO - [2026-08-08T15:38:03.978+0000] {dag.py:3089} INFO - Sync 1 DAGs
[2026-08-08T15:38:04.022+0000] {logging_mixin.py:188} INFO - [2026-08-08T15:38:04.022+0000] {dag.py:3947} INFO - Setting next_dagrun for football_etl to 2026-08-08 15:38:00+00:00, run_after=2026-08-08 15:40:00+00:00
[2026-08-08T15:38:04.058+0000] {processor.py:183} INFO - Processing /opt/airflow/dags/football_etl_dag.py took 0.205 seconds
[2026-08-08T15:38:34.295+0000] {processor.py:161} INFO - Started process (PID=339) to work on /opt/airflow/dags/football_etl_dag.py
[2026-08-08T15:38:34.298+0000] {processor.py:830} INFO - Processing file /opt/airflow/dags/football_etl_dag.py for tasks to queue
[2026-08-08T15:38:34.303+0000] {logging_mixin.py:188} INFO - [2026-08-08T15:38:34.302+0000] {dagbag.py:545} INFO - Filling up the DagBag from /opt/airflow/dags/football_etl_dag.py
[2026-08-08T15:38:34.347+0000] {processor.py:840} INFO - DAG(s) 'football_etl' retrieved from /opt/airflow/dags/football_etl_dag.py
[2026-08-08T15:38:34.414+0000] {logging_mixin.py:188} INFO - [2026-08-08T15:38:34.414+0000] {dag.py:3089} INFO - Sync 1 DAGs
[2026-08-08T15:38:34.473+0000] {logging_mixin.py:188} INFO - [2026-08-08T15:38:34.472+0000] {dag.py:3947} INFO - Setting next_dagrun for football_etl to 2026-08-08 15:38:00+00:00, run_after=2026-08-08 15:40:00+00:00
[2026-08-08T15:38:34.518+0000] {processor.py:183} INFO - Processing /opt/airflow/dags/football_etl_dag.py took 0.237 seconds
[2026-08-08T15:39:04.788+0000] {processor.py:161} INFO - Started process (PID=344) to work on /opt/airflow/dags/football_etl_dag.py
[2026-08-08T15:39:04.791+0000] {processor.py:830} INFO - Processing file /opt/airflow/dags/football_etl_dag.py for tasks to queue
[2026-08-08T15:39:04.796+0000] {logging_mixin.py:188} INFO - [2026-08-08T15:39:04.795+0000] {dagbag.py:545} INFO - Filling up the DagBag from /opt/airflow/dags/football_etl_dag.py
[2026-08-08T15:39:04.842+0000] {processor.py:840} INFO - DAG(s) 'football_etl' retrieved from /opt/airflow/dags/football_etl_dag.py
[2026-08-08T15:39:04.911+0000] {logging_mixin.py:188} INFO - [2026-08-08T15:39:04.910+0000] {dag.py:3089} INFO - Sync 1 DAGs
[2026-08-08T15:39:04.960+0000] {logging_mixin.py:188} INFO - [2026-08-08T15:39:04.959+0000] {dag.py:3947} INFO - Setting next_dagrun for football_etl to 2026-08-08 15:38:00+00:00, run_after=2026-08-08 15:40:00+00:00
[2026-08-08T15:39:05.019+0000] {processor.py:183} INFO - Processing /opt/airflow/dags/football_etl_dag.py took 0.241 seconds
[2026-08-08T15:39:35.139+0000] {processor.py:161} INFO - Started process (PID=349) to work on /opt/airflow/dags/football_etl_dag.py
[2026-08-08T15:39:35.142+0000] {processor.py:830} INFO - Processing file /opt/airflow/dags/football_etl_dag.py for tasks to queue
[2026-08-08T15:39:35.147+0000] {logging_mixin.py:188} INFO - [2026-08-08T15:39:35.147+0000] {dagbag.py:545} INFO - Filling up the DagBag from /opt/airflow/dags/football_etl_dag.py
[2026-08-08T15:39:35.190+0000] {processor.py:840} INFO - DAG(s) 'football_etl' retrieved from /opt/airflow/dags/football_etl_dag.py
[2026-08-08T15:39:35.253+0000] {logging_mixin.py:188} INFO - [2026-08-08T15:39:35.253+0000] {dag.py:3089} INFO - Sync 1 DAGs
[2026-08-08T15:39:35.299+0000] {logging_mixin.py:188} INFO - [2026-08-08T15:39:35.299+0000] {dag.py:3947} INFO - Setting next_dagrun for football_etl to 2026-08-08 15:38:00+00:00, run_after=2026-08-08 15:40:00+00:00
[2026-08-08T15:39:35.334+0000] {processor.py:183} INFO - Processing /opt/airflow/dags/football_etl_dag.py took 0.210 seconds
[2026-08-08T15:40:05.694+0000] {processor.py:161} INFO - Started process (PID=360) to work on /opt/airflow/dags/football_etl_dag.py
[2026-08-08T15:40:05.697+0000] {processor.py:830} INFO - Processing file /opt/airflow/dags/football_etl_dag.py for tasks to queue
[2026-08-08T15:40:05.701+0000] {logging_mixin.py:188} INFO - [2026-08-08T15:40:05.700+0000] {dagbag.py:545} INFO - Filling up the DagBag from /opt/airflow/dags/football_etl_dag.py
[2026-08-08T15:40:05.744+0000] {processor.py:840} INFO - DAG(s) 'football_etl' retrieved from /opt/airflow/dags/football_etl_dag.py
[2026-08-08T15:40:05.812+0000] {logging_mixin.py:188} INFO - [2026-08-08T15:40:05.811+0000] {dag.py:3089} INFO - Sync 1 DAGs
[2026-08-08T15:40:05.856+0000] {logging_mixin.py:188} INFO - [2026-08-08T15:40:05.856+0000] {dag.py:3947} INFO - Setting next_dagrun for football_etl to 2026-08-08 15:40:00+00:00, run_after=2026-08-08 15:42:00+00:00
[2026-08-08T15:40:05.891+0000] {processor.py:183} INFO - Processing /opt/airflow/dags/football_etl_dag.py took 0.209 seconds
[2026-08-08T15:40:36.139+0000] {processor.py:161} INFO - Started process (PID=367) to work on /opt/airflow/dags/football_etl_dag.py
[2026-08-08T15:40:36.142+0000] {processor.py:830} INFO - Processing file /opt/airflow/dags/football_etl_dag.py for tasks to queue
[2026-08-08T15:40:36.146+0000] {logging_mixin.py:188} INFO - [2026-08-08T15:40:36.146+0000] {dagbag.py:545} INFO - Filling up the DagBag from /opt/airflow/dags/football_etl_dag.py
[2026-08-08T15:40:36.190+0000] {processor.py:840} INFO - DAG(s) 'football_etl' retrieved from /opt/airflow/dags/football_etl_dag.py
[2026-08-08T15:40:36.254+0000] {logging_mixin.py:188} INFO - [2026-08-08T15:40:36.253+0000] {dag.py:3089} INFO - Sync 1 DAGs
[2026-08-08T15:40:36.297+0000] {logging_mixin.py:188} INFO - [2026-08-08T15:40:36.297+0000] {dag.py:3947} INFO - Setting next_dagrun for football_etl to 2026-08-08 15:40:00+00:00, run_after=2026-08-08 15:42:00+00:00
[2026-08-08T15:40:36.331+0000] {processor.py:183} INFO - Processing /opt/airflow/dags/football_etl_dag.py took 0.207 seconds
[2026-08-08T15:41:06.619+0000] {processor.py:161} INFO - Started process (PID=372) to work on /opt/airflow/dags/football_etl_dag.py
[2026-08-08T15:41:06.622+0000] {processor.py:830} INFO - Processing file /opt/airflow/dags/football_etl_dag.py for tasks to queue
[2026-08-08T15:41:06.627+0000] {logging_mixin.py:188} INFO - [2026-08-08T15:41:06.627+0000] {dagbag.py:545} INFO - Filling up the DagBag from /opt/airflow/dags/football_etl_dag.py
[2026-08-08T15:41:06.691+0000] {processor.py:840} INFO - DAG(s) 'football_etl' retrieved from /opt/airflow/dags/football_etl_dag.py
[2026-08-08T15:41:06.760+0000] {logging_mixin.py:188} INFO - [2026-08-08T15:41:06.760+0000] {dag.py:3089} INFO - Sync 1 DAGs
[2026-08-08T15:41:06.825+0000] {logging_mixin.py:188} INFO - [2026-08-08T15:41:06.824+0000] {dag.py:3947} INFO - Setting next_dagrun for football_etl to 2026-08-08 15:40:00+00:00, run_after=2026-08-08 15:42:00+00:00
[2026-08-08T15:41:06.876+0000] {processor.py:183} INFO - Processing /opt/airflow/dags/football_etl_dag.py took 0.272 seconds
[2026-08-08T15:41:37.246+0000] {processor.py:161} INFO - Started process (PID=377) to work on /opt/airflow/dags/football_etl_dag.py
[2026-08-08T15:41:37.250+0000] {processor.py:830} INFO - Processing file /opt/airflow/dags/football_etl_dag.py for tasks to queue
[2026-08-08T15:41:37.257+0000] {logging_mixin.py:188} INFO - [2026-08-08T15:41:37.256+0000] {dagbag.py:545} INFO - Filling up the DagBag from /opt/airflow/dags/football_etl_dag.py
[2026-08-08T15:41:37.317+0000] {processor.py:840} INFO - DAG(s) 'football_etl' retrieved from /opt/airflow/dags/football_etl_dag.py
[2026-08-08T15:41:37.376+0000] {logging_mixin.py:188} INFO - [2026-08-08T15:41:37.376+0000] {dag.py:3089} INFO - Sync 1 DAGs
[2026-08-08T15:41:37.437+0000] {logging_mixin.py:188} INFO - [2026-08-08T15:41:37.436+0000] {dag.py:3947} INFO - Setting next_dagrun for football_etl to 2026-08-08 15:40:00+00:00, run_after=2026-08-08 15:42:00+00:00
[2026-08-08T15:41:37.483+0000] {processor.py:183} INFO - Processing /opt/airflow/dags/football_etl_dag.py took 0.254 seconds
[2026-08-08T15:42:07.948+0000] {processor.py:161} INFO - Started process (PID=389) to work on /opt/airflow/dags/football_etl_dag.py
[2026-08-08T15:42:07.951+0000] {processor.py:830} INFO - Processing file /opt/airflow/dags/football_etl_dag.py for tasks to queue
[2026-08-08T15:42:07.955+0000] {logging_mixin.py:188} INFO - [2026-08-08T15:42:07.954+0000] {dagbag.py:545} INFO - Filling up the DagBag from /opt/airflow/dags/football_etl_dag.py
[2026-08-08T15:42:08.000+0000] {processor.py:840} INFO - DAG(s) 'football_etl' retrieved from /opt/airflow/dags/football_etl_dag.py
[2026-08-08T15:42:08.064+0000] {logging_mixin.py:188} INFO - [2026-08-08T15:42:08.063+0000] {dag.py:3089} INFO - Sync 1 DAGs
[2026-08-08T15:42:08.111+0000] {logging_mixin.py:188} INFO - [2026-08-08T15:42:08.110+0000] {dag.py:3947} INFO - Setting next_dagrun for football_etl to 2026-08-08 15:42:00+00:00, run_after=2026-08-08 15:44:00+00:00
[2026-08-08T15:42:08.145+0000] {processor.py:183} INFO - Processing /opt/airflow/dags/football_etl_dag.py took 0.211 seconds
