[2026-08-04T10:34:01.241+0000] {local_task_job_runner.py:120} INFO - ::group::Pre task execution logs
[2026-08-04T10:34:01.280+0000] {taskinstance.py:2076} INFO - Dependencies all met for dep_context=non-requeueable deps ti=<TaskInstance: football_etl.extract scheduled__2026-08-04T10:32:00+00:00 [queued]>
[2026-08-04T10:34:01.289+0000] {taskinstance.py:2076} INFO - Dependencies all met for dep_context=requeueable deps ti=<TaskInstance: football_etl.extract scheduled__2026-08-04T10:32:00+00:00 [queued]>
[2026-08-04T10:34:01.290+0000] {taskinstance.py:2306} INFO - Starting attempt 1 of 4
[2026-08-04T10:34:01.303+0000] {taskinstance.py:2330} INFO - Executing <Task(PythonOperator): extract> on 2026-08-04 10:32:00+00:00
[2026-08-04T10:34:01.313+0000] {logging_mixin.py:188} WARNING - /home/airflow/.local/lib/python3.12/site-packages/airflow/task/task_runner/standard_task_runner.py:62 DeprecationWarning: This process (pid=1150) is multi-threaded, use of fork() may lead to deadlocks in the child.
[2026-08-04T10:34:01.311+0000] {standard_task_runner.py:90} INFO - Running: ['airflow', 'tasks', 'run', 'football_etl', 'extract', 'scheduled__2026-08-04T10:32:00+00:00', '--job-id', '1061', '--raw', '--subdir', 'DAGS_FOLDER/football_etl_dag.py', '--cfg-path', '/tmp/tmp1pozewxx']
[2026-08-04T10:34:01.315+0000] {standard_task_runner.py:64} INFO - Started process 1151 to run task
[2026-08-04T10:34:01.316+0000] {standard_task_runner.py:91} INFO - Job 1061: Subtask extract
[2026-08-04T10:34:01.393+0000] {task_command.py:426} INFO - Running <TaskInstance: football_etl.extract scheduled__2026-08-04T10:32:00+00:00 [running]> on host b478b38d86c0
[2026-08-04T10:34:01.508+0000] {taskinstance.py:2648} INFO - Exporting env vars: AIRFLOW_CTX_DAG_OWNER='airflow' AIRFLOW_CTX_DAG_ID='football_etl' AIRFLOW_CTX_TASK_ID='extract' AIRFLOW_CTX_EXECUTION_DATE='2026-08-04T10:32:00+00:00' AIRFLOW_CTX_TRY_NUMBER='1' AIRFLOW_CTX_DAG_RUN_ID='scheduled__2026-08-04T10:32:00+00:00'
[2026-08-04T10:34:01.510+0000] {taskinstance.py:430} INFO - ::endgroup::
[2026-08-04T10:34:02.039+0000] {extract.py:33} INFO - Extracted 98 rows from data/raw/standings_2022_23.csv
[2026-08-04T10:34:02.039+0000] {logging_mixin.py:188} INFO - Extracted 98 rows
[2026-08-04T10:34:02.040+0000] {python.py:237} INFO - Done. Returned value was: None
[2026-08-04T10:34:02.041+0000] {taskinstance.py:441} INFO - ::group::Post task execution logs
[2026-08-04T10:34:02.054+0000] {taskinstance.py:1206} INFO - Marking task as SUCCESS. dag_id=football_etl, task_id=extract, run_id=scheduled__2026-08-04T10:32:00+00:00, execution_date=20260804T103200, start_date=20260804T103401, end_date=20260804T103402
[2026-08-04T10:34:02.094+0000] {local_task_job_runner.py:243} INFO - Task exited with return code 0
[2026-08-04T10:34:02.130+0000] {taskinstance.py:3503} INFO - 1 downstream tasks scheduled from follow-on schedule check
[2026-08-04T10:34:02.132+0000] {local_task_job_runner.py:222} INFO - ::endgroup::
