[2026-08-11T07:00:06.033+0000] {local_task_job_runner.py:120} INFO - ::group::Pre task execution logs
[2026-08-11T07:00:06.092+0000] {taskinstance.py:2076} INFO - Dependencies all met for dep_context=non-requeueable deps ti=<TaskInstance: football_etl.warehouse_load scheduled__2026-08-11T06:58:00+00:00 [queued]>
[2026-08-11T07:00:06.109+0000] {taskinstance.py:2076} INFO - Dependencies all met for dep_context=requeueable deps ti=<TaskInstance: football_etl.warehouse_load scheduled__2026-08-11T06:58:00+00:00 [queued]>
[2026-08-11T07:00:06.110+0000] {taskinstance.py:2306} INFO - Starting attempt 1 of 4
[2026-08-11T07:00:06.128+0000] {taskinstance.py:2330} INFO - Executing <Task(PythonOperator): warehouse_load> on 2026-08-11 06:58:00+00:00
[2026-08-11T07:00:06.137+0000] {standard_task_runner.py:90} INFO - Running: ['airflow', 'tasks', 'run', 'football_etl', 'warehouse_load', 'scheduled__2026-08-11T06:58:00+00:00', '--job-id', '1887', '--raw', '--subdir', 'DAGS_FOLDER/football_etl_dag.py', '--cfg-path', '/tmp/tmprru0s93g']
[2026-08-11T07:00:06.139+0000] {logging_mixin.py:188} WARNING - /home/airflow/.local/lib/python3.12/site-packages/airflow/task/task_runner/standard_task_runner.py:62 DeprecationWarning: This process (pid=574) is multi-threaded, use of fork() may lead to deadlocks in the child.
[2026-08-11T07:00:06.141+0000] {standard_task_runner.py:91} INFO - Job 1887: Subtask warehouse_load
[2026-08-11T07:00:06.142+0000] {standard_task_runner.py:64} INFO - Started process 575 to run task
[2026-08-11T07:00:06.224+0000] {task_command.py:426} INFO - Running <TaskInstance: football_etl.warehouse_load scheduled__2026-08-11T06:58:00+00:00 [running]> on host b478b38d86c0
[2026-08-11T07:00:06.346+0000] {taskinstance.py:2648} INFO - Exporting env vars: AIRFLOW_CTX_DAG_OWNER='airflow' AIRFLOW_CTX_DAG_ID='football_etl' AIRFLOW_CTX_TASK_ID='warehouse_load' AIRFLOW_CTX_EXECUTION_DATE='2026-08-11T06:58:00+00:00' AIRFLOW_CTX_TRY_NUMBER='1' AIRFLOW_CTX_DAG_RUN_ID='scheduled__2026-08-11T06:58:00+00:00'
[2026-08-11T07:00:06.349+0000] {taskinstance.py:430} INFO - ::endgroup::
[2026-08-11T07:00:37.983+0000] {warehouse_load.py:159} INFO - Fetched 18098 rows from OLTP for warehouse load
[2026-08-11T07:00:56.657+0000] {warehouse_load.py:200} INFO - Warehouse ETL complete: 0 inserted, 18098 skipped
[2026-08-11T07:00:56.659+0000] {logging_mixin.py:188} INFO - Warehouse ETL complete: 0 inserted, 18098 skipped
[2026-08-11T07:00:56.682+0000] {python.py:237} INFO - Done. Returned value was: None
[2026-08-11T07:00:56.683+0000] {taskinstance.py:441} INFO - ::group::Post task execution logs
[2026-08-11T07:00:56.699+0000] {taskinstance.py:1206} INFO - Marking task as SUCCESS. dag_id=football_etl, task_id=warehouse_load, run_id=scheduled__2026-08-11T06:58:00+00:00, execution_date=20260811T065800, start_date=20260811T070006, end_date=20260811T070056
[2026-08-11T07:00:56.750+0000] {local_task_job_runner.py:243} INFO - Task exited with return code 0
[2026-08-11T07:00:56.772+0000] {taskinstance.py:3503} INFO - 0 downstream tasks scheduled from follow-on schedule check
[2026-08-11T07:00:56.775+0000] {local_task_job_runner.py:222} INFO - ::endgroup::
