[2026-08-03T05:10:01.028+0000] {local_task_job_runner.py:120} INFO - ::group::Pre task execution logs
[2026-08-03T05:10:01.066+0000] {taskinstance.py:2076} INFO - Dependencies all met for dep_context=non-requeueable deps ti=<TaskInstance: football_etl.extract scheduled__2026-08-03T05:08:00+00:00 [queued]>
[2026-08-03T05:10:01.074+0000] {taskinstance.py:2076} INFO - Dependencies all met for dep_context=requeueable deps ti=<TaskInstance: football_etl.extract scheduled__2026-08-03T05:08:00+00:00 [queued]>
[2026-08-03T05:10:01.075+0000] {taskinstance.py:2306} INFO - Starting attempt 1 of 4
[2026-08-03T05:10:01.088+0000] {taskinstance.py:2330} INFO - Executing <Task(PythonOperator): extract> on 2026-08-03 05:08:00+00:00
[2026-08-03T05:10:01.096+0000] {standard_task_runner.py:90} INFO - Running: ['airflow', 'tasks', 'run', 'football_etl', 'extract', 'scheduled__2026-08-03T05:08:00+00:00', '--job-id', '636', '--raw', '--subdir', 'DAGS_FOLDER/football_etl_dag.py', '--cfg-path', '/tmp/tmp85i83zbn']
[2026-08-03T05:10:01.097+0000] {logging_mixin.py:188} WARNING - /home/airflow/.local/lib/python3.12/site-packages/airflow/task/task_runner/standard_task_runner.py:62 DeprecationWarning: This process (pid=873) is multi-threaded, use of fork() may lead to deadlocks in the child.
[2026-08-03T05:10:01.099+0000] {standard_task_runner.py:91} INFO - Job 636: Subtask extract
[2026-08-03T05:10:01.100+0000] {standard_task_runner.py:64} INFO - Started process 874 to run task
[2026-08-03T05:10:01.167+0000] {task_command.py:426} INFO - Running <TaskInstance: football_etl.extract scheduled__2026-08-03T05:08:00+00:00 [running]> on host b478b38d86c0
[2026-08-03T05:10:01.270+0000] {taskinstance.py:2648} INFO - Exporting env vars: AIRFLOW_CTX_DAG_OWNER='airflow' AIRFLOW_CTX_DAG_ID='football_etl' AIRFLOW_CTX_TASK_ID='extract' AIRFLOW_CTX_EXECUTION_DATE='2026-08-03T05:08:00+00:00' AIRFLOW_CTX_TRY_NUMBER='1' AIRFLOW_CTX_DAG_RUN_ID='scheduled__2026-08-03T05:08:00+00:00'
[2026-08-03T05:10:01.272+0000] {taskinstance.py:430} INFO - ::endgroup::
[2026-08-03T05:10:01.792+0000] {extract.py:33} INFO - Extracted 98 rows from data/raw/standings_2022_23.csv
[2026-08-03T05:10:01.793+0000] {logging_mixin.py:188} INFO - Extracted 98 rows
[2026-08-03T05:10:01.794+0000] {python.py:237} INFO - Done. Returned value was: None
[2026-08-03T05:10:01.795+0000] {taskinstance.py:441} INFO - ::group::Post task execution logs
[2026-08-03T05:10:01.808+0000] {taskinstance.py:1206} INFO - Marking task as SUCCESS. dag_id=football_etl, task_id=extract, run_id=scheduled__2026-08-03T05:08:00+00:00, execution_date=20260803T050800, start_date=20260803T051001, end_date=20260803T051001
[2026-08-03T05:10:01.838+0000] {local_task_job_runner.py:243} INFO - Task exited with return code 0
[2026-08-03T05:10:01.866+0000] {taskinstance.py:3503} INFO - 1 downstream tasks scheduled from follow-on schedule check
[2026-08-03T05:10:01.869+0000] {local_task_job_runner.py:222} INFO - ::endgroup::
