[2026-08-04T20:14:04.906+0000] {local_task_job_runner.py:120} INFO - ::group::Pre task execution logs
[2026-08-04T20:14:04.943+0000] {taskinstance.py:2076} INFO - Dependencies all met for dep_context=non-requeueable deps ti=<TaskInstance: football_etl.warehouse_load scheduled__2026-08-04T20:12:00+00:00 [queued]>
[2026-08-04T20:14:04.952+0000] {taskinstance.py:2076} INFO - Dependencies all met for dep_context=requeueable deps ti=<TaskInstance: football_etl.warehouse_load scheduled__2026-08-04T20:12:00+00:00 [queued]>
[2026-08-04T20:14:04.953+0000] {taskinstance.py:2306} INFO - Starting attempt 1 of 4
[2026-08-04T20:14:04.966+0000] {taskinstance.py:2330} INFO - Executing <Task(PythonOperator): warehouse_load> on 2026-08-04 20:12:00+00:00
[2026-08-04T20:14:04.978+0000] {logging_mixin.py:188} WARNING - /home/airflow/.local/lib/python3.12/site-packages/airflow/task/task_runner/standard_task_runner.py:62 DeprecationWarning: This process (pid=972) is multi-threaded, use of fork() may lead to deadlocks in the child.
[2026-08-04T20:14:04.977+0000] {standard_task_runner.py:90} INFO - Running: ['airflow', 'tasks', 'run', 'football_etl', 'warehouse_load', 'scheduled__2026-08-04T20:12:00+00:00', '--job-id', '1409', '--raw', '--subdir', 'DAGS_FOLDER/football_etl_dag.py', '--cfg-path', '/tmp/tmpohgksvx8']
[2026-08-04T20:14:04.981+0000] {standard_task_runner.py:64} INFO - Started process 973 to run task
[2026-08-04T20:14:04.981+0000] {standard_task_runner.py:91} INFO - Job 1409: Subtask warehouse_load
[2026-08-04T20:14:05.051+0000] {task_command.py:426} INFO - Running <TaskInstance: football_etl.warehouse_load scheduled__2026-08-04T20:12:00+00:00 [running]> on host b478b38d86c0
[2026-08-04T20:14:05.181+0000] {taskinstance.py:2648} INFO - Exporting env vars: AIRFLOW_CTX_DAG_OWNER='airflow' AIRFLOW_CTX_DAG_ID='football_etl' AIRFLOW_CTX_TASK_ID='warehouse_load' AIRFLOW_CTX_EXECUTION_DATE='2026-08-04T20:12:00+00:00' AIRFLOW_CTX_TRY_NUMBER='1' AIRFLOW_CTX_DAG_RUN_ID='scheduled__2026-08-04T20:12:00+00:00'
[2026-08-04T20:14:05.184+0000] {taskinstance.py:430} INFO - ::endgroup::
[2026-08-04T20:14:24.099+0000] {warehouse_load.py:159} INFO - Fetched 16098 rows from OLTP for warehouse load
[2026-08-04T20:14:30.427+0000] {local_task_job_runner.py:124} ERROR - Received SIGTERM. Terminating subprocesses
[2026-08-04T20:14:30.437+0000] {process_utils.py:132} INFO - Sending 15 to group 973. PIDs of all processes in the group: [973]
[2026-08-04T20:14:30.439+0000] {process_utils.py:87} INFO - Sending the signal 15 to group 973
[2026-08-04T20:14:30.441+0000] {taskinstance.py:2611} ERROR - Received SIGTERM. Terminating subprocesses.
[2026-08-04T20:14:30.449+0000] {taskinstance.py:441} INFO - ::group::Post task execution logs
[2026-08-04T20:14:30.505+0000] {taskinstance.py:2905} ERROR - Task failed with exception
Traceback (most recent call last):
  File "/home/airflow/.local/lib/python3.12/site-packages/airflow/models/taskinstance.py", line 465, in _execute_task
    result = _execute_callable(context=context, **execute_callable_kwargs)
             ^^^^^^^^^^^^^^^^^^^^^^^^^^^^^^^^^^^^^^^^^^^^^^^^^^^^^^^^^^^^^
  File "/home/airflow/.local/lib/python3.12/site-packages/airflow/models/taskinstance.py", line 432, in _execute_callable
    return execute_callable(context=context, **execute_callable_kwargs)
           ^^^^^^^^^^^^^^^^^^^^^^^^^^^^^^^^^^^^^^^^^^^^^^^^^^^^^^^^^^^^
  File "/home/airflow/.local/lib/python3.12/site-packages/airflow/models/baseoperator.py", line 401, in wrapper
    return func(self, *args, **kwargs)
           ^^^^^^^^^^^^^^^^^^^^^^^^^^^
  File "/home/airflow/.local/lib/python3.12/site-packages/airflow/operators/python.py", line 235, in execute
    return_value = self.execute_callable()
                   ^^^^^^^^^^^^^^^^^^^^^^^
  File "/home/airflow/.local/lib/python3.12/site-packages/airflow/operators/python.py", line 252, in execute_callable
    return self.python_callable(*self.op_args, **self.op_kwargs)
           ^^^^^^^^^^^^^^^^^^^^^^^^^^^^^^^^^^^^^^^^^^^^^^^^^^^^^
  File "/opt/airflow/dags/football_etl_dag.py", line 66, in run_warehouse_load
    run_warehouse_etl()
  File "/opt/airflow/pipeline/warehouse_load.py", line 172, in run_warehouse_etl
    top_scorer_key = (get_or_create_dim_player(dwh_cur, player_cache, scorer_name, scorer_role)
                      ^^^^^^^^^^^^^^^^^^^^^^^^^^^^^^^^^^^^^^^^^^^^^^^^^^^^^^^^^^^^^^^^^^^^^^^^^
  File "/opt/airflow/pipeline/warehouse_load.py", line 89, in get_or_create_dim_player
    dwh_cur.execute("SELECT player_key FROM dim_player WHERE player_name=%s AND role=%s",
  File "/usr/local/lib/python3.12/encodings/utf_8.py", line 15, in decode
    def decode(input, errors='strict'):
    
  File "/home/airflow/.local/lib/python3.12/site-packages/airflow/models/taskinstance.py", line 2613, in signal_handler
    raise AirflowTaskTerminated("Task received SIGTERM signal")
airflow.exceptions.AirflowTaskTerminated: Task received SIGTERM signal
[2026-08-04T20:14:30.608+0000] {taskinstance.py:1206} INFO - Marking task as UP_FOR_RETRY. dag_id=football_etl, task_id=warehouse_load, run_id=scheduled__2026-08-04T20:12:00+00:00, execution_date=20260804T201200, start_date=20260804T201404, end_date=20260804T201430
[2026-08-04T20:14:30.710+0000] {process_utils.py:80} INFO - Process psutil.Process(pid=973, status='terminated', exitcode=2, started='20:14:04') (973) terminated with exit code 2
[2026-08-04T20:14:30.717+0000] {local_task_job_runner.py:243} INFO - Task exited with return code 143
[2026-08-04T20:14:30.768+0000] {taskinstance.py:3503} INFO - 0 downstream tasks scheduled from follow-on schedule check
[2026-08-04T20:14:34.647+0000] {local_task_job_runner.py:124} ERROR - Received SIGTERM. Terminating subprocesses
