[2026-08-07T16:18:04.477+0000] {local_task_job_runner.py:120} INFO - ::group::Pre task execution logs
[2026-08-07T16:18:04.516+0000] {taskinstance.py:2076} INFO - Dependencies all met for dep_context=non-requeueable deps ti=<TaskInstance: football_etl.warehouse_load scheduled__2026-08-07T16:16:00+00:00 [queued]>
[2026-08-07T16:18:04.525+0000] {taskinstance.py:2076} INFO - Dependencies all met for dep_context=requeueable deps ti=<TaskInstance: football_etl.warehouse_load scheduled__2026-08-07T16:16:00+00:00 [queued]>
[2026-08-07T16:18:04.526+0000] {taskinstance.py:2306} INFO - Starting attempt 1 of 4
[2026-08-07T16:18:04.540+0000] {taskinstance.py:2330} INFO - Executing <Task(PythonOperator): warehouse_load> on 2026-08-07 16:16:00+00:00
[2026-08-07T16:18:04.549+0000] {logging_mixin.py:188} WARNING - /home/airflow/.local/lib/python3.12/site-packages/airflow/task/task_runner/standard_task_runner.py:62 DeprecationWarning: This process (pid=875) is multi-threaded, use of fork() may lead to deadlocks in the child.
[2026-08-07T16:18:04.548+0000] {standard_task_runner.py:90} INFO - Running: ['airflow', 'tasks', 'run', 'football_etl', 'warehouse_load', 'scheduled__2026-08-07T16:16:00+00:00', '--job-id', '1615', '--raw', '--subdir', 'DAGS_FOLDER/football_etl_dag.py', '--cfg-path', '/tmp/tmplufn0rip']
[2026-08-07T16:18:04.550+0000] {standard_task_runner.py:64} INFO - Started process 876 to run task
[2026-08-07T16:18:04.551+0000] {standard_task_runner.py:91} INFO - Job 1615: Subtask warehouse_load
[2026-08-07T16:18:04.620+0000] {task_command.py:426} INFO - Running <TaskInstance: football_etl.warehouse_load scheduled__2026-08-07T16:16:00+00:00 [running]> on host b478b38d86c0
[2026-08-07T16:18:04.727+0000] {taskinstance.py:2648} INFO - Exporting env vars: AIRFLOW_CTX_DAG_OWNER='airflow' AIRFLOW_CTX_DAG_ID='football_etl' AIRFLOW_CTX_TASK_ID='warehouse_load' AIRFLOW_CTX_EXECUTION_DATE='2026-08-07T16:16:00+00:00' AIRFLOW_CTX_TRY_NUMBER='1' AIRFLOW_CTX_DAG_RUN_ID='scheduled__2026-08-07T16:16:00+00:00'
[2026-08-07T16:18:04.728+0000] {taskinstance.py:430} INFO - ::endgroup::
[2026-08-07T16:18:23.556+0000] {warehouse_load.py:159} INFO - Fetched 16098 rows from OLTP for warehouse load
[2026-08-07T16:18:35.450+0000] {warehouse_load.py:200} INFO - Warehouse ETL complete: 0 inserted, 16098 skipped
[2026-08-07T16:18:35.451+0000] {logging_mixin.py:188} INFO - Warehouse ETL complete: 0 inserted, 16098 skipped
[2026-08-07T16:18:35.467+0000] {python.py:237} INFO - Done. Returned value was: None
[2026-08-07T16:18:35.469+0000] {taskinstance.py:441} INFO - ::group::Post task execution logs
[2026-08-07T16:18:35.482+0000] {taskinstance.py:1206} INFO - Marking task as SUCCESS. dag_id=football_etl, task_id=warehouse_load, run_id=scheduled__2026-08-07T16:16:00+00:00, execution_date=20260807T161600, start_date=20260807T161804, end_date=20260807T161835
[2026-08-07T16:18:35.515+0000] {local_task_job_runner.py:243} INFO - Task exited with return code 0
[2026-08-07T16:18:35.537+0000] {taskinstance.py:3503} INFO - 0 downstream tasks scheduled from follow-on schedule check
[2026-08-07T16:18:35.540+0000] {local_task_job_runner.py:222} INFO - ::endgroup::
