[2026-08-04T04:28:01.795+0000] {local_task_job_runner.py:120} INFO - ::group::Pre task execution logs
[2026-08-04T04:28:01.831+0000] {taskinstance.py:2076} INFO - Dependencies all met for dep_context=non-requeueable deps ti=<TaskInstance: football_etl.transform_quality_load scheduled__2026-08-04T04:26:00+00:00 [queued]>
[2026-08-04T04:28:01.841+0000] {taskinstance.py:2076} INFO - Dependencies all met for dep_context=requeueable deps ti=<TaskInstance: football_etl.transform_quality_load scheduled__2026-08-04T04:26:00+00:00 [queued]>
[2026-08-04T04:28:01.842+0000] {taskinstance.py:2306} INFO - Starting attempt 1 of 4
[2026-08-04T04:28:01.856+0000] {taskinstance.py:2330} INFO - Executing <Task(PythonOperator): transform_quality_load> on 2026-08-04 04:26:00+00:00
[2026-08-04T04:28:01.864+0000] {standard_task_runner.py:90} INFO - Running: ['airflow', 'tasks', 'run', 'football_etl', 'transform_quality_load', 'scheduled__2026-08-04T04:26:00+00:00', '--job-id', '726', '--raw', '--subdir', 'DAGS_FOLDER/football_etl_dag.py', '--cfg-path', '/tmp/tmpjz8yv3pf']
[2026-08-04T04:28:01.867+0000] {standard_task_runner.py:91} INFO - Job 726: Subtask transform_quality_load
[2026-08-04T04:28:01.869+0000] {logging_mixin.py:188} WARNING - /home/airflow/.local/lib/python3.12/site-packages/airflow/task/task_runner/standard_task_runner.py:62 DeprecationWarning: This process (pid=488) is multi-threaded, use of fork() may lead to deadlocks in the child.
[2026-08-04T04:28:01.870+0000] {standard_task_runner.py:64} INFO - Started process 489 to run task
[2026-08-04T04:28:01.936+0000] {task_command.py:426} INFO - Running <TaskInstance: football_etl.transform_quality_load scheduled__2026-08-04T04:26:00+00:00 [running]> on host b478b38d86c0
[2026-08-04T04:28:02.037+0000] {taskinstance.py:2648} INFO - Exporting env vars: AIRFLOW_CTX_DAG_OWNER='airflow' AIRFLOW_CTX_DAG_ID='football_etl' AIRFLOW_CTX_TASK_ID='transform_quality_load' AIRFLOW_CTX_EXECUTION_DATE='2026-08-04T04:26:00+00:00' AIRFLOW_CTX_TRY_NUMBER='1' AIRFLOW_CTX_DAG_RUN_ID='scheduled__2026-08-04T04:26:00+00:00'
[2026-08-04T04:28:02.039+0000] {taskinstance.py:430} INFO - ::endgroup::
[2026-08-04T04:28:02.554+0000] {taskinstance.py:441} INFO - ::group::Post task execution logs
[2026-08-04T04:28:02.555+0000] {taskinstance.py:2905} ERROR - Task failed with exception
Traceback (most recent call last):
  File "/home/airflow/.local/lib/python3.12/site-packages/airflow/models/taskinstance.py", line 465, in _execute_task
    result = _execute_callable(context=context, **execute_callable_kwargs)
             ^^^^^^^^^^^^^^^^^^^^^^^^^^^^^^^^^^^^^^^^^^^^^^^^^^^^^^^^^^^^^
  File "/home/airflow/.local/lib/python3.12/site-packages/airflow/models/taskinstance.py", line 432, in _execute_callable
    return execute_callable(context=context, **execute_callable_kwargs)
           ^^^^^^^^^^^^^^^^^^^^^^^^^^^^^^^^^^^^^^^^^^^^^^^^^^^^^^^^^^^^
  File "/home/airflow/.local/lib/python3.12/site-packages/airflow/models/baseoperator.py", line 401, in wrapper
    return func(self, *args, **kwargs)
           ^^^^^^^^^^^^^^^^^^^^^^^^^^^
  File "/home/airflow/.local/lib/python3.12/site-packages/airflow/operators/python.py", line 235, in execute
    return_value = self.execute_callable()
                   ^^^^^^^^^^^^^^^^^^^^^^^
  File "/home/airflow/.local/lib/python3.12/site-packages/airflow/operators/python.py", line 252, in execute_callable
    return self.python_callable(*self.op_args, **self.op_kwargs)
           ^^^^^^^^^^^^^^^^^^^^^^^^^^^^^^^^^^^^^^^^^^^^^^^^^^^^^
  File "/opt/airflow/dags/football_etl_dag.py", line 20, in run_transform_and_quality_and_load
    from pipeline.load import load
ImportError: cannot import name 'load' from 'pipeline.load' (/opt/airflow/pipeline/load.py)
[2026-08-04T04:28:02.575+0000] {taskinstance.py:1206} INFO - Marking task as UP_FOR_RETRY. dag_id=football_etl, task_id=transform_quality_load, run_id=scheduled__2026-08-04T04:26:00+00:00, execution_date=20260804T042600, start_date=20260804T042801, end_date=20260804T042802
[2026-08-04T04:28:02.586+0000] {standard_task_runner.py:110} ERROR - Failed to execute job 726 for task transform_quality_load (cannot import name 'load' from 'pipeline.load' (/opt/airflow/pipeline/load.py); 489)
[2026-08-04T04:28:02.607+0000] {local_task_job_runner.py:243} INFO - Task exited with return code 1
[2026-08-04T04:28:02.633+0000] {taskinstance.py:3503} INFO - 0 downstream tasks scheduled from follow-on schedule check
[2026-08-04T04:28:02.635+0000] {local_task_job_runner.py:222} INFO - ::endgroup::
