[2026-08-02T19:44:40.075+0000] {processor.py:161} INFO - Started process (PID=163) to work on /opt/airflow/dags/football_etl_dag.py
[2026-08-02T19:44:40.079+0000] {processor.py:830} INFO - Processing file /opt/airflow/dags/football_etl_dag.py for tasks to queue
[2026-08-02T19:44:40.083+0000] {logging_mixin.py:188} INFO - [2026-08-02T19:44:40.082+0000] {dagbag.py:545} INFO - Filling up the DagBag from /opt/airflow/dags/football_etl_dag.py
[2026-08-02T19:44:40.115+0000] {processor.py:840} INFO - DAG(s) 'football_etl' retrieved from /opt/airflow/dags/football_etl_dag.py
[2026-08-02T19:44:40.164+0000] {logging_mixin.py:188} INFO - [2026-08-02T19:44:40.163+0000] {dag.py:3089} INFO - Sync 1 DAGs
[2026-08-02T19:44:40.200+0000] {logging_mixin.py:188} INFO - [2026-08-02T19:44:40.200+0000] {dag.py:3947} INFO - Setting next_dagrun for football_etl to 2026-08-02 19:44:00+00:00, run_after=2026-08-02 19:46:00+00:00
[2026-08-02T19:44:40.224+0000] {processor.py:183} INFO - Processing /opt/airflow/dags/football_etl_dag.py took 0.161 seconds
[2026-08-02T19:45:10.277+0000] {processor.py:161} INFO - Started process (PID=177) to work on /opt/airflow/dags/football_etl_dag.py
[2026-08-02T19:45:10.278+0000] {processor.py:830} INFO - Processing file /opt/airflow/dags/football_etl_dag.py for tasks to queue
[2026-08-02T19:45:10.281+0000] {logging_mixin.py:188} INFO - [2026-08-02T19:45:10.280+0000] {dagbag.py:545} INFO - Filling up the DagBag from /opt/airflow/dags/football_etl_dag.py
[2026-08-02T19:45:10.305+0000] {processor.py:840} INFO - DAG(s) 'football_etl' retrieved from /opt/airflow/dags/football_etl_dag.py
[2026-08-02T19:45:10.480+0000] {logging_mixin.py:188} INFO - [2026-08-02T19:45:10.480+0000] {dag.py:3089} INFO - Sync 1 DAGs
[2026-08-02T19:45:10.509+0000] {logging_mixin.py:188} INFO - [2026-08-02T19:45:10.509+0000] {dag.py:3947} INFO - Setting next_dagrun for football_etl to 2026-08-02 19:44:00+00:00, run_after=2026-08-02 19:46:00+00:00
[2026-08-02T19:45:10.535+0000] {processor.py:183} INFO - Processing /opt/airflow/dags/football_etl_dag.py took 0.266 seconds
[2026-08-02T19:45:40.787+0000] {processor.py:161} INFO - Started process (PID=182) to work on /opt/airflow/dags/football_etl_dag.py
[2026-08-02T19:45:40.788+0000] {processor.py:830} INFO - Processing file /opt/airflow/dags/football_etl_dag.py for tasks to queue
[2026-08-02T19:45:40.790+0000] {logging_mixin.py:188} INFO - [2026-08-02T19:45:40.790+0000] {dagbag.py:545} INFO - Filling up the DagBag from /opt/airflow/dags/football_etl_dag.py
[2026-08-02T19:45:40.811+0000] {processor.py:840} INFO - DAG(s) 'football_etl' retrieved from /opt/airflow/dags/football_etl_dag.py
[2026-08-02T19:45:40.853+0000] {logging_mixin.py:188} INFO - [2026-08-02T19:45:40.852+0000] {dag.py:3089} INFO - Sync 1 DAGs
[2026-08-02T19:45:40.878+0000] {logging_mixin.py:188} INFO - [2026-08-02T19:45:40.878+0000] {dag.py:3947} INFO - Setting next_dagrun for football_etl to 2026-08-02 19:44:00+00:00, run_after=2026-08-02 19:46:00+00:00
[2026-08-02T19:45:40.900+0000] {processor.py:183} INFO - Processing /opt/airflow/dags/football_etl_dag.py took 0.119 seconds
[2026-08-02T19:46:10.955+0000] {processor.py:161} INFO - Started process (PID=193) to work on /opt/airflow/dags/football_etl_dag.py
[2026-08-02T19:46:10.956+0000] {processor.py:830} INFO - Processing file /opt/airflow/dags/football_etl_dag.py for tasks to queue
[2026-08-02T19:46:10.959+0000] {logging_mixin.py:188} INFO - [2026-08-02T19:46:10.959+0000] {dagbag.py:545} INFO - Filling up the DagBag from /opt/airflow/dags/football_etl_dag.py
[2026-08-02T19:46:10.985+0000] {processor.py:840} INFO - DAG(s) 'football_etl' retrieved from /opt/airflow/dags/football_etl_dag.py
[2026-08-02T19:46:11.029+0000] {logging_mixin.py:188} INFO - [2026-08-02T19:46:11.029+0000] {dag.py:3089} INFO - Sync 1 DAGs
[2026-08-02T19:46:11.061+0000] {logging_mixin.py:188} INFO - [2026-08-02T19:46:11.060+0000] {dag.py:3947} INFO - Setting next_dagrun for football_etl to 2026-08-02 19:46:00+00:00, run_after=2026-08-02 19:48:00+00:00
[2026-08-02T19:46:11.084+0000] {processor.py:183} INFO - Processing /opt/airflow/dags/football_etl_dag.py took 0.137 seconds
[2026-08-02T19:46:41.260+0000] {processor.py:161} INFO - Started process (PID=200) to work on /opt/airflow/dags/football_etl_dag.py
[2026-08-02T19:46:41.261+0000] {processor.py:830} INFO - Processing file /opt/airflow/dags/football_etl_dag.py for tasks to queue
[2026-08-02T19:46:41.263+0000] {logging_mixin.py:188} INFO - [2026-08-02T19:46:41.263+0000] {dagbag.py:545} INFO - Filling up the DagBag from /opt/airflow/dags/football_etl_dag.py
[2026-08-02T19:46:41.285+0000] {processor.py:840} INFO - DAG(s) 'football_etl' retrieved from /opt/airflow/dags/football_etl_dag.py
[2026-08-02T19:46:41.319+0000] {logging_mixin.py:188} INFO - [2026-08-02T19:46:41.319+0000] {dag.py:3089} INFO - Sync 1 DAGs
[2026-08-02T19:46:41.345+0000] {logging_mixin.py:188} INFO - [2026-08-02T19:46:41.344+0000] {dag.py:3947} INFO - Setting next_dagrun for football_etl to 2026-08-02 19:46:00+00:00, run_after=2026-08-02 19:48:00+00:00
[2026-08-02T19:46:41.365+0000] {processor.py:183} INFO - Processing /opt/airflow/dags/football_etl_dag.py took 0.111 seconds
[2026-08-02T19:47:11.460+0000] {processor.py:161} INFO - Started process (PID=205) to work on /opt/airflow/dags/football_etl_dag.py
[2026-08-02T19:47:11.462+0000] {processor.py:830} INFO - Processing file /opt/airflow/dags/football_etl_dag.py for tasks to queue
[2026-08-02T19:47:11.464+0000] {logging_mixin.py:188} INFO - [2026-08-02T19:47:11.464+0000] {dagbag.py:545} INFO - Filling up the DagBag from /opt/airflow/dags/football_etl_dag.py
[2026-08-02T19:47:11.491+0000] {processor.py:840} INFO - DAG(s) 'football_etl' retrieved from /opt/airflow/dags/football_etl_dag.py
[2026-08-02T19:47:11.531+0000] {logging_mixin.py:188} INFO - [2026-08-02T19:47:11.531+0000] {dag.py:3089} INFO - Sync 1 DAGs
[2026-08-02T19:47:11.558+0000] {logging_mixin.py:188} INFO - [2026-08-02T19:47:11.557+0000] {dag.py:3947} INFO - Setting next_dagrun for football_etl to 2026-08-02 19:46:00+00:00, run_after=2026-08-02 19:48:00+00:00
[2026-08-02T19:47:11.580+0000] {processor.py:183} INFO - Processing /opt/airflow/dags/football_etl_dag.py took 0.128 seconds
[2026-08-02T19:47:41.722+0000] {processor.py:161} INFO - Started process (PID=210) to work on /opt/airflow/dags/football_etl_dag.py
[2026-08-02T19:47:41.724+0000] {processor.py:830} INFO - Processing file /opt/airflow/dags/football_etl_dag.py for tasks to queue
[2026-08-02T19:47:41.726+0000] {logging_mixin.py:188} INFO - [2026-08-02T19:47:41.726+0000] {dagbag.py:545} INFO - Filling up the DagBag from /opt/airflow/dags/football_etl_dag.py
[2026-08-02T19:47:41.750+0000] {processor.py:840} INFO - DAG(s) 'football_etl' retrieved from /opt/airflow/dags/football_etl_dag.py
[2026-08-02T19:47:41.785+0000] {logging_mixin.py:188} INFO - [2026-08-02T19:47:41.785+0000] {dag.py:3089} INFO - Sync 1 DAGs
[2026-08-02T19:47:41.813+0000] {logging_mixin.py:188} INFO - [2026-08-02T19:47:41.812+0000] {dag.py:3947} INFO - Setting next_dagrun for football_etl to 2026-08-02 19:46:00+00:00, run_after=2026-08-02 19:48:00+00:00
[2026-08-02T19:47:41.832+0000] {processor.py:183} INFO - Processing /opt/airflow/dags/football_etl_dag.py took 0.116 seconds
[2026-08-02T19:48:11.997+0000] {processor.py:161} INFO - Started process (PID=221) to work on /opt/airflow/dags/football_etl_dag.py
[2026-08-02T19:48:11.999+0000] {processor.py:830} INFO - Processing file /opt/airflow/dags/football_etl_dag.py for tasks to queue
[2026-08-02T19:48:12.002+0000] {logging_mixin.py:188} INFO - [2026-08-02T19:48:12.001+0000] {dagbag.py:545} INFO - Filling up the DagBag from /opt/airflow/dags/football_etl_dag.py
[2026-08-02T19:48:12.027+0000] {processor.py:840} INFO - DAG(s) 'football_etl' retrieved from /opt/airflow/dags/football_etl_dag.py
[2026-08-02T19:48:12.068+0000] {logging_mixin.py:188} INFO - [2026-08-02T19:48:12.068+0000] {dag.py:3089} INFO - Sync 1 DAGs
[2026-08-02T19:48:12.101+0000] {logging_mixin.py:188} INFO - [2026-08-02T19:48:12.101+0000] {dag.py:3947} INFO - Setting next_dagrun for football_etl to 2026-08-02 19:48:00+00:00, run_after=2026-08-02 19:50:00+00:00
[2026-08-02T19:48:12.122+0000] {processor.py:183} INFO - Processing /opt/airflow/dags/football_etl_dag.py took 0.133 seconds
[2026-08-02T19:48:42.181+0000] {processor.py:161} INFO - Started process (PID=228) to work on /opt/airflow/dags/football_etl_dag.py
[2026-08-02T19:48:42.182+0000] {processor.py:830} INFO - Processing file /opt/airflow/dags/football_etl_dag.py for tasks to queue
[2026-08-02T19:48:42.184+0000] {logging_mixin.py:188} INFO - [2026-08-02T19:48:42.184+0000] {dagbag.py:545} INFO - Filling up the DagBag from /opt/airflow/dags/football_etl_dag.py
[2026-08-02T19:48:42.208+0000] {processor.py:840} INFO - DAG(s) 'football_etl' retrieved from /opt/airflow/dags/football_etl_dag.py
[2026-08-02T19:48:42.243+0000] {logging_mixin.py:188} INFO - [2026-08-02T19:48:42.243+0000] {dag.py:3089} INFO - Sync 1 DAGs
[2026-08-02T19:48:42.269+0000] {logging_mixin.py:188} INFO - [2026-08-02T19:48:42.268+0000] {dag.py:3947} INFO - Setting next_dagrun for football_etl to 2026-08-02 19:48:00+00:00, run_after=2026-08-02 19:50:00+00:00
[2026-08-02T19:48:42.289+0000] {processor.py:183} INFO - Processing /opt/airflow/dags/football_etl_dag.py took 0.116 seconds
[2026-08-02T19:49:12.557+0000] {processor.py:161} INFO - Started process (PID=233) to work on /opt/airflow/dags/football_etl_dag.py
[2026-08-02T19:49:12.558+0000] {processor.py:830} INFO - Processing file /opt/airflow/dags/football_etl_dag.py for tasks to queue
[2026-08-02T19:49:12.562+0000] {logging_mixin.py:188} INFO - [2026-08-02T19:49:12.561+0000] {dagbag.py:545} INFO - Filling up the DagBag from /opt/airflow/dags/football_etl_dag.py
[2026-08-02T19:49:12.588+0000] {processor.py:840} INFO - DAG(s) 'football_etl' retrieved from /opt/airflow/dags/football_etl_dag.py
[2026-08-02T19:49:12.625+0000] {logging_mixin.py:188} INFO - [2026-08-02T19:49:12.625+0000] {dag.py:3089} INFO - Sync 1 DAGs
[2026-08-02T19:49:12.654+0000] {logging_mixin.py:188} INFO - [2026-08-02T19:49:12.654+0000] {dag.py:3947} INFO - Setting next_dagrun for football_etl to 2026-08-02 19:48:00+00:00, run_after=2026-08-02 19:50:00+00:00
[2026-08-02T19:49:12.684+0000] {processor.py:183} INFO - Processing /opt/airflow/dags/football_etl_dag.py took 0.135 seconds
[2026-08-02T19:49:42.870+0000] {processor.py:161} INFO - Started process (PID=238) to work on /opt/airflow/dags/football_etl_dag.py
[2026-08-02T19:49:42.872+0000] {processor.py:830} INFO - Processing file /opt/airflow/dags/football_etl_dag.py for tasks to queue
[2026-08-02T19:49:42.875+0000] {logging_mixin.py:188} INFO - [2026-08-02T19:49:42.875+0000] {dagbag.py:545} INFO - Filling up the DagBag from /opt/airflow/dags/football_etl_dag.py
[2026-08-02T19:49:42.907+0000] {processor.py:840} INFO - DAG(s) 'football_etl' retrieved from /opt/airflow/dags/football_etl_dag.py
[2026-08-02T19:49:42.948+0000] {logging_mixin.py:188} INFO - [2026-08-02T19:49:42.948+0000] {dag.py:3089} INFO - Sync 1 DAGs
[2026-08-02T19:49:42.977+0000] {logging_mixin.py:188} INFO - [2026-08-02T19:49:42.976+0000] {dag.py:3947} INFO - Setting next_dagrun for football_etl to 2026-08-02 19:48:00+00:00, run_after=2026-08-02 19:50:00+00:00
[2026-08-02T19:49:42.998+0000] {processor.py:183} INFO - Processing /opt/airflow/dags/football_etl_dag.py took 0.174 seconds
[2026-08-02T19:50:13.157+0000] {processor.py:161} INFO - Started process (PID=249) to work on /opt/airflow/dags/football_etl_dag.py
[2026-08-02T19:50:13.159+0000] {processor.py:830} INFO - Processing file /opt/airflow/dags/football_etl_dag.py for tasks to queue
[2026-08-02T19:50:13.163+0000] {logging_mixin.py:188} INFO - [2026-08-02T19:50:13.162+0000] {dagbag.py:545} INFO - Filling up the DagBag from /opt/airflow/dags/football_etl_dag.py
[2026-08-02T19:50:13.193+0000] {processor.py:840} INFO - DAG(s) 'football_etl' retrieved from /opt/airflow/dags/football_etl_dag.py
[2026-08-02T19:50:13.231+0000] {logging_mixin.py:188} INFO - [2026-08-02T19:50:13.231+0000] {dag.py:3089} INFO - Sync 1 DAGs
[2026-08-02T19:50:13.263+0000] {logging_mixin.py:188} INFO - [2026-08-02T19:50:13.263+0000] {dag.py:3947} INFO - Setting next_dagrun for football_etl to 2026-08-02 19:50:00+00:00, run_after=2026-08-02 19:52:00+00:00
[2026-08-02T19:50:13.287+0000] {processor.py:183} INFO - Processing /opt/airflow/dags/football_etl_dag.py took 0.138 seconds
[2026-08-02T19:50:43.366+0000] {processor.py:161} INFO - Started process (PID=256) to work on /opt/airflow/dags/football_etl_dag.py
[2026-08-02T19:50:43.368+0000] {processor.py:830} INFO - Processing file /opt/airflow/dags/football_etl_dag.py for tasks to queue
[2026-08-02T19:50:43.370+0000] {logging_mixin.py:188} INFO - [2026-08-02T19:50:43.370+0000] {dagbag.py:545} INFO - Filling up the DagBag from /opt/airflow/dags/football_etl_dag.py
[2026-08-02T19:50:43.394+0000] {processor.py:840} INFO - DAG(s) 'football_etl' retrieved from /opt/airflow/dags/football_etl_dag.py
[2026-08-02T19:50:43.430+0000] {logging_mixin.py:188} INFO - [2026-08-02T19:50:43.430+0000] {dag.py:3089} INFO - Sync 1 DAGs
[2026-08-02T19:50:43.457+0000] {logging_mixin.py:188} INFO - [2026-08-02T19:50:43.457+0000] {dag.py:3947} INFO - Setting next_dagrun for football_etl to 2026-08-02 19:50:00+00:00, run_after=2026-08-02 19:52:00+00:00
[2026-08-02T19:50:43.477+0000] {processor.py:183} INFO - Processing /opt/airflow/dags/football_etl_dag.py took 0.118 seconds
[2026-08-02T19:51:13.718+0000] {processor.py:161} INFO - Started process (PID=261) to work on /opt/airflow/dags/football_etl_dag.py
[2026-08-02T19:51:13.719+0000] {processor.py:830} INFO - Processing file /opt/airflow/dags/football_etl_dag.py for tasks to queue
[2026-08-02T19:51:13.722+0000] {logging_mixin.py:188} INFO - [2026-08-02T19:51:13.722+0000] {dagbag.py:545} INFO - Filling up the DagBag from /opt/airflow/dags/football_etl_dag.py
[2026-08-02T19:51:13.746+0000] {processor.py:840} INFO - DAG(s) 'football_etl' retrieved from /opt/airflow/dags/football_etl_dag.py
[2026-08-02T19:51:13.816+0000] {logging_mixin.py:188} INFO - [2026-08-02T19:51:13.815+0000] {dag.py:3089} INFO - Sync 1 DAGs
[2026-08-02T19:51:13.864+0000] {logging_mixin.py:188} INFO - [2026-08-02T19:51:13.864+0000] {dag.py:3947} INFO - Setting next_dagrun for football_etl to 2026-08-02 19:50:00+00:00, run_after=2026-08-02 19:52:00+00:00
[2026-08-02T19:51:13.896+0000] {processor.py:183} INFO - Processing /opt/airflow/dags/football_etl_dag.py took 0.190 seconds
[2026-08-02T19:51:44.170+0000] {processor.py:161} INFO - Started process (PID=266) to work on /opt/airflow/dags/football_etl_dag.py
[2026-08-02T19:51:44.172+0000] {processor.py:830} INFO - Processing file /opt/airflow/dags/football_etl_dag.py for tasks to queue
[2026-08-02T19:51:44.175+0000] {logging_mixin.py:188} INFO - [2026-08-02T19:51:44.175+0000] {dagbag.py:545} INFO - Filling up the DagBag from /opt/airflow/dags/football_etl_dag.py
[2026-08-02T19:51:44.201+0000] {processor.py:840} INFO - DAG(s) 'football_etl' retrieved from /opt/airflow/dags/football_etl_dag.py
[2026-08-02T19:51:44.245+0000] {logging_mixin.py:188} INFO - [2026-08-02T19:51:44.245+0000] {dag.py:3089} INFO - Sync 1 DAGs
[2026-08-02T19:51:44.273+0000] {logging_mixin.py:188} INFO - [2026-08-02T19:51:44.273+0000] {dag.py:3947} INFO - Setting next_dagrun for football_etl to 2026-08-02 19:50:00+00:00, run_after=2026-08-02 19:52:00+00:00
[2026-08-02T19:51:44.295+0000] {processor.py:183} INFO - Processing /opt/airflow/dags/football_etl_dag.py took 0.132 seconds
[2026-08-02T19:52:14.371+0000] {processor.py:161} INFO - Started process (PID=277) to work on /opt/airflow/dags/football_etl_dag.py
[2026-08-02T19:52:14.373+0000] {processor.py:830} INFO - Processing file /opt/airflow/dags/football_etl_dag.py for tasks to queue
[2026-08-02T19:52:14.375+0000] {logging_mixin.py:188} INFO - [2026-08-02T19:52:14.375+0000] {dagbag.py:545} INFO - Filling up the DagBag from /opt/airflow/dags/football_etl_dag.py
[2026-08-02T19:52:14.406+0000] {processor.py:840} INFO - DAG(s) 'football_etl' retrieved from /opt/airflow/dags/football_etl_dag.py
[2026-08-02T19:52:14.448+0000] {logging_mixin.py:188} INFO - [2026-08-02T19:52:14.448+0000] {dag.py:3089} INFO - Sync 1 DAGs
[2026-08-02T19:52:14.481+0000] {logging_mixin.py:188} INFO - [2026-08-02T19:52:14.480+0000] {dag.py:3947} INFO - Setting next_dagrun for football_etl to 2026-08-02 19:52:00+00:00, run_after=2026-08-02 19:54:00+00:00
[2026-08-02T19:52:14.515+0000] {processor.py:183} INFO - Processing /opt/airflow/dags/football_etl_dag.py took 0.150 seconds
[2026-08-02T19:52:44.679+0000] {processor.py:161} INFO - Started process (PID=284) to work on /opt/airflow/dags/football_etl_dag.py
[2026-08-02T19:52:44.680+0000] {processor.py:830} INFO - Processing file /opt/airflow/dags/football_etl_dag.py for tasks to queue
[2026-08-02T19:52:44.683+0000] {logging_mixin.py:188} INFO - [2026-08-02T19:52:44.682+0000] {dagbag.py:545} INFO - Filling up the DagBag from /opt/airflow/dags/football_etl_dag.py
[2026-08-02T19:52:44.708+0000] {processor.py:840} INFO - DAG(s) 'football_etl' retrieved from /opt/airflow/dags/football_etl_dag.py
[2026-08-02T19:52:44.743+0000] {logging_mixin.py:188} INFO - [2026-08-02T19:52:44.743+0000] {dag.py:3089} INFO - Sync 1 DAGs
[2026-08-02T19:52:44.771+0000] {logging_mixin.py:188} INFO - [2026-08-02T19:52:44.771+0000] {dag.py:3947} INFO - Setting next_dagrun for football_etl to 2026-08-02 19:52:00+00:00, run_after=2026-08-02 19:54:00+00:00
[2026-08-02T19:52:44.792+0000] {processor.py:183} INFO - Processing /opt/airflow/dags/football_etl_dag.py took 0.120 seconds
[2026-08-02T19:53:14.966+0000] {processor.py:161} INFO - Started process (PID=289) to work on /opt/airflow/dags/football_etl_dag.py
[2026-08-02T19:53:14.967+0000] {processor.py:830} INFO - Processing file /opt/airflow/dags/football_etl_dag.py for tasks to queue
[2026-08-02T19:53:14.970+0000] {logging_mixin.py:188} INFO - [2026-08-02T19:53:14.970+0000] {dagbag.py:545} INFO - Filling up the DagBag from /opt/airflow/dags/football_etl_dag.py
[2026-08-02T19:53:14.994+0000] {processor.py:840} INFO - DAG(s) 'football_etl' retrieved from /opt/airflow/dags/football_etl_dag.py
[2026-08-02T19:53:15.032+0000] {logging_mixin.py:188} INFO - [2026-08-02T19:53:15.032+0000] {dag.py:3089} INFO - Sync 1 DAGs
[2026-08-02T19:53:15.060+0000] {logging_mixin.py:188} INFO - [2026-08-02T19:53:15.059+0000] {dag.py:3947} INFO - Setting next_dagrun for football_etl to 2026-08-02 19:52:00+00:00, run_after=2026-08-02 19:54:00+00:00
[2026-08-02T19:53:15.081+0000] {processor.py:183} INFO - Processing /opt/airflow/dags/football_etl_dag.py took 0.122 seconds
[2026-08-02T19:53:45.266+0000] {processor.py:161} INFO - Started process (PID=294) to work on /opt/airflow/dags/football_etl_dag.py
[2026-08-02T19:53:45.267+0000] {processor.py:830} INFO - Processing file /opt/airflow/dags/football_etl_dag.py for tasks to queue
[2026-08-02T19:53:45.270+0000] {logging_mixin.py:188} INFO - [2026-08-02T19:53:45.269+0000] {dagbag.py:545} INFO - Filling up the DagBag from /opt/airflow/dags/football_etl_dag.py
[2026-08-02T19:53:45.294+0000] {processor.py:840} INFO - DAG(s) 'football_etl' retrieved from /opt/airflow/dags/football_etl_dag.py
[2026-08-02T19:53:45.331+0000] {logging_mixin.py:188} INFO - [2026-08-02T19:53:45.331+0000] {dag.py:3089} INFO - Sync 1 DAGs
[2026-08-02T19:53:45.359+0000] {logging_mixin.py:188} INFO - [2026-08-02T19:53:45.359+0000] {dag.py:3947} INFO - Setting next_dagrun for football_etl to 2026-08-02 19:52:00+00:00, run_after=2026-08-02 19:54:00+00:00
[2026-08-02T19:53:45.379+0000] {processor.py:183} INFO - Processing /opt/airflow/dags/football_etl_dag.py took 0.121 seconds
