[2026-08-04T04:14:20.060+0000] {local_task_job_runner.py:120} INFO - ::group::Pre task execution logs
[2026-08-04T04:14:20.101+0000] {taskinstance.py:2076} INFO - Dependencies all met for dep_context=non-requeueable deps ti=<TaskInstance: football_etl.warehouse_load scheduled__2026-08-04T04:12:00+00:00 [queued]>
[2026-08-04T04:14:20.110+0000] {taskinstance.py:2076} INFO - Dependencies all met for dep_context=requeueable deps ti=<TaskInstance: football_etl.warehouse_load scheduled__2026-08-04T04:12:00+00:00 [queued]>
[2026-08-04T04:14:20.111+0000] {taskinstance.py:2306} INFO - Starting attempt 1 of 4
[2026-08-04T04:14:20.125+0000] {taskinstance.py:2330} INFO - Executing <Task(PythonOperator): warehouse_load> on 2026-08-04 04:12:00+00:00
[2026-08-04T04:14:20.133+0000] {standard_task_runner.py:90} INFO - Running: ['airflow', 'tasks', 'run', 'football_etl', 'warehouse_load', 'scheduled__2026-08-04T04:12:00+00:00', '--job-id', '704', '--raw', '--subdir', 'DAGS_FOLDER/football_etl_dag.py', '--cfg-path', '/tmp/tmp5_83lq8t']
[2026-08-04T04:14:20.136+0000] {standard_task_runner.py:91} INFO - Job 704: Subtask warehouse_load
[2026-08-04T04:14:20.137+0000] {logging_mixin.py:188} WARNING - /home/airflow/.local/lib/python3.12/site-packages/airflow/task/task_runner/standard_task_runner.py:62 DeprecationWarning: This process (pid=269) is multi-threaded, use of fork() may lead to deadlocks in the child.
[2026-08-04T04:14:20.138+0000] {standard_task_runner.py:64} INFO - Started process 270 to run task
[2026-08-04T04:14:20.213+0000] {task_command.py:426} INFO - Running <TaskInstance: football_etl.warehouse_load scheduled__2026-08-04T04:12:00+00:00 [running]> on host b478b38d86c0
[2026-08-04T04:14:20.324+0000] {taskinstance.py:2648} INFO - Exporting env vars: AIRFLOW_CTX_DAG_OWNER='airflow' AIRFLOW_CTX_DAG_ID='football_etl' AIRFLOW_CTX_TASK_ID='warehouse_load' AIRFLOW_CTX_EXECUTION_DATE='2026-08-04T04:12:00+00:00' AIRFLOW_CTX_TRY_NUMBER='1' AIRFLOW_CTX_DAG_RUN_ID='scheduled__2026-08-04T04:12:00+00:00'
[2026-08-04T04:14:20.326+0000] {taskinstance.py:430} INFO - ::endgroup::
[2026-08-04T04:14:38.173+0000] {warehouse_load.py:126} INFO - Fetched 14098 rows from OLTP for warehouse load
[2026-08-04T04:14:49.917+0000] {warehouse_load.py:163} INFO - Warehouse ETL complete: 0 inserted, 14098 skipped
[2026-08-04T04:14:49.918+0000] {logging_mixin.py:188} INFO - Warehouse ETL complete: 0 inserted, 14098 skipped
[2026-08-04T04:14:49.939+0000] {python.py:237} INFO - Done. Returned value was: None
[2026-08-04T04:14:49.940+0000] {taskinstance.py:441} INFO - ::group::Post task execution logs
[2026-08-04T04:14:49.956+0000] {taskinstance.py:1206} INFO - Marking task as SUCCESS. dag_id=football_etl, task_id=warehouse_load, run_id=scheduled__2026-08-04T04:12:00+00:00, execution_date=20260804T041200, start_date=20260804T041420, end_date=20260804T041449
[2026-08-04T04:14:49.985+0000] {local_task_job_runner.py:243} INFO - Task exited with return code 0
[2026-08-04T04:14:50.006+0000] {taskinstance.py:3503} INFO - 0 downstream tasks scheduled from follow-on schedule check
[2026-08-04T04:14:50.009+0000] {local_task_job_runner.py:222} INFO - ::endgroup::
