[2026-07-29T18:00:24.759+0000] {local_task_job_runner.py:120} INFO - ::group::Pre task execution logs
[2026-07-29T18:00:24.802+0000] {taskinstance.py:2076} INFO - Dependencies all met for dep_context=non-requeueable deps ti=<TaskInstance: football_etl.warehouse_load scheduled__2026-07-29T17:58:00+00:00 [queued]>
[2026-07-29T18:00:24.813+0000] {taskinstance.py:2076} INFO - Dependencies all met for dep_context=requeueable deps ti=<TaskInstance: football_etl.warehouse_load scheduled__2026-07-29T17:58:00+00:00 [queued]>
[2026-07-29T18:00:24.814+0000] {taskinstance.py:2306} INFO - Starting attempt 1 of 4
[2026-07-29T18:00:24.827+0000] {taskinstance.py:2330} INFO - Executing <Task(PythonOperator): warehouse_load> on 2026-07-29 17:58:00+00:00
[2026-07-29T18:00:24.835+0000] {standard_task_runner.py:90} INFO - Running: ['airflow', 'tasks', 'run', 'football_etl', 'warehouse_load', 'scheduled__2026-07-29T17:58:00+00:00', '--job-id', '535', '--raw', '--subdir', 'DAGS_FOLDER/football_etl_dag.py', '--cfg-path', '/tmp/tmpg4h857ko']
[2026-07-29T18:00:24.837+0000] {logging_mixin.py:188} WARNING - /home/airflow/.local/lib/python3.12/site-packages/airflow/task/task_runner/standard_task_runner.py:62 DeprecationWarning: This process (pid=1104) is multi-threaded, use of fork() may lead to deadlocks in the child.
[2026-07-29T18:00:24.838+0000] {standard_task_runner.py:91} INFO - Job 535: Subtask warehouse_load
[2026-07-29T18:00:24.839+0000] {standard_task_runner.py:64} INFO - Started process 1105 to run task
[2026-07-29T18:00:25.025+0000] {task_command.py:426} INFO - Running <TaskInstance: football_etl.warehouse_load scheduled__2026-07-29T17:58:00+00:00 [running]> on host b478b38d86c0
[2026-07-29T18:00:25.245+0000] {taskinstance.py:2648} INFO - Exporting env vars: AIRFLOW_CTX_DAG_OWNER='airflow' AIRFLOW_CTX_DAG_ID='football_etl' AIRFLOW_CTX_TASK_ID='warehouse_load' AIRFLOW_CTX_EXECUTION_DATE='2026-07-29T17:58:00+00:00' AIRFLOW_CTX_TRY_NUMBER='1' AIRFLOW_CTX_DAG_RUN_ID='scheduled__2026-07-29T17:58:00+00:00'
[2026-07-29T18:00:25.247+0000] {taskinstance.py:430} INFO - ::endgroup::
[2026-07-29T18:00:43.357+0000] {warehouse_load.py:126} INFO - Fetched 14098 rows from OLTP for warehouse load
[2026-07-29T18:00:58.303+0000] {warehouse_load.py:163} INFO - Warehouse ETL complete: 0 inserted, 14098 skipped
[2026-07-29T18:00:58.306+0000] {logging_mixin.py:188} INFO - Warehouse ETL complete: 0 inserted, 14098 skipped
[2026-07-29T18:00:58.323+0000] {python.py:237} INFO - Done. Returned value was: None
[2026-07-29T18:00:58.325+0000] {taskinstance.py:441} INFO - ::group::Post task execution logs
[2026-07-29T18:00:58.344+0000] {taskinstance.py:1206} INFO - Marking task as SUCCESS. dag_id=football_etl, task_id=warehouse_load, run_id=scheduled__2026-07-29T17:58:00+00:00, execution_date=20260729T175800, start_date=20260729T180024, end_date=20260729T180058
[2026-07-29T18:00:58.371+0000] {local_task_job_runner.py:243} INFO - Task exited with return code 0
[2026-07-29T18:00:58.393+0000] {taskinstance.py:3503} INFO - 0 downstream tasks scheduled from follow-on schedule check
[2026-07-29T18:00:58.396+0000] {local_task_job_runner.py:222} INFO - ::endgroup::
