[2026-08-05T04:26:48.214+0000] {local_task_job_runner.py:120} INFO - ::group::Pre task execution logs
[2026-08-05T04:26:48.289+0000] {taskinstance.py:2076} INFO - Dependencies all met for dep_context=non-requeueable deps ti=<TaskInstance: football_etl.warehouse_load scheduled__2026-08-05T04:24:00+00:00 [queued]>
[2026-08-05T04:26:48.307+0000] {taskinstance.py:2076} INFO - Dependencies all met for dep_context=requeueable deps ti=<TaskInstance: football_etl.warehouse_load scheduled__2026-08-05T04:24:00+00:00 [queued]>
[2026-08-05T04:26:48.309+0000] {taskinstance.py:2306} INFO - Starting attempt 1 of 4
[2026-08-05T04:26:48.342+0000] {taskinstance.py:2330} INFO - Executing <Task(PythonOperator): warehouse_load> on 2026-08-05 04:24:00+00:00
[2026-08-05T04:26:48.363+0000] {standard_task_runner.py:90} INFO - Running: ['airflow', 'tasks', 'run', 'football_etl', 'warehouse_load', 'scheduled__2026-08-05T04:24:00+00:00', '--job-id', '1434', '--raw', '--subdir', 'DAGS_FOLDER/football_etl_dag.py', '--cfg-path', '/tmp/tmp6gewk24i']
[2026-08-05T04:26:48.371+0000] {standard_task_runner.py:91} INFO - Job 1434: Subtask warehouse_load
[2026-08-05T04:26:48.381+0000] {logging_mixin.py:188} WARNING - /home/airflow/.local/lib/python3.12/site-packages/airflow/task/task_runner/standard_task_runner.py:62 DeprecationWarning: This process (pid=321) is multi-threaded, use of fork() may lead to deadlocks in the child.
[2026-08-05T04:26:48.383+0000] {standard_task_runner.py:64} INFO - Started process 322 to run task
[2026-08-05T04:26:48.539+0000] {task_command.py:426} INFO - Running <TaskInstance: football_etl.warehouse_load scheduled__2026-08-05T04:24:00+00:00 [running]> on host b478b38d86c0
[2026-08-05T04:26:48.778+0000] {taskinstance.py:2648} INFO - Exporting env vars: AIRFLOW_CTX_DAG_OWNER='airflow' AIRFLOW_CTX_DAG_ID='football_etl' AIRFLOW_CTX_TASK_ID='warehouse_load' AIRFLOW_CTX_EXECUTION_DATE='2026-08-05T04:24:00+00:00' AIRFLOW_CTX_TRY_NUMBER='1' AIRFLOW_CTX_DAG_RUN_ID='scheduled__2026-08-05T04:24:00+00:00'
[2026-08-05T04:26:48.786+0000] {taskinstance.py:430} INFO - ::endgroup::
[2026-08-05T05:13:45.292+0000] {warehouse_load.py:159} INFO - Fetched 16098 rows from OLTP for warehouse load
[2026-08-05T05:13:46.841+0000] {local_task_job_runner.py:124} ERROR - Received SIGTERM. Terminating subprocesses
[2026-08-05T05:13:46.862+0000] {process_utils.py:132} INFO - Sending 15 to group 322. PIDs of all processes in the group: [322]
[2026-08-05T05:13:46.869+0000] {process_utils.py:87} INFO - Sending the signal 15 to group 322
[2026-08-05T05:13:46.873+0000] {taskinstance.py:2611} ERROR - Received SIGTERM. Terminating subprocesses.
[2026-08-05T05:13:46.907+0000] {taskinstance.py:441} INFO - ::group::Post task execution logs
[2026-08-05T05:13:47.123+0000] {taskinstance.py:2905} ERROR - Task failed with exception
Traceback (most recent call last):
  File "/home/airflow/.local/lib/python3.12/site-packages/airflow/models/taskinstance.py", line 465, in _execute_task
    result = _execute_callable(context=context, **execute_callable_kwargs)
             ^^^^^^^^^^^^^^^^^^^^^^^^^^^^^^^^^^^^^^^^^^^^^^^^^^^^^^^^^^^^^
  File "/home/airflow/.local/lib/python3.12/site-packages/airflow/models/taskinstance.py", line 432, in _execute_callable
    return execute_callable(context=context, **execute_callable_kwargs)
           ^^^^^^^^^^^^^^^^^^^^^^^^^^^^^^^^^^^^^^^^^^^^^^^^^^^^^^^^^^^^
  File "/home/airflow/.local/lib/python3.12/site-packages/airflow/models/baseoperator.py", line 401, in wrapper
    return func(self, *args, **kwargs)
           ^^^^^^^^^^^^^^^^^^^^^^^^^^^
  File "/home/airflow/.local/lib/python3.12/site-packages/airflow/operators/python.py", line 235, in execute
    return_value = self.execute_callable()
                   ^^^^^^^^^^^^^^^^^^^^^^^
  File "/home/airflow/.local/lib/python3.12/site-packages/airflow/operators/python.py", line 252, in execute_callable
    return self.python_callable(*self.op_args, **self.op_kwargs)
           ^^^^^^^^^^^^^^^^^^^^^^^^^^^^^^^^^^^^^^^^^^^^^^^^^^^^^
  File "/opt/airflow/dags/football_etl_dag.py", line 66, in run_warehouse_load
    run_warehouse_etl()
  File "/opt/airflow/pipeline/warehouse_load.py", line 174, in run_warehouse_etl
    goalkeeper_key = (get_or_create_dim_player(dwh_cur, player_cache, keeper_name, keeper_role)
                      ^^^^^^^^^^^^^^^^^^^^^^^^^^^^^^^^^^^^^^^^^^^^^^^^^^^^^^^^^^^^^^^^^^^^^^^^^
  File "/opt/airflow/pipeline/warehouse_load.py", line 89, in get_or_create_dim_player
    dwh_cur.execute("SELECT player_key FROM dim_player WHERE player_name=%s AND role=%s",
  File "/usr/local/lib/python3.12/encodings/utf_8.py", line 15, in decode
    def decode(input, errors='strict'):
    
  File "/home/airflow/.local/lib/python3.12/site-packages/airflow/models/taskinstance.py", line 2613, in signal_handler
    raise AirflowTaskTerminated("Task received SIGTERM signal")
airflow.exceptions.AirflowTaskTerminated: Task received SIGTERM signal
[2026-08-05T05:13:47.186+0000] {taskinstance.py:1206} INFO - Marking task as UP_FOR_RETRY. dag_id=football_etl, task_id=warehouse_load, run_id=scheduled__2026-08-05T04:24:00+00:00, execution_date=20260805T042400, start_date=20260805T042648, end_date=20260805T051347
[2026-08-05T05:13:47.307+0000] {process_utils.py:80} INFO - Process psutil.Process(pid=322, status='terminated', exitcode=2, started='04:26:47') (322) terminated with exit code 2
[2026-08-05T05:13:47.314+0000] {local_task_job_runner.py:243} INFO - Task exited with return code 143
[2026-08-05T05:13:47.385+0000] {taskinstance.py:3503} INFO - 0 downstream tasks scheduled from follow-on schedule check
[2026-08-05T05:13:50.773+0000] {local_task_job_runner.py:222} INFO - ::endgroup::
