[2026-08-05T03:50:18.403+0000] {processor.py:161} INFO - Started process (PID=163) to work on /opt/airflow/dags/football_etl_dag.py
[2026-08-05T03:50:18.409+0000] {processor.py:830} INFO - Processing file /opt/airflow/dags/football_etl_dag.py for tasks to queue
[2026-08-05T03:50:18.417+0000] {logging_mixin.py:188} INFO - [2026-08-05T03:50:18.416+0000] {dagbag.py:545} INFO - Filling up the DagBag from /opt/airflow/dags/football_etl_dag.py
[2026-08-05T03:50:18.479+0000] {processor.py:840} INFO - DAG(s) 'football_etl' retrieved from /opt/airflow/dags/football_etl_dag.py
[2026-08-05T03:50:18.606+0000] {logging_mixin.py:188} INFO - [2026-08-05T03:50:18.605+0000] {dag.py:3089} INFO - Sync 1 DAGs
[2026-08-05T03:50:18.735+0000] {logging_mixin.py:188} INFO - [2026-08-05T03:50:18.734+0000] {dag.py:3947} INFO - Setting next_dagrun for football_etl to 2026-08-05 03:50:00+00:00, run_after=2026-08-05 03:52:00+00:00
[2026-08-05T03:50:18.786+0000] {processor.py:183} INFO - Processing /opt/airflow/dags/football_etl_dag.py took 0.407 seconds
[2026-08-05T03:50:49.475+0000] {processor.py:161} INFO - Started process (PID=179) to work on /opt/airflow/dags/football_etl_dag.py
[2026-08-05T03:50:49.485+0000] {processor.py:830} INFO - Processing file /opt/airflow/dags/football_etl_dag.py for tasks to queue
[2026-08-05T03:50:49.496+0000] {logging_mixin.py:188} INFO - [2026-08-05T03:50:49.495+0000] {dagbag.py:545} INFO - Filling up the DagBag from /opt/airflow/dags/football_etl_dag.py
[2026-08-05T03:50:49.763+0000] {processor.py:840} INFO - DAG(s) 'football_etl' retrieved from /opt/airflow/dags/football_etl_dag.py
[2026-08-05T03:50:50.398+0000] {logging_mixin.py:188} INFO - [2026-08-05T03:50:50.398+0000] {dag.py:3089} INFO - Sync 1 DAGs
[2026-08-05T03:50:50.500+0000] {logging_mixin.py:188} INFO - [2026-08-05T03:50:50.498+0000] {dag.py:3947} INFO - Setting next_dagrun for football_etl to 2026-08-05 03:50:00+00:00, run_after=2026-08-05 03:52:00+00:00
[2026-08-05T03:50:50.590+0000] {processor.py:183} INFO - Processing /opt/airflow/dags/football_etl_dag.py took 1.200 seconds
[2026-08-05T03:51:20.902+0000] {processor.py:161} INFO - Started process (PID=184) to work on /opt/airflow/dags/football_etl_dag.py
[2026-08-05T03:51:20.905+0000] {processor.py:830} INFO - Processing file /opt/airflow/dags/football_etl_dag.py for tasks to queue
[2026-08-05T03:51:20.912+0000] {logging_mixin.py:188} INFO - [2026-08-05T03:51:20.911+0000] {dagbag.py:545} INFO - Filling up the DagBag from /opt/airflow/dags/football_etl_dag.py
[2026-08-05T03:51:20.980+0000] {processor.py:840} INFO - DAG(s) 'football_etl' retrieved from /opt/airflow/dags/football_etl_dag.py
[2026-08-05T03:51:21.107+0000] {logging_mixin.py:188} INFO - [2026-08-05T03:51:21.106+0000] {dag.py:3089} INFO - Sync 1 DAGs
[2026-08-05T03:51:21.184+0000] {logging_mixin.py:188} INFO - [2026-08-05T03:51:21.183+0000] {dag.py:3947} INFO - Setting next_dagrun for football_etl to 2026-08-05 03:50:00+00:00, run_after=2026-08-05 03:52:00+00:00
[2026-08-05T03:51:21.228+0000] {processor.py:183} INFO - Processing /opt/airflow/dags/football_etl_dag.py took 0.344 seconds
[2026-08-05T03:51:51.545+0000] {processor.py:161} INFO - Started process (PID=189) to work on /opt/airflow/dags/football_etl_dag.py
[2026-08-05T03:51:51.548+0000] {processor.py:830} INFO - Processing file /opt/airflow/dags/football_etl_dag.py for tasks to queue
[2026-08-05T03:51:51.554+0000] {logging_mixin.py:188} INFO - [2026-08-05T03:51:51.553+0000] {dagbag.py:545} INFO - Filling up the DagBag from /opt/airflow/dags/football_etl_dag.py
[2026-08-05T03:51:51.608+0000] {processor.py:840} INFO - DAG(s) 'football_etl' retrieved from /opt/airflow/dags/football_etl_dag.py
[2026-08-05T03:51:51.680+0000] {logging_mixin.py:188} INFO - [2026-08-05T03:51:51.680+0000] {dag.py:3089} INFO - Sync 1 DAGs
[2026-08-05T03:51:51.733+0000] {logging_mixin.py:188} INFO - [2026-08-05T03:51:51.733+0000] {dag.py:3947} INFO - Setting next_dagrun for football_etl to 2026-08-05 03:50:00+00:00, run_after=2026-08-05 03:52:00+00:00
[2026-08-05T03:51:51.776+0000] {processor.py:183} INFO - Processing /opt/airflow/dags/football_etl_dag.py took 0.250 seconds
[2026-08-05T03:52:21.957+0000] {processor.py:161} INFO - Started process (PID=202) to work on /opt/airflow/dags/football_etl_dag.py
[2026-08-05T03:52:21.959+0000] {processor.py:830} INFO - Processing file /opt/airflow/dags/football_etl_dag.py for tasks to queue
[2026-08-05T03:52:21.963+0000] {logging_mixin.py:188} INFO - [2026-08-05T03:52:21.962+0000] {dagbag.py:545} INFO - Filling up the DagBag from /opt/airflow/dags/football_etl_dag.py
[2026-08-05T03:52:22.001+0000] {processor.py:840} INFO - DAG(s) 'football_etl' retrieved from /opt/airflow/dags/football_etl_dag.py
[2026-08-05T03:52:22.065+0000] {logging_mixin.py:188} INFO - [2026-08-05T03:52:22.064+0000] {dag.py:3089} INFO - Sync 1 DAGs
[2026-08-05T03:52:22.125+0000] {logging_mixin.py:188} INFO - [2026-08-05T03:52:22.124+0000] {dag.py:3947} INFO - Setting next_dagrun for football_etl to 2026-08-05 03:52:00+00:00, run_after=2026-08-05 03:54:00+00:00
[2026-08-05T03:52:22.164+0000] {processor.py:183} INFO - Processing /opt/airflow/dags/football_etl_dag.py took 0.218 seconds
[2026-08-05T03:52:52.377+0000] {processor.py:161} INFO - Started process (PID=207) to work on /opt/airflow/dags/football_etl_dag.py
[2026-08-05T03:52:52.382+0000] {processor.py:830} INFO - Processing file /opt/airflow/dags/football_etl_dag.py for tasks to queue
[2026-08-05T03:52:52.389+0000] {logging_mixin.py:188} INFO - [2026-08-05T03:52:52.388+0000] {dagbag.py:545} INFO - Filling up the DagBag from /opt/airflow/dags/football_etl_dag.py
[2026-08-05T03:52:52.462+0000] {processor.py:840} INFO - DAG(s) 'football_etl' retrieved from /opt/airflow/dags/football_etl_dag.py
[2026-08-05T03:52:52.540+0000] {logging_mixin.py:188} INFO - [2026-08-05T03:52:52.540+0000] {dag.py:3089} INFO - Sync 1 DAGs
[2026-08-05T03:52:52.602+0000] {logging_mixin.py:188} INFO - [2026-08-05T03:52:52.602+0000] {dag.py:3947} INFO - Setting next_dagrun for football_etl to 2026-08-05 03:52:00+00:00, run_after=2026-08-05 03:54:00+00:00
[2026-08-05T03:52:52.646+0000] {processor.py:183} INFO - Processing /opt/airflow/dags/football_etl_dag.py took 0.290 seconds
[2026-08-05T03:53:22.965+0000] {processor.py:161} INFO - Started process (PID=212) to work on /opt/airflow/dags/football_etl_dag.py
[2026-08-05T03:53:22.969+0000] {processor.py:830} INFO - Processing file /opt/airflow/dags/football_etl_dag.py for tasks to queue
[2026-08-05T03:53:22.976+0000] {logging_mixin.py:188} INFO - [2026-08-05T03:53:22.975+0000] {dagbag.py:545} INFO - Filling up the DagBag from /opt/airflow/dags/football_etl_dag.py
[2026-08-05T03:53:23.046+0000] {processor.py:840} INFO - DAG(s) 'football_etl' retrieved from /opt/airflow/dags/football_etl_dag.py
[2026-08-05T03:53:23.150+0000] {logging_mixin.py:188} INFO - [2026-08-05T03:53:23.149+0000] {dag.py:3089} INFO - Sync 1 DAGs
[2026-08-05T03:53:23.217+0000] {logging_mixin.py:188} INFO - [2026-08-05T03:53:23.217+0000] {dag.py:3947} INFO - Setting next_dagrun for football_etl to 2026-08-05 03:52:00+00:00, run_after=2026-08-05 03:54:00+00:00
[2026-08-05T03:53:23.270+0000] {processor.py:183} INFO - Processing /opt/airflow/dags/football_etl_dag.py took 0.328 seconds
[2026-08-05T03:53:53.703+0000] {processor.py:161} INFO - Started process (PID=217) to work on /opt/airflow/dags/football_etl_dag.py
[2026-08-05T03:53:53.707+0000] {processor.py:830} INFO - Processing file /opt/airflow/dags/football_etl_dag.py for tasks to queue
[2026-08-05T03:53:53.714+0000] {logging_mixin.py:188} INFO - [2026-08-05T03:53:53.713+0000] {dagbag.py:545} INFO - Filling up the DagBag from /opt/airflow/dags/football_etl_dag.py
[2026-08-05T03:53:53.787+0000] {processor.py:840} INFO - DAG(s) 'football_etl' retrieved from /opt/airflow/dags/football_etl_dag.py
[2026-08-05T03:53:53.890+0000] {logging_mixin.py:188} INFO - [2026-08-05T03:53:53.889+0000] {dag.py:3089} INFO - Sync 1 DAGs
[2026-08-05T03:53:53.965+0000] {logging_mixin.py:188} INFO - [2026-08-05T03:53:53.964+0000] {dag.py:3947} INFO - Setting next_dagrun for football_etl to 2026-08-05 03:52:00+00:00, run_after=2026-08-05 03:54:00+00:00
[2026-08-05T03:53:54.024+0000] {processor.py:183} INFO - Processing /opt/airflow/dags/football_etl_dag.py took 0.341 seconds
[2026-08-05T03:54:24.401+0000] {processor.py:161} INFO - Started process (PID=238) to work on /opt/airflow/dags/football_etl_dag.py
[2026-08-05T03:54:24.406+0000] {processor.py:830} INFO - Processing file /opt/airflow/dags/football_etl_dag.py for tasks to queue
[2026-08-05T03:54:24.415+0000] {logging_mixin.py:188} INFO - [2026-08-05T03:54:24.413+0000] {dagbag.py:545} INFO - Filling up the DagBag from /opt/airflow/dags/football_etl_dag.py
[2026-08-05T03:54:24.497+0000] {processor.py:840} INFO - DAG(s) 'football_etl' retrieved from /opt/airflow/dags/football_etl_dag.py
[2026-08-05T03:54:24.599+0000] {logging_mixin.py:188} INFO - [2026-08-05T03:54:24.598+0000] {dag.py:3089} INFO - Sync 1 DAGs
[2026-08-05T03:54:24.674+0000] {logging_mixin.py:188} INFO - [2026-08-05T03:54:24.674+0000] {dag.py:3947} INFO - Setting next_dagrun for football_etl to 2026-08-05 03:54:00+00:00, run_after=2026-08-05 03:56:00+00:00
[2026-08-05T03:54:24.734+0000] {processor.py:183} INFO - Processing /opt/airflow/dags/football_etl_dag.py took 0.358 seconds
[2026-08-05T03:54:55.112+0000] {processor.py:161} INFO - Started process (PID=243) to work on /opt/airflow/dags/football_etl_dag.py
[2026-08-05T03:54:55.121+0000] {processor.py:830} INFO - Processing file /opt/airflow/dags/football_etl_dag.py for tasks to queue
[2026-08-05T03:54:55.133+0000] {logging_mixin.py:188} INFO - [2026-08-05T03:54:55.132+0000] {dagbag.py:545} INFO - Filling up the DagBag from /opt/airflow/dags/football_etl_dag.py
[2026-08-05T03:54:55.257+0000] {processor.py:840} INFO - DAG(s) 'football_etl' retrieved from /opt/airflow/dags/football_etl_dag.py
[2026-08-05T03:54:55.355+0000] {logging_mixin.py:188} INFO - [2026-08-05T03:54:55.355+0000] {dag.py:3089} INFO - Sync 1 DAGs
[2026-08-05T03:54:55.426+0000] {logging_mixin.py:188} INFO - [2026-08-05T03:54:55.425+0000] {dag.py:3947} INFO - Setting next_dagrun for football_etl to 2026-08-05 03:54:00+00:00, run_after=2026-08-05 03:56:00+00:00
[2026-08-05T03:54:55.473+0000] {processor.py:183} INFO - Processing /opt/airflow/dags/football_etl_dag.py took 0.388 seconds
[2026-08-05T03:55:25.834+0000] {processor.py:161} INFO - Started process (PID=248) to work on /opt/airflow/dags/football_etl_dag.py
[2026-08-05T03:55:25.841+0000] {processor.py:830} INFO - Processing file /opt/airflow/dags/football_etl_dag.py for tasks to queue
[2026-08-05T03:55:25.852+0000] {logging_mixin.py:188} INFO - [2026-08-05T03:55:25.851+0000] {dagbag.py:545} INFO - Filling up the DagBag from /opt/airflow/dags/football_etl_dag.py
[2026-08-05T03:55:25.937+0000] {processor.py:840} INFO - DAG(s) 'football_etl' retrieved from /opt/airflow/dags/football_etl_dag.py
[2026-08-05T03:55:26.028+0000] {logging_mixin.py:188} INFO - [2026-08-05T03:55:26.027+0000] {dag.py:3089} INFO - Sync 1 DAGs
[2026-08-05T03:55:26.079+0000] {logging_mixin.py:188} INFO - [2026-08-05T03:55:26.079+0000] {dag.py:3947} INFO - Setting next_dagrun for football_etl to 2026-08-05 03:54:00+00:00, run_after=2026-08-05 03:56:00+00:00
[2026-08-05T03:55:26.119+0000] {processor.py:183} INFO - Processing /opt/airflow/dags/football_etl_dag.py took 0.311 seconds
[2026-08-05T03:55:56.552+0000] {processor.py:161} INFO - Started process (PID=253) to work on /opt/airflow/dags/football_etl_dag.py
[2026-08-05T03:55:56.558+0000] {processor.py:830} INFO - Processing file /opt/airflow/dags/football_etl_dag.py for tasks to queue
[2026-08-05T03:55:56.569+0000] {logging_mixin.py:188} INFO - [2026-08-05T03:55:56.568+0000] {dagbag.py:545} INFO - Filling up the DagBag from /opt/airflow/dags/football_etl_dag.py
[2026-08-05T03:55:56.655+0000] {processor.py:840} INFO - DAG(s) 'football_etl' retrieved from /opt/airflow/dags/football_etl_dag.py
[2026-08-05T03:55:56.773+0000] {logging_mixin.py:188} INFO - [2026-08-05T03:55:56.772+0000] {dag.py:3089} INFO - Sync 1 DAGs
[2026-08-05T03:55:56.865+0000] {logging_mixin.py:188} INFO - [2026-08-05T03:55:56.864+0000] {dag.py:3947} INFO - Setting next_dagrun for football_etl to 2026-08-05 03:54:00+00:00, run_after=2026-08-05 03:56:00+00:00
[2026-08-05T03:55:56.937+0000] {processor.py:183} INFO - Processing /opt/airflow/dags/football_etl_dag.py took 0.409 seconds
[2026-08-05T03:56:27.328+0000] {processor.py:161} INFO - Started process (PID=266) to work on /opt/airflow/dags/football_etl_dag.py
[2026-08-05T03:56:27.332+0000] {processor.py:830} INFO - Processing file /opt/airflow/dags/football_etl_dag.py for tasks to queue
[2026-08-05T03:56:27.339+0000] {logging_mixin.py:188} INFO - [2026-08-05T03:56:27.338+0000] {dagbag.py:545} INFO - Filling up the DagBag from /opt/airflow/dags/football_etl_dag.py
[2026-08-05T03:56:27.395+0000] {processor.py:840} INFO - DAG(s) 'football_etl' retrieved from /opt/airflow/dags/football_etl_dag.py
[2026-08-05T03:56:27.487+0000] {logging_mixin.py:188} INFO - [2026-08-05T03:56:27.486+0000] {dag.py:3089} INFO - Sync 1 DAGs
[2026-08-05T03:56:27.586+0000] {logging_mixin.py:188} INFO - [2026-08-05T03:56:27.586+0000] {dag.py:3947} INFO - Setting next_dagrun for football_etl to 2026-08-05 03:56:00+00:00, run_after=2026-08-05 03:58:00+00:00
[2026-08-05T03:56:27.650+0000] {processor.py:183} INFO - Processing /opt/airflow/dags/football_etl_dag.py took 0.349 seconds
[2026-08-05T03:56:57.968+0000] {processor.py:161} INFO - Started process (PID=271) to work on /opt/airflow/dags/football_etl_dag.py
[2026-08-05T03:56:57.975+0000] {processor.py:830} INFO - Processing file /opt/airflow/dags/football_etl_dag.py for tasks to queue
[2026-08-05T03:56:57.984+0000] {logging_mixin.py:188} INFO - [2026-08-05T03:56:57.983+0000] {dagbag.py:545} INFO - Filling up the DagBag from /opt/airflow/dags/football_etl_dag.py
[2026-08-05T03:56:58.048+0000] {processor.py:840} INFO - DAG(s) 'football_etl' retrieved from /opt/airflow/dags/football_etl_dag.py
[2026-08-05T03:56:58.143+0000] {logging_mixin.py:188} INFO - [2026-08-05T03:56:58.142+0000] {dag.py:3089} INFO - Sync 1 DAGs
[2026-08-05T03:56:58.214+0000] {logging_mixin.py:188} INFO - [2026-08-05T03:56:58.214+0000] {dag.py:3947} INFO - Setting next_dagrun for football_etl to 2026-08-05 03:56:00+00:00, run_after=2026-08-05 03:58:00+00:00
[2026-08-05T03:56:58.267+0000] {processor.py:183} INFO - Processing /opt/airflow/dags/football_etl_dag.py took 0.324 seconds
[2026-08-05T03:57:28.620+0000] {processor.py:161} INFO - Started process (PID=276) to work on /opt/airflow/dags/football_etl_dag.py
[2026-08-05T03:57:28.624+0000] {processor.py:830} INFO - Processing file /opt/airflow/dags/football_etl_dag.py for tasks to queue
[2026-08-05T03:57:28.630+0000] {logging_mixin.py:188} INFO - [2026-08-05T03:57:28.629+0000] {dagbag.py:545} INFO - Filling up the DagBag from /opt/airflow/dags/football_etl_dag.py
[2026-08-05T03:57:28.693+0000] {processor.py:840} INFO - DAG(s) 'football_etl' retrieved from /opt/airflow/dags/football_etl_dag.py
[2026-08-05T03:57:28.784+0000] {logging_mixin.py:188} INFO - [2026-08-05T03:57:28.783+0000] {dag.py:3089} INFO - Sync 1 DAGs
[2026-08-05T03:57:28.854+0000] {logging_mixin.py:188} INFO - [2026-08-05T03:57:28.853+0000] {dag.py:3947} INFO - Setting next_dagrun for football_etl to 2026-08-05 03:56:00+00:00, run_after=2026-08-05 03:58:00+00:00
[2026-08-05T03:57:28.907+0000] {processor.py:183} INFO - Processing /opt/airflow/dags/football_etl_dag.py took 0.303 seconds
[2026-08-05T03:57:59.372+0000] {processor.py:161} INFO - Started process (PID=281) to work on /opt/airflow/dags/football_etl_dag.py
[2026-08-05T03:57:59.377+0000] {processor.py:830} INFO - Processing file /opt/airflow/dags/football_etl_dag.py for tasks to queue
[2026-08-05T03:57:59.386+0000] {logging_mixin.py:188} INFO - [2026-08-05T03:57:59.385+0000] {dagbag.py:545} INFO - Filling up the DagBag from /opt/airflow/dags/football_etl_dag.py
[2026-08-05T03:57:59.454+0000] {processor.py:840} INFO - DAG(s) 'football_etl' retrieved from /opt/airflow/dags/football_etl_dag.py
[2026-08-05T03:57:59.562+0000] {logging_mixin.py:188} INFO - [2026-08-05T03:57:59.561+0000] {dag.py:3089} INFO - Sync 1 DAGs
[2026-08-05T03:57:59.643+0000] {logging_mixin.py:188} INFO - [2026-08-05T03:57:59.643+0000] {dag.py:3947} INFO - Setting next_dagrun for football_etl to 2026-08-05 03:56:00+00:00, run_after=2026-08-05 03:58:00+00:00
[2026-08-05T03:57:59.700+0000] {processor.py:183} INFO - Processing /opt/airflow/dags/football_etl_dag.py took 0.349 seconds
[2026-08-05T03:58:29.978+0000] {processor.py:161} INFO - Started process (PID=294) to work on /opt/airflow/dags/football_etl_dag.py
[2026-08-05T03:58:29.981+0000] {processor.py:830} INFO - Processing file /opt/airflow/dags/football_etl_dag.py for tasks to queue
[2026-08-05T03:58:29.986+0000] {logging_mixin.py:188} INFO - [2026-08-05T03:58:29.985+0000] {dagbag.py:545} INFO - Filling up the DagBag from /opt/airflow/dags/football_etl_dag.py
[2026-08-05T03:58:30.025+0000] {processor.py:840} INFO - DAG(s) 'football_etl' retrieved from /opt/airflow/dags/football_etl_dag.py
[2026-08-05T03:58:30.095+0000] {logging_mixin.py:188} INFO - [2026-08-05T03:58:30.095+0000] {dag.py:3089} INFO - Sync 1 DAGs
[2026-08-05T03:58:30.141+0000] {logging_mixin.py:188} INFO - [2026-08-05T03:58:30.141+0000] {dag.py:3947} INFO - Setting next_dagrun for football_etl to 2026-08-05 03:58:00+00:00, run_after=2026-08-05 04:00:00+00:00
[2026-08-05T03:58:30.181+0000] {processor.py:183} INFO - Processing /opt/airflow/dags/football_etl_dag.py took 0.215 seconds
[2026-08-05T03:59:00.496+0000] {processor.py:161} INFO - Started process (PID=299) to work on /opt/airflow/dags/football_etl_dag.py
[2026-08-05T03:59:00.501+0000] {processor.py:830} INFO - Processing file /opt/airflow/dags/football_etl_dag.py for tasks to queue
[2026-08-05T03:59:00.509+0000] {logging_mixin.py:188} INFO - [2026-08-05T03:59:00.508+0000] {dagbag.py:545} INFO - Filling up the DagBag from /opt/airflow/dags/football_etl_dag.py
[2026-08-05T03:59:00.594+0000] {processor.py:840} INFO - DAG(s) 'football_etl' retrieved from /opt/airflow/dags/football_etl_dag.py
[2026-08-05T03:59:00.708+0000] {logging_mixin.py:188} INFO - [2026-08-05T03:59:00.707+0000] {dag.py:3089} INFO - Sync 1 DAGs
[2026-08-05T03:59:00.789+0000] {logging_mixin.py:188} INFO - [2026-08-05T03:59:00.788+0000] {dag.py:3947} INFO - Setting next_dagrun for football_etl to 2026-08-05 03:58:00+00:00, run_after=2026-08-05 04:00:00+00:00
[2026-08-05T03:59:00.851+0000] {processor.py:183} INFO - Processing /opt/airflow/dags/football_etl_dag.py took 0.379 seconds
[2026-08-05T04:26:33.978+0000] {processor.py:161} INFO - Started process (PID=304) to work on /opt/airflow/dags/football_etl_dag.py
[2026-08-05T04:26:34.000+0000] {processor.py:830} INFO - Processing file /opt/airflow/dags/football_etl_dag.py for tasks to queue
[2026-08-05T04:26:34.032+0000] {logging_mixin.py:188} INFO - [2026-08-05T04:26:34.011+0000] {dagbag.py:545} INFO - Filling up the DagBag from /opt/airflow/dags/football_etl_dag.py
[2026-08-05T04:26:35.216+0000] {processor.py:840} INFO - DAG(s) 'football_etl' retrieved from /opt/airflow/dags/football_etl_dag.py
[2026-08-05T04:26:35.748+0000] {logging_mixin.py:188} INFO - [2026-08-05T04:26:35.747+0000] {dag.py:3089} INFO - Sync 1 DAGs
[2026-08-05T04:26:36.026+0000] {logging_mixin.py:188} INFO - [2026-08-05T04:26:36.025+0000] {dag.py:3947} INFO - Setting next_dagrun for football_etl to 2026-08-05 04:26:00+00:00, run_after=2026-08-05 04:28:00+00:00
[2026-08-05T04:26:36.255+0000] {processor.py:183} INFO - Processing /opt/airflow/dags/football_etl_dag.py took 2.327 seconds
[2026-08-05T04:27:06.559+0000] {processor.py:161} INFO - Started process (PID=325) to work on /opt/airflow/dags/football_etl_dag.py
[2026-08-05T04:27:06.561+0000] {processor.py:830} INFO - Processing file /opt/airflow/dags/football_etl_dag.py for tasks to queue
[2026-08-05T04:27:06.566+0000] {logging_mixin.py:188} INFO - [2026-08-05T04:27:06.565+0000] {dagbag.py:545} INFO - Filling up the DagBag from /opt/airflow/dags/football_etl_dag.py
[2026-08-05T04:27:06.608+0000] {processor.py:840} INFO - DAG(s) 'football_etl' retrieved from /opt/airflow/dags/football_etl_dag.py
[2026-08-05T04:27:06.663+0000] {logging_mixin.py:188} INFO - [2026-08-05T04:27:06.663+0000] {taskinstance.py:2907} ERROR - {'DAG Id': 'football_etl', 'Task Id': 'warehouse_load', 'Run Id': 'scheduled__2026-08-05T03:56:00+00:00', 'Hostname': 'b478b38d86c0'}
[2026-08-05T04:27:06.709+0000] {logging_mixin.py:188} INFO - [2026-08-05T04:27:06.709+0000] {taskinstance.py:1206} INFO - Marking task as UP_FOR_RETRY. dag_id=football_etl, task_id=warehouse_load, run_id=scheduled__2026-08-05T03:56:00+00:00, execution_date=20260805T035600, start_date=20260805T035808, end_date=20260805T042706
[2026-08-05T04:27:06.732+0000] {processor.py:791} INFO - Executed failure callback for <TaskInstance: football_etl.warehouse_load scheduled__2026-08-05T03:56:00+00:00 [up_for_retry]> in state up_for_retry
[2026-08-05T04:27:06.775+0000] {logging_mixin.py:188} INFO - [2026-08-05T04:27:06.775+0000] {dag.py:3089} INFO - Sync 1 DAGs
[2026-08-05T04:27:06.814+0000] {logging_mixin.py:188} INFO - [2026-08-05T04:27:06.813+0000] {dag.py:3947} INFO - Setting next_dagrun for football_etl to 2026-08-05 04:26:00+00:00, run_after=2026-08-05 04:28:00+00:00
[2026-08-05T04:27:06.847+0000] {processor.py:183} INFO - Processing /opt/airflow/dags/football_etl_dag.py took 0.299 seconds
[2026-08-05T05:13:19.555+0000] {processor.py:161} INFO - Started process (PID=331) to work on /opt/airflow/dags/football_etl_dag.py
[2026-08-05T05:13:19.562+0000] {processor.py:830} INFO - Processing file /opt/airflow/dags/football_etl_dag.py for tasks to queue
[2026-08-05T05:13:19.593+0000] {logging_mixin.py:188} INFO - [2026-08-05T05:13:19.592+0000] {dagbag.py:545} INFO - Filling up the DagBag from /opt/airflow/dags/football_etl_dag.py
[2026-08-05T05:13:19.735+0000] {processor.py:840} INFO - DAG(s) 'football_etl' retrieved from /opt/airflow/dags/football_etl_dag.py
[2026-08-05T05:13:20.121+0000] {logging_mixin.py:188} INFO - [2026-08-05T05:13:20.120+0000] {dag.py:3089} INFO - Sync 1 DAGs
[2026-08-05T05:13:20.461+0000] {logging_mixin.py:188} INFO - [2026-08-05T05:13:20.450+0000] {dag.py:3947} INFO - Setting next_dagrun for football_etl to 2026-08-05 05:12:00+00:00, run_after=2026-08-05 05:14:00+00:00
[2026-08-05T05:13:20.763+0000] {processor.py:183} INFO - Processing /opt/airflow/dags/football_etl_dag.py took 1.259 seconds
[2026-08-05T05:13:22.088+0000] {processor.py:161} INFO - Started process (PID=338) to work on /opt/airflow/dags/football_etl_dag.py
[2026-08-05T05:13:22.109+0000] {processor.py:830} INFO - Processing file /opt/airflow/dags/football_etl_dag.py for tasks to queue
[2026-08-05T05:13:22.115+0000] {logging_mixin.py:188} INFO - [2026-08-05T05:13:22.115+0000] {dagbag.py:545} INFO - Filling up the DagBag from /opt/airflow/dags/football_etl_dag.py
[2026-08-05T05:13:22.518+0000] {processor.py:840} INFO - DAG(s) 'football_etl' retrieved from /opt/airflow/dags/football_etl_dag.py
[2026-08-05T05:13:22.648+0000] {logging_mixin.py:188} INFO - [2026-08-05T05:13:22.647+0000] {taskinstance.py:2907} ERROR - {'DAG Id': 'football_etl', 'Task Id': 'warehouse_load', 'Run Id': 'scheduled__2026-08-05T03:58:00+00:00', 'Hostname': 'b478b38d86c0'}
[2026-08-05T05:13:22.750+0000] {logging_mixin.py:188} INFO - [2026-08-05T05:13:22.749+0000] {taskinstance.py:1206} INFO - Marking task as UP_FOR_RETRY. dag_id=football_etl, task_id=warehouse_load, run_id=scheduled__2026-08-05T03:58:00+00:00, execution_date=20260805T035800, start_date=20260805T042649, end_date=20260805T051322
[2026-08-05T05:13:22.794+0000] {processor.py:791} INFO - Executed failure callback for <TaskInstance: football_etl.warehouse_load scheduled__2026-08-05T03:58:00+00:00 [up_for_retry]> in state up_for_retry
[2026-08-05T05:13:22.889+0000] {logging_mixin.py:188} INFO - [2026-08-05T05:13:22.889+0000] {dag.py:3089} INFO - Sync 1 DAGs
[2026-08-05T05:13:22.999+0000] {logging_mixin.py:188} INFO - [2026-08-05T05:13:22.988+0000] {dag.py:3947} INFO - Setting next_dagrun for football_etl to 2026-08-05 05:12:00+00:00, run_after=2026-08-05 05:14:00+00:00
[2026-08-05T05:13:23.084+0000] {processor.py:183} INFO - Processing /opt/airflow/dags/football_etl_dag.py took 1.045 seconds
[2026-08-05T14:01:44.236+0000] {processor.py:161} INFO - Started process (PID=163) to work on /opt/airflow/dags/football_etl_dag.py
[2026-08-05T14:01:44.239+0000] {processor.py:830} INFO - Processing file /opt/airflow/dags/football_etl_dag.py for tasks to queue
[2026-08-05T14:01:44.246+0000] {logging_mixin.py:188} INFO - [2026-08-05T14:01:44.246+0000] {dagbag.py:545} INFO - Filling up the DagBag from /opt/airflow/dags/football_etl_dag.py
[2026-08-05T14:01:44.282+0000] {processor.py:840} INFO - DAG(s) 'football_etl' retrieved from /opt/airflow/dags/football_etl_dag.py
[2026-08-05T14:01:44.345+0000] {logging_mixin.py:188} INFO - [2026-08-05T14:01:44.344+0000] {dag.py:3089} INFO - Sync 1 DAGs
[2026-08-05T14:01:44.486+0000] {logging_mixin.py:188} INFO - [2026-08-05T14:01:44.486+0000] {dag.py:3947} INFO - Setting next_dagrun for football_etl to 2026-08-05 14:00:00+00:00, run_after=2026-08-05 14:02:00+00:00
[2026-08-05T14:01:44.533+0000] {processor.py:183} INFO - Processing /opt/airflow/dags/football_etl_dag.py took 0.311 seconds
[2026-08-05T14:02:14.620+0000] {processor.py:161} INFO - Started process (PID=193) to work on /opt/airflow/dags/football_etl_dag.py
[2026-08-05T14:02:14.622+0000] {processor.py:830} INFO - Processing file /opt/airflow/dags/football_etl_dag.py for tasks to queue
[2026-08-05T14:02:14.629+0000] {logging_mixin.py:188} INFO - [2026-08-05T14:02:14.628+0000] {dagbag.py:545} INFO - Filling up the DagBag from /opt/airflow/dags/football_etl_dag.py
[2026-08-05T14:02:14.682+0000] {processor.py:840} INFO - DAG(s) 'football_etl' retrieved from /opt/airflow/dags/football_etl_dag.py
[2026-08-05T14:02:15.123+0000] {logging_mixin.py:188} INFO - [2026-08-05T14:02:15.122+0000] {dag.py:3089} INFO - Sync 1 DAGs
[2026-08-05T14:02:15.184+0000] {logging_mixin.py:188} INFO - [2026-08-05T14:02:15.183+0000] {dag.py:3947} INFO - Setting next_dagrun for football_etl to 2026-08-05 14:02:00+00:00, run_after=2026-08-05 14:04:00+00:00
[2026-08-05T14:02:15.233+0000] {processor.py:183} INFO - Processing /opt/airflow/dags/football_etl_dag.py took 0.632 seconds
[2026-08-05T14:02:45.668+0000] {processor.py:161} INFO - Started process (PID=198) to work on /opt/airflow/dags/football_etl_dag.py
[2026-08-05T14:02:45.672+0000] {processor.py:830} INFO - Processing file /opt/airflow/dags/football_etl_dag.py for tasks to queue
[2026-08-05T14:02:45.679+0000] {logging_mixin.py:188} INFO - [2026-08-05T14:02:45.678+0000] {dagbag.py:545} INFO - Filling up the DagBag from /opt/airflow/dags/football_etl_dag.py
[2026-08-05T14:02:45.752+0000] {processor.py:840} INFO - DAG(s) 'football_etl' retrieved from /opt/airflow/dags/football_etl_dag.py
[2026-08-05T14:02:45.832+0000] {logging_mixin.py:188} INFO - [2026-08-05T14:02:45.832+0000] {dag.py:3089} INFO - Sync 1 DAGs
[2026-08-05T14:02:45.920+0000] {logging_mixin.py:188} INFO - [2026-08-05T14:02:45.920+0000] {dag.py:3947} INFO - Setting next_dagrun for football_etl to 2026-08-05 14:02:00+00:00, run_after=2026-08-05 14:04:00+00:00
[2026-08-05T14:02:45.976+0000] {processor.py:183} INFO - Processing /opt/airflow/dags/football_etl_dag.py took 0.337 seconds
[2026-08-05T14:03:16.236+0000] {processor.py:161} INFO - Started process (PID=203) to work on /opt/airflow/dags/football_etl_dag.py
[2026-08-05T14:03:16.237+0000] {processor.py:830} INFO - Processing file /opt/airflow/dags/football_etl_dag.py for tasks to queue
[2026-08-05T14:03:16.239+0000] {logging_mixin.py:188} INFO - [2026-08-05T14:03:16.239+0000] {dagbag.py:545} INFO - Filling up the DagBag from /opt/airflow/dags/football_etl_dag.py
[2026-08-05T14:03:16.261+0000] {processor.py:840} INFO - DAG(s) 'football_etl' retrieved from /opt/airflow/dags/football_etl_dag.py
[2026-08-05T14:03:16.298+0000] {logging_mixin.py:188} INFO - [2026-08-05T14:03:16.297+0000] {dag.py:3089} INFO - Sync 1 DAGs
[2026-08-05T14:03:16.323+0000] {logging_mixin.py:188} INFO - [2026-08-05T14:03:16.323+0000] {dag.py:3947} INFO - Setting next_dagrun for football_etl to 2026-08-05 14:02:00+00:00, run_after=2026-08-05 14:04:00+00:00
[2026-08-05T14:03:16.343+0000] {processor.py:183} INFO - Processing /opt/airflow/dags/football_etl_dag.py took 0.112 seconds
[2026-08-05T14:03:46.487+0000] {processor.py:161} INFO - Started process (PID=208) to work on /opt/airflow/dags/football_etl_dag.py
[2026-08-05T14:03:46.489+0000] {processor.py:830} INFO - Processing file /opt/airflow/dags/football_etl_dag.py for tasks to queue
[2026-08-05T14:03:46.491+0000] {logging_mixin.py:188} INFO - [2026-08-05T14:03:46.491+0000] {dagbag.py:545} INFO - Filling up the DagBag from /opt/airflow/dags/football_etl_dag.py
[2026-08-05T14:03:46.514+0000] {processor.py:840} INFO - DAG(s) 'football_etl' retrieved from /opt/airflow/dags/football_etl_dag.py
[2026-08-05T14:03:46.548+0000] {logging_mixin.py:188} INFO - [2026-08-05T14:03:46.548+0000] {dag.py:3089} INFO - Sync 1 DAGs
[2026-08-05T14:03:46.574+0000] {logging_mixin.py:188} INFO - [2026-08-05T14:03:46.574+0000] {dag.py:3947} INFO - Setting next_dagrun for football_etl to 2026-08-05 14:02:00+00:00, run_after=2026-08-05 14:04:00+00:00
[2026-08-05T14:03:46.596+0000] {processor.py:183} INFO - Processing /opt/airflow/dags/football_etl_dag.py took 0.114 seconds
[2026-08-05T14:04:16.695+0000] {processor.py:161} INFO - Started process (PID=221) to work on /opt/airflow/dags/football_etl_dag.py
[2026-08-05T14:04:16.697+0000] {processor.py:830} INFO - Processing file /opt/airflow/dags/football_etl_dag.py for tasks to queue
[2026-08-05T14:04:16.700+0000] {logging_mixin.py:188} INFO - [2026-08-05T14:04:16.700+0000] {dagbag.py:545} INFO - Filling up the DagBag from /opt/airflow/dags/football_etl_dag.py
[2026-08-05T14:04:16.728+0000] {processor.py:840} INFO - DAG(s) 'football_etl' retrieved from /opt/airflow/dags/football_etl_dag.py
[2026-08-05T14:04:16.772+0000] {logging_mixin.py:188} INFO - [2026-08-05T14:04:16.772+0000] {dag.py:3089} INFO - Sync 1 DAGs
[2026-08-05T14:04:16.804+0000] {logging_mixin.py:188} INFO - [2026-08-05T14:04:16.803+0000] {dag.py:3947} INFO - Setting next_dagrun for football_etl to 2026-08-05 14:04:00+00:00, run_after=2026-08-05 14:06:00+00:00
[2026-08-05T14:04:16.825+0000] {processor.py:183} INFO - Processing /opt/airflow/dags/football_etl_dag.py took 0.140 seconds
[2026-08-05T14:04:47.031+0000] {processor.py:161} INFO - Started process (PID=226) to work on /opt/airflow/dags/football_etl_dag.py
[2026-08-05T14:04:47.033+0000] {processor.py:830} INFO - Processing file /opt/airflow/dags/football_etl_dag.py for tasks to queue
[2026-08-05T14:04:47.035+0000] {logging_mixin.py:188} INFO - [2026-08-05T14:04:47.035+0000] {dagbag.py:545} INFO - Filling up the DagBag from /opt/airflow/dags/football_etl_dag.py
[2026-08-05T14:04:47.059+0000] {processor.py:840} INFO - DAG(s) 'football_etl' retrieved from /opt/airflow/dags/football_etl_dag.py
[2026-08-05T14:04:47.094+0000] {logging_mixin.py:188} INFO - [2026-08-05T14:04:47.094+0000] {dag.py:3089} INFO - Sync 1 DAGs
[2026-08-05T14:04:47.121+0000] {logging_mixin.py:188} INFO - [2026-08-05T14:04:47.121+0000] {dag.py:3947} INFO - Setting next_dagrun for football_etl to 2026-08-05 14:04:00+00:00, run_after=2026-08-05 14:06:00+00:00
[2026-08-05T14:04:47.141+0000] {processor.py:183} INFO - Processing /opt/airflow/dags/football_etl_dag.py took 0.116 seconds
[2026-08-05T14:05:17.283+0000] {processor.py:161} INFO - Started process (PID=231) to work on /opt/airflow/dags/football_etl_dag.py
[2026-08-05T14:05:17.284+0000] {processor.py:830} INFO - Processing file /opt/airflow/dags/football_etl_dag.py for tasks to queue
[2026-08-05T14:05:17.287+0000] {logging_mixin.py:188} INFO - [2026-08-05T14:05:17.287+0000] {dagbag.py:545} INFO - Filling up the DagBag from /opt/airflow/dags/football_etl_dag.py
[2026-08-05T14:05:17.307+0000] {processor.py:840} INFO - DAG(s) 'football_etl' retrieved from /opt/airflow/dags/football_etl_dag.py
[2026-08-05T14:05:17.340+0000] {logging_mixin.py:188} INFO - [2026-08-05T14:05:17.340+0000] {dag.py:3089} INFO - Sync 1 DAGs
[2026-08-05T14:05:17.364+0000] {logging_mixin.py:188} INFO - [2026-08-05T14:05:17.364+0000] {dag.py:3947} INFO - Setting next_dagrun for football_etl to 2026-08-05 14:04:00+00:00, run_after=2026-08-05 14:06:00+00:00
[2026-08-05T14:05:17.384+0000] {processor.py:183} INFO - Processing /opt/airflow/dags/football_etl_dag.py took 0.107 seconds
[2026-08-05T14:05:47.666+0000] {processor.py:161} INFO - Started process (PID=236) to work on /opt/airflow/dags/football_etl_dag.py
[2026-08-05T14:05:47.668+0000] {processor.py:830} INFO - Processing file /opt/airflow/dags/football_etl_dag.py for tasks to queue
[2026-08-05T14:05:47.671+0000] {logging_mixin.py:188} INFO - [2026-08-05T14:05:47.670+0000] {dagbag.py:545} INFO - Filling up the DagBag from /opt/airflow/dags/football_etl_dag.py
[2026-08-05T14:05:47.693+0000] {processor.py:840} INFO - DAG(s) 'football_etl' retrieved from /opt/airflow/dags/football_etl_dag.py
[2026-08-05T14:05:47.727+0000] {logging_mixin.py:188} INFO - [2026-08-05T14:05:47.727+0000] {dag.py:3089} INFO - Sync 1 DAGs
[2026-08-05T14:05:47.753+0000] {logging_mixin.py:188} INFO - [2026-08-05T14:05:47.752+0000] {dag.py:3947} INFO - Setting next_dagrun for football_etl to 2026-08-05 14:04:00+00:00, run_after=2026-08-05 14:06:00+00:00
[2026-08-05T14:05:47.773+0000] {processor.py:183} INFO - Processing /opt/airflow/dags/football_etl_dag.py took 0.113 seconds
[2026-08-05T14:06:17.902+0000] {processor.py:161} INFO - Started process (PID=249) to work on /opt/airflow/dags/football_etl_dag.py
[2026-08-05T14:06:17.904+0000] {processor.py:830} INFO - Processing file /opt/airflow/dags/football_etl_dag.py for tasks to queue
[2026-08-05T14:06:17.906+0000] {logging_mixin.py:188} INFO - [2026-08-05T14:06:17.906+0000] {dagbag.py:545} INFO - Filling up the DagBag from /opt/airflow/dags/football_etl_dag.py
[2026-08-05T14:06:17.933+0000] {processor.py:840} INFO - DAG(s) 'football_etl' retrieved from /opt/airflow/dags/football_etl_dag.py
[2026-08-05T14:06:17.976+0000] {logging_mixin.py:188} INFO - [2026-08-05T14:06:17.976+0000] {dag.py:3089} INFO - Sync 1 DAGs
[2026-08-05T14:06:18.008+0000] {logging_mixin.py:188} INFO - [2026-08-05T14:06:18.008+0000] {dag.py:3947} INFO - Setting next_dagrun for football_etl to 2026-08-05 14:06:00+00:00, run_after=2026-08-05 14:08:00+00:00
[2026-08-05T14:06:18.029+0000] {processor.py:183} INFO - Processing /opt/airflow/dags/football_etl_dag.py took 0.135 seconds
[2026-08-05T14:06:48.307+0000] {processor.py:161} INFO - Started process (PID=254) to work on /opt/airflow/dags/football_etl_dag.py
[2026-08-05T14:06:48.310+0000] {processor.py:830} INFO - Processing file /opt/airflow/dags/football_etl_dag.py for tasks to queue
[2026-08-05T14:06:48.316+0000] {logging_mixin.py:188} INFO - [2026-08-05T14:06:48.315+0000] {dagbag.py:545} INFO - Filling up the DagBag from /opt/airflow/dags/football_etl_dag.py
[2026-08-05T14:06:48.365+0000] {processor.py:840} INFO - DAG(s) 'football_etl' retrieved from /opt/airflow/dags/football_etl_dag.py
[2026-08-05T14:06:48.430+0000] {logging_mixin.py:188} INFO - [2026-08-05T14:06:48.429+0000] {dag.py:3089} INFO - Sync 1 DAGs
[2026-08-05T14:06:48.469+0000] {logging_mixin.py:188} INFO - [2026-08-05T14:06:48.468+0000] {dag.py:3947} INFO - Setting next_dagrun for football_etl to 2026-08-05 14:06:00+00:00, run_after=2026-08-05 14:08:00+00:00
[2026-08-05T14:06:48.790+0000] {processor.py:183} INFO - Processing /opt/airflow/dags/football_etl_dag.py took 0.498 seconds
[2026-08-05T14:07:19.064+0000] {processor.py:161} INFO - Started process (PID=259) to work on /opt/airflow/dags/football_etl_dag.py
[2026-08-05T14:07:19.066+0000] {processor.py:830} INFO - Processing file /opt/airflow/dags/football_etl_dag.py for tasks to queue
[2026-08-05T14:07:19.068+0000] {logging_mixin.py:188} INFO - [2026-08-05T14:07:19.068+0000] {dagbag.py:545} INFO - Filling up the DagBag from /opt/airflow/dags/football_etl_dag.py
[2026-08-05T14:07:19.091+0000] {processor.py:840} INFO - DAG(s) 'football_etl' retrieved from /opt/airflow/dags/football_etl_dag.py
[2026-08-05T14:07:19.130+0000] {logging_mixin.py:188} INFO - [2026-08-05T14:07:19.130+0000] {dag.py:3089} INFO - Sync 1 DAGs
[2026-08-05T14:07:19.158+0000] {logging_mixin.py:188} INFO - [2026-08-05T14:07:19.158+0000] {dag.py:3947} INFO - Setting next_dagrun for football_etl to 2026-08-05 14:06:00+00:00, run_after=2026-08-05 14:08:00+00:00
[2026-08-05T14:07:19.181+0000] {processor.py:183} INFO - Processing /opt/airflow/dags/football_etl_dag.py took 0.125 seconds
[2026-08-05T14:07:49.319+0000] {processor.py:161} INFO - Started process (PID=264) to work on /opt/airflow/dags/football_etl_dag.py
[2026-08-05T14:07:49.321+0000] {processor.py:830} INFO - Processing file /opt/airflow/dags/football_etl_dag.py for tasks to queue
[2026-08-05T14:07:49.323+0000] {logging_mixin.py:188} INFO - [2026-08-05T14:07:49.323+0000] {dagbag.py:545} INFO - Filling up the DagBag from /opt/airflow/dags/football_etl_dag.py
[2026-08-05T14:07:49.344+0000] {processor.py:840} INFO - DAG(s) 'football_etl' retrieved from /opt/airflow/dags/football_etl_dag.py
[2026-08-05T14:07:49.377+0000] {logging_mixin.py:188} INFO - [2026-08-05T14:07:49.377+0000] {dag.py:3089} INFO - Sync 1 DAGs
[2026-08-05T14:07:49.403+0000] {logging_mixin.py:188} INFO - [2026-08-05T14:07:49.402+0000] {dag.py:3947} INFO - Setting next_dagrun for football_etl to 2026-08-05 14:06:00+00:00, run_after=2026-08-05 14:08:00+00:00
[2026-08-05T14:07:49.422+0000] {processor.py:183} INFO - Processing /opt/airflow/dags/football_etl_dag.py took 0.109 seconds
[2026-08-05T14:08:19.605+0000] {processor.py:161} INFO - Started process (PID=277) to work on /opt/airflow/dags/football_etl_dag.py
[2026-08-05T14:08:19.606+0000] {processor.py:830} INFO - Processing file /opt/airflow/dags/football_etl_dag.py for tasks to queue
[2026-08-05T14:08:19.609+0000] {logging_mixin.py:188} INFO - [2026-08-05T14:08:19.609+0000] {dagbag.py:545} INFO - Filling up the DagBag from /opt/airflow/dags/football_etl_dag.py
[2026-08-05T14:08:19.633+0000] {processor.py:840} INFO - DAG(s) 'football_etl' retrieved from /opt/airflow/dags/football_etl_dag.py
[2026-08-05T14:08:19.668+0000] {logging_mixin.py:188} INFO - [2026-08-05T14:08:19.668+0000] {dag.py:3089} INFO - Sync 1 DAGs
[2026-08-05T14:08:19.696+0000] {logging_mixin.py:188} INFO - [2026-08-05T14:08:19.696+0000] {dag.py:3947} INFO - Setting next_dagrun for football_etl to 2026-08-05 14:08:00+00:00, run_after=2026-08-05 14:10:00+00:00
[2026-08-05T14:08:19.718+0000] {processor.py:183} INFO - Processing /opt/airflow/dags/football_etl_dag.py took 0.119 seconds
[2026-08-05T14:08:49.917+0000] {processor.py:161} INFO - Started process (PID=282) to work on /opt/airflow/dags/football_etl_dag.py
[2026-08-05T14:08:49.918+0000] {processor.py:830} INFO - Processing file /opt/airflow/dags/football_etl_dag.py for tasks to queue
[2026-08-05T14:08:49.921+0000] {logging_mixin.py:188} INFO - [2026-08-05T14:08:49.921+0000] {dagbag.py:545} INFO - Filling up the DagBag from /opt/airflow/dags/football_etl_dag.py
[2026-08-05T14:08:49.945+0000] {processor.py:840} INFO - DAG(s) 'football_etl' retrieved from /opt/airflow/dags/football_etl_dag.py
[2026-08-05T14:08:49.985+0000] {logging_mixin.py:188} INFO - [2026-08-05T14:08:49.985+0000] {dag.py:3089} INFO - Sync 1 DAGs
[2026-08-05T14:08:50.011+0000] {logging_mixin.py:188} INFO - [2026-08-05T14:08:50.011+0000] {dag.py:3947} INFO - Setting next_dagrun for football_etl to 2026-08-05 14:08:00+00:00, run_after=2026-08-05 14:10:00+00:00
[2026-08-05T14:08:50.032+0000] {processor.py:183} INFO - Processing /opt/airflow/dags/football_etl_dag.py took 0.122 seconds
[2026-08-05T14:09:20.212+0000] {processor.py:161} INFO - Started process (PID=287) to work on /opt/airflow/dags/football_etl_dag.py
[2026-08-05T14:09:20.214+0000] {processor.py:830} INFO - Processing file /opt/airflow/dags/football_etl_dag.py for tasks to queue
[2026-08-05T14:09:20.216+0000] {logging_mixin.py:188} INFO - [2026-08-05T14:09:20.216+0000] {dagbag.py:545} INFO - Filling up the DagBag from /opt/airflow/dags/football_etl_dag.py
[2026-08-05T14:09:20.240+0000] {processor.py:840} INFO - DAG(s) 'football_etl' retrieved from /opt/airflow/dags/football_etl_dag.py
[2026-08-05T14:09:20.280+0000] {logging_mixin.py:188} INFO - [2026-08-05T14:09:20.280+0000] {dag.py:3089} INFO - Sync 1 DAGs
[2026-08-05T14:09:20.305+0000] {logging_mixin.py:188} INFO - [2026-08-05T14:09:20.305+0000] {dag.py:3947} INFO - Setting next_dagrun for football_etl to 2026-08-05 14:08:00+00:00, run_after=2026-08-05 14:10:00+00:00
[2026-08-05T14:09:20.326+0000] {processor.py:183} INFO - Processing /opt/airflow/dags/football_etl_dag.py took 0.119 seconds
[2026-08-05T14:09:50.561+0000] {processor.py:161} INFO - Started process (PID=292) to work on /opt/airflow/dags/football_etl_dag.py
[2026-08-05T14:09:50.562+0000] {processor.py:830} INFO - Processing file /opt/airflow/dags/football_etl_dag.py for tasks to queue
[2026-08-05T14:09:50.565+0000] {logging_mixin.py:188} INFO - [2026-08-05T14:09:50.564+0000] {dagbag.py:545} INFO - Filling up the DagBag from /opt/airflow/dags/football_etl_dag.py
[2026-08-05T14:09:50.588+0000] {processor.py:840} INFO - DAG(s) 'football_etl' retrieved from /opt/airflow/dags/football_etl_dag.py
[2026-08-05T14:09:50.626+0000] {logging_mixin.py:188} INFO - [2026-08-05T14:09:50.626+0000] {dag.py:3089} INFO - Sync 1 DAGs
[2026-08-05T14:09:50.652+0000] {logging_mixin.py:188} INFO - [2026-08-05T14:09:50.652+0000] {dag.py:3947} INFO - Setting next_dagrun for football_etl to 2026-08-05 14:08:00+00:00, run_after=2026-08-05 14:10:00+00:00
[2026-08-05T14:09:50.672+0000] {processor.py:183} INFO - Processing /opt/airflow/dags/football_etl_dag.py took 0.122 seconds
[2026-08-05T14:10:20.754+0000] {processor.py:161} INFO - Started process (PID=305) to work on /opt/airflow/dags/football_etl_dag.py
[2026-08-05T14:10:20.756+0000] {processor.py:830} INFO - Processing file /opt/airflow/dags/football_etl_dag.py for tasks to queue
[2026-08-05T14:10:20.760+0000] {logging_mixin.py:188} INFO - [2026-08-05T14:10:20.759+0000] {dagbag.py:545} INFO - Filling up the DagBag from /opt/airflow/dags/football_etl_dag.py
[2026-08-05T14:10:20.792+0000] {processor.py:840} INFO - DAG(s) 'football_etl' retrieved from /opt/airflow/dags/football_etl_dag.py
[2026-08-05T14:10:20.855+0000] {logging_mixin.py:188} INFO - [2026-08-05T14:10:20.855+0000] {dag.py:3089} INFO - Sync 1 DAGs
[2026-08-05T14:10:20.912+0000] {logging_mixin.py:188} INFO - [2026-08-05T14:10:20.912+0000] {dag.py:3947} INFO - Setting next_dagrun for football_etl to 2026-08-05 14:10:00+00:00, run_after=2026-08-05 14:12:00+00:00
[2026-08-05T14:10:20.955+0000] {processor.py:183} INFO - Processing /opt/airflow/dags/football_etl_dag.py took 0.212 seconds
[2026-08-05T14:10:51.080+0000] {processor.py:161} INFO - Started process (PID=310) to work on /opt/airflow/dags/football_etl_dag.py
[2026-08-05T14:10:51.082+0000] {processor.py:830} INFO - Processing file /opt/airflow/dags/football_etl_dag.py for tasks to queue
[2026-08-05T14:10:51.084+0000] {logging_mixin.py:188} INFO - [2026-08-05T14:10:51.084+0000] {dagbag.py:545} INFO - Filling up the DagBag from /opt/airflow/dags/football_etl_dag.py
[2026-08-05T14:10:51.107+0000] {processor.py:840} INFO - DAG(s) 'football_etl' retrieved from /opt/airflow/dags/football_etl_dag.py
[2026-08-05T14:10:51.145+0000] {logging_mixin.py:188} INFO - [2026-08-05T14:10:51.145+0000] {dag.py:3089} INFO - Sync 1 DAGs
[2026-08-05T14:10:51.173+0000] {logging_mixin.py:188} INFO - [2026-08-05T14:10:51.173+0000] {dag.py:3947} INFO - Setting next_dagrun for football_etl to 2026-08-05 14:10:00+00:00, run_after=2026-08-05 14:12:00+00:00
[2026-08-05T14:10:51.197+0000] {processor.py:183} INFO - Processing /opt/airflow/dags/football_etl_dag.py took 0.124 seconds
[2026-08-05T14:11:21.390+0000] {processor.py:161} INFO - Started process (PID=315) to work on /opt/airflow/dags/football_etl_dag.py
[2026-08-05T14:11:21.392+0000] {processor.py:830} INFO - Processing file /opt/airflow/dags/football_etl_dag.py for tasks to queue
[2026-08-05T14:11:21.394+0000] {logging_mixin.py:188} INFO - [2026-08-05T14:11:21.394+0000] {dagbag.py:545} INFO - Filling up the DagBag from /opt/airflow/dags/football_etl_dag.py
[2026-08-05T14:11:21.415+0000] {processor.py:840} INFO - DAG(s) 'football_etl' retrieved from /opt/airflow/dags/football_etl_dag.py
[2026-08-05T14:11:21.449+0000] {logging_mixin.py:188} INFO - [2026-08-05T14:11:21.448+0000] {dag.py:3089} INFO - Sync 1 DAGs
[2026-08-05T14:11:21.477+0000] {logging_mixin.py:188} INFO - [2026-08-05T14:11:21.477+0000] {dag.py:3947} INFO - Setting next_dagrun for football_etl to 2026-08-05 14:10:00+00:00, run_after=2026-08-05 14:12:00+00:00
[2026-08-05T14:11:21.501+0000] {processor.py:183} INFO - Processing /opt/airflow/dags/football_etl_dag.py took 0.116 seconds
[2026-08-05T14:11:51.725+0000] {processor.py:161} INFO - Started process (PID=320) to work on /opt/airflow/dags/football_etl_dag.py
[2026-08-05T14:11:51.726+0000] {processor.py:830} INFO - Processing file /opt/airflow/dags/football_etl_dag.py for tasks to queue
[2026-08-05T14:11:51.729+0000] {logging_mixin.py:188} INFO - [2026-08-05T14:11:51.729+0000] {dagbag.py:545} INFO - Filling up the DagBag from /opt/airflow/dags/football_etl_dag.py
[2026-08-05T14:11:51.753+0000] {processor.py:840} INFO - DAG(s) 'football_etl' retrieved from /opt/airflow/dags/football_etl_dag.py
[2026-08-05T14:11:51.787+0000] {logging_mixin.py:188} INFO - [2026-08-05T14:11:51.787+0000] {dag.py:3089} INFO - Sync 1 DAGs
[2026-08-05T14:11:51.812+0000] {logging_mixin.py:188} INFO - [2026-08-05T14:11:51.812+0000] {dag.py:3947} INFO - Setting next_dagrun for football_etl to 2026-08-05 14:10:00+00:00, run_after=2026-08-05 14:12:00+00:00
[2026-08-05T14:11:51.832+0000] {processor.py:183} INFO - Processing /opt/airflow/dags/football_etl_dag.py took 0.115 seconds
[2026-08-05T14:12:21.900+0000] {processor.py:161} INFO - Started process (PID=333) to work on /opt/airflow/dags/football_etl_dag.py
[2026-08-05T14:12:21.902+0000] {processor.py:830} INFO - Processing file /opt/airflow/dags/football_etl_dag.py for tasks to queue
[2026-08-05T14:12:21.905+0000] {logging_mixin.py:188} INFO - [2026-08-05T14:12:21.904+0000] {dagbag.py:545} INFO - Filling up the DagBag from /opt/airflow/dags/football_etl_dag.py
[2026-08-05T14:12:21.932+0000] {processor.py:840} INFO - DAG(s) 'football_etl' retrieved from /opt/airflow/dags/football_etl_dag.py
[2026-08-05T14:12:21.969+0000] {logging_mixin.py:188} INFO - [2026-08-05T14:12:21.969+0000] {dag.py:3089} INFO - Sync 1 DAGs
[2026-08-05T14:12:21.995+0000] {logging_mixin.py:188} INFO - [2026-08-05T14:12:21.995+0000] {dag.py:3947} INFO - Setting next_dagrun for football_etl to 2026-08-05 14:12:00+00:00, run_after=2026-08-05 14:14:00+00:00
[2026-08-05T14:12:22.016+0000] {processor.py:183} INFO - Processing /opt/airflow/dags/football_etl_dag.py took 0.123 seconds
[2026-08-05T14:12:52.231+0000] {processor.py:161} INFO - Started process (PID=338) to work on /opt/airflow/dags/football_etl_dag.py
[2026-08-05T14:12:52.232+0000] {processor.py:830} INFO - Processing file /opt/airflow/dags/football_etl_dag.py for tasks to queue
[2026-08-05T14:12:52.236+0000] {logging_mixin.py:188} INFO - [2026-08-05T14:12:52.236+0000] {dagbag.py:545} INFO - Filling up the DagBag from /opt/airflow/dags/football_etl_dag.py
[2026-08-05T14:12:52.260+0000] {processor.py:840} INFO - DAG(s) 'football_etl' retrieved from /opt/airflow/dags/football_etl_dag.py
[2026-08-05T14:12:52.297+0000] {logging_mixin.py:188} INFO - [2026-08-05T14:12:52.296+0000] {dag.py:3089} INFO - Sync 1 DAGs
[2026-08-05T14:12:52.323+0000] {logging_mixin.py:188} INFO - [2026-08-05T14:12:52.323+0000] {dag.py:3947} INFO - Setting next_dagrun for football_etl to 2026-08-05 14:12:00+00:00, run_after=2026-08-05 14:14:00+00:00
[2026-08-05T14:12:52.345+0000] {processor.py:183} INFO - Processing /opt/airflow/dags/football_etl_dag.py took 0.121 seconds
[2026-08-05T14:13:22.502+0000] {processor.py:161} INFO - Started process (PID=343) to work on /opt/airflow/dags/football_etl_dag.py
[2026-08-05T14:13:22.503+0000] {processor.py:830} INFO - Processing file /opt/airflow/dags/football_etl_dag.py for tasks to queue
[2026-08-05T14:13:22.505+0000] {logging_mixin.py:188} INFO - [2026-08-05T14:13:22.505+0000] {dagbag.py:545} INFO - Filling up the DagBag from /opt/airflow/dags/football_etl_dag.py
[2026-08-05T14:13:22.523+0000] {processor.py:840} INFO - DAG(s) 'football_etl' retrieved from /opt/airflow/dags/football_etl_dag.py
[2026-08-05T14:13:22.558+0000] {logging_mixin.py:188} INFO - [2026-08-05T14:13:22.558+0000] {dag.py:3089} INFO - Sync 1 DAGs
[2026-08-05T14:13:22.584+0000] {logging_mixin.py:188} INFO - [2026-08-05T14:13:22.584+0000] {dag.py:3947} INFO - Setting next_dagrun for football_etl to 2026-08-05 14:12:00+00:00, run_after=2026-08-05 14:14:00+00:00
[2026-08-05T14:13:22.607+0000] {processor.py:183} INFO - Processing /opt/airflow/dags/football_etl_dag.py took 0.110 seconds
[2026-08-05T14:13:52.850+0000] {processor.py:161} INFO - Started process (PID=348) to work on /opt/airflow/dags/football_etl_dag.py
[2026-08-05T14:13:52.852+0000] {processor.py:830} INFO - Processing file /opt/airflow/dags/football_etl_dag.py for tasks to queue
[2026-08-05T14:13:52.854+0000] {logging_mixin.py:188} INFO - [2026-08-05T14:13:52.854+0000] {dagbag.py:545} INFO - Filling up the DagBag from /opt/airflow/dags/football_etl_dag.py
[2026-08-05T14:13:52.879+0000] {processor.py:840} INFO - DAG(s) 'football_etl' retrieved from /opt/airflow/dags/football_etl_dag.py
[2026-08-05T14:13:52.937+0000] {logging_mixin.py:188} INFO - [2026-08-05T14:13:52.937+0000] {dag.py:3089} INFO - Sync 1 DAGs
[2026-08-05T14:13:52.969+0000] {logging_mixin.py:188} INFO - [2026-08-05T14:13:52.969+0000] {dag.py:3947} INFO - Setting next_dagrun for football_etl to 2026-08-05 14:12:00+00:00, run_after=2026-08-05 14:14:00+00:00
[2026-08-05T14:13:52.991+0000] {processor.py:183} INFO - Processing /opt/airflow/dags/football_etl_dag.py took 0.148 seconds
[2026-08-05T14:22:09.360+0000] {processor.py:161} INFO - Started process (PID=163) to work on /opt/airflow/dags/football_etl_dag.py
[2026-08-05T14:22:09.371+0000] {processor.py:830} INFO - Processing file /opt/airflow/dags/football_etl_dag.py for tasks to queue
[2026-08-05T14:22:09.380+0000] {logging_mixin.py:188} INFO - [2026-08-05T14:22:09.379+0000] {dagbag.py:545} INFO - Filling up the DagBag from /opt/airflow/dags/football_etl_dag.py
[2026-08-05T14:22:09.443+0000] {processor.py:840} INFO - DAG(s) 'football_etl' retrieved from /opt/airflow/dags/football_etl_dag.py
[2026-08-05T14:22:09.560+0000] {logging_mixin.py:188} INFO - [2026-08-05T14:22:09.560+0000] {dag.py:3089} INFO - Sync 1 DAGs
[2026-08-05T14:22:09.679+0000] {logging_mixin.py:188} INFO - [2026-08-05T14:22:09.670+0000] {dag.py:3947} INFO - Setting next_dagrun for football_etl to 2026-08-05 14:20:00+00:00, run_after=2026-08-05 14:22:00+00:00
[2026-08-05T14:22:09.752+0000] {processor.py:183} INFO - Processing /opt/airflow/dags/football_etl_dag.py took 0.449 seconds
[2026-08-05T14:22:40.145+0000] {processor.py:161} INFO - Started process (PID=187) to work on /opt/airflow/dags/football_etl_dag.py
[2026-08-05T14:22:40.149+0000] {processor.py:830} INFO - Processing file /opt/airflow/dags/football_etl_dag.py for tasks to queue
[2026-08-05T14:22:40.159+0000] {logging_mixin.py:188} INFO - [2026-08-05T14:22:40.157+0000] {dagbag.py:545} INFO - Filling up the DagBag from /opt/airflow/dags/football_etl_dag.py
[2026-08-05T14:22:40.232+0000] {processor.py:840} INFO - DAG(s) 'football_etl' retrieved from /opt/airflow/dags/football_etl_dag.py
[2026-08-05T14:22:40.683+0000] {logging_mixin.py:188} INFO - [2026-08-05T14:22:40.683+0000] {dag.py:3089} INFO - Sync 1 DAGs
[2026-08-05T14:22:40.755+0000] {logging_mixin.py:188} INFO - [2026-08-05T14:22:40.755+0000] {dag.py:3947} INFO - Setting next_dagrun for football_etl to 2026-08-05 14:22:00+00:00, run_after=2026-08-05 14:24:00+00:00
[2026-08-05T14:22:40.802+0000] {processor.py:183} INFO - Processing /opt/airflow/dags/football_etl_dag.py took 0.678 seconds
[2026-08-05T14:23:11.131+0000] {processor.py:161} INFO - Started process (PID=192) to work on /opt/airflow/dags/football_etl_dag.py
[2026-08-05T14:23:11.133+0000] {processor.py:830} INFO - Processing file /opt/airflow/dags/football_etl_dag.py for tasks to queue
[2026-08-05T14:23:11.138+0000] {logging_mixin.py:188} INFO - [2026-08-05T14:23:11.137+0000] {dagbag.py:545} INFO - Filling up the DagBag from /opt/airflow/dags/football_etl_dag.py
[2026-08-05T14:23:11.173+0000] {processor.py:840} INFO - DAG(s) 'football_etl' retrieved from /opt/airflow/dags/football_etl_dag.py
[2026-08-05T14:23:11.247+0000] {logging_mixin.py:188} INFO - [2026-08-05T14:23:11.247+0000] {dag.py:3089} INFO - Sync 1 DAGs
[2026-08-05T14:23:11.299+0000] {logging_mixin.py:188} INFO - [2026-08-05T14:23:11.299+0000] {dag.py:3947} INFO - Setting next_dagrun for football_etl to 2026-08-05 14:22:00+00:00, run_after=2026-08-05 14:24:00+00:00
[2026-08-05T14:23:11.329+0000] {processor.py:183} INFO - Processing /opt/airflow/dags/football_etl_dag.py took 0.209 seconds
[2026-08-05T14:23:41.553+0000] {processor.py:161} INFO - Started process (PID=197) to work on /opt/airflow/dags/football_etl_dag.py
[2026-08-05T14:23:41.555+0000] {processor.py:830} INFO - Processing file /opt/airflow/dags/football_etl_dag.py for tasks to queue
[2026-08-05T14:23:41.557+0000] {logging_mixin.py:188} INFO - [2026-08-05T14:23:41.557+0000] {dagbag.py:545} INFO - Filling up the DagBag from /opt/airflow/dags/football_etl_dag.py
[2026-08-05T14:23:41.585+0000] {processor.py:840} INFO - DAG(s) 'football_etl' retrieved from /opt/airflow/dags/football_etl_dag.py
[2026-08-05T14:23:41.625+0000] {logging_mixin.py:188} INFO - [2026-08-05T14:23:41.625+0000] {dag.py:3089} INFO - Sync 1 DAGs
[2026-08-05T14:23:41.656+0000] {logging_mixin.py:188} INFO - [2026-08-05T14:23:41.656+0000] {dag.py:3947} INFO - Setting next_dagrun for football_etl to 2026-08-05 14:22:00+00:00, run_after=2026-08-05 14:24:00+00:00
[2026-08-05T14:23:41.680+0000] {processor.py:183} INFO - Processing /opt/airflow/dags/football_etl_dag.py took 0.133 seconds
[2026-08-05T14:24:11.810+0000] {processor.py:161} INFO - Started process (PID=210) to work on /opt/airflow/dags/football_etl_dag.py
[2026-08-05T14:24:11.812+0000] {processor.py:830} INFO - Processing file /opt/airflow/dags/football_etl_dag.py for tasks to queue
[2026-08-05T14:24:11.816+0000] {logging_mixin.py:188} INFO - [2026-08-05T14:24:11.816+0000] {dagbag.py:545} INFO - Filling up the DagBag from /opt/airflow/dags/football_etl_dag.py
[2026-08-05T14:24:11.846+0000] {processor.py:840} INFO - DAG(s) 'football_etl' retrieved from /opt/airflow/dags/football_etl_dag.py
[2026-08-05T14:24:11.893+0000] {logging_mixin.py:188} INFO - [2026-08-05T14:24:11.893+0000] {dag.py:3089} INFO - Sync 1 DAGs
[2026-08-05T14:24:11.932+0000] {logging_mixin.py:188} INFO - [2026-08-05T14:24:11.932+0000] {dag.py:3947} INFO - Setting next_dagrun for football_etl to 2026-08-05 14:24:00+00:00, run_after=2026-08-05 14:26:00+00:00
[2026-08-05T14:24:11.956+0000] {processor.py:183} INFO - Processing /opt/airflow/dags/football_etl_dag.py took 0.155 seconds
[2026-08-05T14:24:42.132+0000] {processor.py:161} INFO - Started process (PID=215) to work on /opt/airflow/dags/football_etl_dag.py
[2026-08-05T14:24:42.133+0000] {processor.py:830} INFO - Processing file /opt/airflow/dags/football_etl_dag.py for tasks to queue
[2026-08-05T14:24:42.137+0000] {logging_mixin.py:188} INFO - [2026-08-05T14:24:42.136+0000] {dagbag.py:545} INFO - Filling up the DagBag from /opt/airflow/dags/football_etl_dag.py
[2026-08-05T14:24:42.164+0000] {processor.py:840} INFO - DAG(s) 'football_etl' retrieved from /opt/airflow/dags/football_etl_dag.py
[2026-08-05T14:24:42.203+0000] {logging_mixin.py:188} INFO - [2026-08-05T14:24:42.202+0000] {dag.py:3089} INFO - Sync 1 DAGs
[2026-08-05T14:24:42.234+0000] {logging_mixin.py:188} INFO - [2026-08-05T14:24:42.233+0000] {dag.py:3947} INFO - Setting next_dagrun for football_etl to 2026-08-05 14:24:00+00:00, run_after=2026-08-05 14:26:00+00:00
[2026-08-05T14:24:42.256+0000] {processor.py:183} INFO - Processing /opt/airflow/dags/football_etl_dag.py took 0.133 seconds
[2026-08-05T14:25:12.393+0000] {processor.py:161} INFO - Started process (PID=220) to work on /opt/airflow/dags/football_etl_dag.py
[2026-08-05T14:25:12.395+0000] {processor.py:830} INFO - Processing file /opt/airflow/dags/football_etl_dag.py for tasks to queue
[2026-08-05T14:25:12.399+0000] {logging_mixin.py:188} INFO - [2026-08-05T14:25:12.398+0000] {dagbag.py:545} INFO - Filling up the DagBag from /opt/airflow/dags/football_etl_dag.py
[2026-08-05T14:25:12.427+0000] {processor.py:840} INFO - DAG(s) 'football_etl' retrieved from /opt/airflow/dags/football_etl_dag.py
[2026-08-05T14:25:12.478+0000] {logging_mixin.py:188} INFO - [2026-08-05T14:25:12.477+0000] {dag.py:3089} INFO - Sync 1 DAGs
[2026-08-05T14:25:12.509+0000] {logging_mixin.py:188} INFO - [2026-08-05T14:25:12.509+0000] {dag.py:3947} INFO - Setting next_dagrun for football_etl to 2026-08-05 14:24:00+00:00, run_after=2026-08-05 14:26:00+00:00
[2026-08-05T14:25:12.533+0000] {processor.py:183} INFO - Processing /opt/airflow/dags/football_etl_dag.py took 0.149 seconds
[2026-08-05T14:25:42.806+0000] {processor.py:161} INFO - Started process (PID=225) to work on /opt/airflow/dags/football_etl_dag.py
[2026-08-05T14:25:42.808+0000] {processor.py:830} INFO - Processing file /opt/airflow/dags/football_etl_dag.py for tasks to queue
[2026-08-05T14:25:42.812+0000] {logging_mixin.py:188} INFO - [2026-08-05T14:25:42.812+0000] {dagbag.py:545} INFO - Filling up the DagBag from /opt/airflow/dags/football_etl_dag.py
[2026-08-05T14:25:42.840+0000] {processor.py:840} INFO - DAG(s) 'football_etl' retrieved from /opt/airflow/dags/football_etl_dag.py
[2026-08-05T14:25:42.885+0000] {logging_mixin.py:188} INFO - [2026-08-05T14:25:42.885+0000] {dag.py:3089} INFO - Sync 1 DAGs
[2026-08-05T14:25:42.918+0000] {logging_mixin.py:188} INFO - [2026-08-05T14:25:42.918+0000] {dag.py:3947} INFO - Setting next_dagrun for football_etl to 2026-08-05 14:24:00+00:00, run_after=2026-08-05 14:26:00+00:00
[2026-08-05T14:25:42.941+0000] {processor.py:183} INFO - Processing /opt/airflow/dags/football_etl_dag.py took 0.146 seconds
[2026-08-05T14:26:13.016+0000] {processor.py:161} INFO - Started process (PID=238) to work on /opt/airflow/dags/football_etl_dag.py
[2026-08-05T14:26:13.017+0000] {processor.py:830} INFO - Processing file /opt/airflow/dags/football_etl_dag.py for tasks to queue
[2026-08-05T14:26:13.020+0000] {logging_mixin.py:188} INFO - [2026-08-05T14:26:13.020+0000] {dagbag.py:545} INFO - Filling up the DagBag from /opt/airflow/dags/football_etl_dag.py
[2026-08-05T14:26:13.046+0000] {processor.py:840} INFO - DAG(s) 'football_etl' retrieved from /opt/airflow/dags/football_etl_dag.py
[2026-08-05T14:26:13.089+0000] {logging_mixin.py:188} INFO - [2026-08-05T14:26:13.089+0000] {dag.py:3089} INFO - Sync 1 DAGs
[2026-08-05T14:26:13.119+0000] {logging_mixin.py:188} INFO - [2026-08-05T14:26:13.119+0000] {dag.py:3947} INFO - Setting next_dagrun for football_etl to 2026-08-05 14:26:00+00:00, run_after=2026-08-05 14:28:00+00:00
[2026-08-05T14:26:13.142+0000] {processor.py:183} INFO - Processing /opt/airflow/dags/football_etl_dag.py took 0.133 seconds
[2026-08-05T14:26:43.378+0000] {processor.py:161} INFO - Started process (PID=243) to work on /opt/airflow/dags/football_etl_dag.py
[2026-08-05T14:26:43.379+0000] {processor.py:830} INFO - Processing file /opt/airflow/dags/football_etl_dag.py for tasks to queue
[2026-08-05T14:26:43.382+0000] {logging_mixin.py:188} INFO - [2026-08-05T14:26:43.382+0000] {dagbag.py:545} INFO - Filling up the DagBag from /opt/airflow/dags/football_etl_dag.py
[2026-08-05T14:26:43.404+0000] {processor.py:840} INFO - DAG(s) 'football_etl' retrieved from /opt/airflow/dags/football_etl_dag.py
[2026-08-05T14:26:43.441+0000] {logging_mixin.py:188} INFO - [2026-08-05T14:26:43.441+0000] {dag.py:3089} INFO - Sync 1 DAGs
[2026-08-05T14:26:43.468+0000] {logging_mixin.py:188} INFO - [2026-08-05T14:26:43.468+0000] {dag.py:3947} INFO - Setting next_dagrun for football_etl to 2026-08-05 14:26:00+00:00, run_after=2026-08-05 14:28:00+00:00
[2026-08-05T14:26:43.489+0000] {processor.py:183} INFO - Processing /opt/airflow/dags/football_etl_dag.py took 0.117 seconds
[2026-08-05T14:27:13.723+0000] {processor.py:161} INFO - Started process (PID=248) to work on /opt/airflow/dags/football_etl_dag.py
[2026-08-05T14:27:13.726+0000] {processor.py:830} INFO - Processing file /opt/airflow/dags/football_etl_dag.py for tasks to queue
[2026-08-05T14:27:13.729+0000] {logging_mixin.py:188} INFO - [2026-08-05T14:27:13.729+0000] {dagbag.py:545} INFO - Filling up the DagBag from /opt/airflow/dags/football_etl_dag.py
[2026-08-05T14:27:13.758+0000] {processor.py:840} INFO - DAG(s) 'football_etl' retrieved from /opt/airflow/dags/football_etl_dag.py
[2026-08-05T14:27:13.833+0000] {logging_mixin.py:188} INFO - [2026-08-05T14:27:13.833+0000] {dag.py:3089} INFO - Sync 1 DAGs
[2026-08-05T14:27:13.893+0000] {logging_mixin.py:188} INFO - [2026-08-05T14:27:13.892+0000] {dag.py:3947} INFO - Setting next_dagrun for football_etl to 2026-08-05 14:26:00+00:00, run_after=2026-08-05 14:28:00+00:00
[2026-08-05T14:27:13.926+0000] {processor.py:183} INFO - Processing /opt/airflow/dags/football_etl_dag.py took 0.211 seconds
[2026-08-05T14:27:44.099+0000] {processor.py:161} INFO - Started process (PID=253) to work on /opt/airflow/dags/football_etl_dag.py
[2026-08-05T14:27:44.102+0000] {processor.py:830} INFO - Processing file /opt/airflow/dags/football_etl_dag.py for tasks to queue
[2026-08-05T14:27:44.107+0000] {logging_mixin.py:188} INFO - [2026-08-05T14:27:44.107+0000] {dagbag.py:545} INFO - Filling up the DagBag from /opt/airflow/dags/football_etl_dag.py
[2026-08-05T14:27:44.151+0000] {processor.py:840} INFO - DAG(s) 'football_etl' retrieved from /opt/airflow/dags/football_etl_dag.py
[2026-08-05T14:27:44.203+0000] {logging_mixin.py:188} INFO - [2026-08-05T14:27:44.202+0000] {dag.py:3089} INFO - Sync 1 DAGs
[2026-08-05T14:27:44.233+0000] {logging_mixin.py:188} INFO - [2026-08-05T14:27:44.233+0000] {dag.py:3947} INFO - Setting next_dagrun for football_etl to 2026-08-05 14:26:00+00:00, run_after=2026-08-05 14:28:00+00:00
[2026-08-05T14:27:44.255+0000] {processor.py:183} INFO - Processing /opt/airflow/dags/football_etl_dag.py took 0.176 seconds
[2026-08-05T14:28:14.382+0000] {processor.py:161} INFO - Started process (PID=266) to work on /opt/airflow/dags/football_etl_dag.py
[2026-08-05T14:28:14.384+0000] {processor.py:830} INFO - Processing file /opt/airflow/dags/football_etl_dag.py for tasks to queue
[2026-08-05T14:28:14.388+0000] {logging_mixin.py:188} INFO - [2026-08-05T14:28:14.387+0000] {dagbag.py:545} INFO - Filling up the DagBag from /opt/airflow/dags/football_etl_dag.py
[2026-08-05T14:28:14.412+0000] {processor.py:840} INFO - DAG(s) 'football_etl' retrieved from /opt/airflow/dags/football_etl_dag.py
[2026-08-05T14:28:14.451+0000] {logging_mixin.py:188} INFO - [2026-08-05T14:28:14.451+0000] {dag.py:3089} INFO - Sync 1 DAGs
[2026-08-05T14:28:14.481+0000] {logging_mixin.py:188} INFO - [2026-08-05T14:28:14.481+0000] {dag.py:3947} INFO - Setting next_dagrun for football_etl to 2026-08-05 14:28:00+00:00, run_after=2026-08-05 14:30:00+00:00
[2026-08-05T14:28:14.505+0000] {processor.py:183} INFO - Processing /opt/airflow/dags/football_etl_dag.py took 0.131 seconds
[2026-08-05T14:28:44.716+0000] {processor.py:161} INFO - Started process (PID=271) to work on /opt/airflow/dags/football_etl_dag.py
[2026-08-05T14:28:44.718+0000] {processor.py:830} INFO - Processing file /opt/airflow/dags/football_etl_dag.py for tasks to queue
[2026-08-05T14:28:44.722+0000] {logging_mixin.py:188} INFO - [2026-08-05T14:28:44.722+0000] {dagbag.py:545} INFO - Filling up the DagBag from /opt/airflow/dags/football_etl_dag.py
[2026-08-05T14:28:44.751+0000] {processor.py:840} INFO - DAG(s) 'football_etl' retrieved from /opt/airflow/dags/football_etl_dag.py
[2026-08-05T14:28:44.794+0000] {logging_mixin.py:188} INFO - [2026-08-05T14:28:44.794+0000] {dag.py:3089} INFO - Sync 1 DAGs
[2026-08-05T14:28:44.824+0000] {logging_mixin.py:188} INFO - [2026-08-05T14:28:44.824+0000] {dag.py:3947} INFO - Setting next_dagrun for football_etl to 2026-08-05 14:28:00+00:00, run_after=2026-08-05 14:30:00+00:00
[2026-08-05T14:28:44.846+0000] {processor.py:183} INFO - Processing /opt/airflow/dags/football_etl_dag.py took 0.139 seconds
[2026-08-05T14:29:14.989+0000] {processor.py:161} INFO - Started process (PID=276) to work on /opt/airflow/dags/football_etl_dag.py
[2026-08-05T14:29:14.991+0000] {processor.py:830} INFO - Processing file /opt/airflow/dags/football_etl_dag.py for tasks to queue
[2026-08-05T14:29:14.994+0000] {logging_mixin.py:188} INFO - [2026-08-05T14:29:14.993+0000] {dagbag.py:545} INFO - Filling up the DagBag from /opt/airflow/dags/football_etl_dag.py
[2026-08-05T14:29:15.018+0000] {processor.py:840} INFO - DAG(s) 'football_etl' retrieved from /opt/airflow/dags/football_etl_dag.py
[2026-08-05T14:29:15.063+0000] {logging_mixin.py:188} INFO - [2026-08-05T14:29:15.062+0000] {dag.py:3089} INFO - Sync 1 DAGs
[2026-08-05T14:29:15.093+0000] {logging_mixin.py:188} INFO - [2026-08-05T14:29:15.092+0000] {dag.py:3947} INFO - Setting next_dagrun for football_etl to 2026-08-05 14:28:00+00:00, run_after=2026-08-05 14:30:00+00:00
[2026-08-05T14:29:15.115+0000] {processor.py:183} INFO - Processing /opt/airflow/dags/football_etl_dag.py took 0.131 seconds
[2026-08-05T14:29:45.395+0000] {processor.py:161} INFO - Started process (PID=281) to work on /opt/airflow/dags/football_etl_dag.py
[2026-08-05T14:29:45.397+0000] {processor.py:830} INFO - Processing file /opt/airflow/dags/football_etl_dag.py for tasks to queue
[2026-08-05T14:29:45.400+0000] {logging_mixin.py:188} INFO - [2026-08-05T14:29:45.400+0000] {dagbag.py:545} INFO - Filling up the DagBag from /opt/airflow/dags/football_etl_dag.py
[2026-08-05T14:29:45.425+0000] {processor.py:840} INFO - DAG(s) 'football_etl' retrieved from /opt/airflow/dags/football_etl_dag.py
[2026-08-05T14:29:45.461+0000] {logging_mixin.py:188} INFO - [2026-08-05T14:29:45.460+0000] {dag.py:3089} INFO - Sync 1 DAGs
[2026-08-05T14:29:45.489+0000] {logging_mixin.py:188} INFO - [2026-08-05T14:29:45.489+0000] {dag.py:3947} INFO - Setting next_dagrun for football_etl to 2026-08-05 14:28:00+00:00, run_after=2026-08-05 14:30:00+00:00
[2026-08-05T14:29:45.510+0000] {processor.py:183} INFO - Processing /opt/airflow/dags/football_etl_dag.py took 0.121 seconds
[2026-08-05T14:30:15.599+0000] {processor.py:161} INFO - Started process (PID=294) to work on /opt/airflow/dags/football_etl_dag.py
[2026-08-05T14:30:15.600+0000] {processor.py:830} INFO - Processing file /opt/airflow/dags/football_etl_dag.py for tasks to queue
[2026-08-05T14:30:15.603+0000] {logging_mixin.py:188} INFO - [2026-08-05T14:30:15.602+0000] {dagbag.py:545} INFO - Filling up the DagBag from /opt/airflow/dags/football_etl_dag.py
[2026-08-05T14:30:15.629+0000] {processor.py:840} INFO - DAG(s) 'football_etl' retrieved from /opt/airflow/dags/football_etl_dag.py
[2026-08-05T14:30:15.667+0000] {logging_mixin.py:188} INFO - [2026-08-05T14:30:15.667+0000] {dag.py:3089} INFO - Sync 1 DAGs
[2026-08-05T14:30:15.695+0000] {logging_mixin.py:188} INFO - [2026-08-05T14:30:15.695+0000] {dag.py:3947} INFO - Setting next_dagrun for football_etl to 2026-08-05 14:30:00+00:00, run_after=2026-08-05 14:32:00+00:00
[2026-08-05T14:30:15.717+0000] {processor.py:183} INFO - Processing /opt/airflow/dags/football_etl_dag.py took 0.124 seconds
[2026-08-05T14:30:45.912+0000] {processor.py:161} INFO - Started process (PID=299) to work on /opt/airflow/dags/football_etl_dag.py
[2026-08-05T14:30:45.914+0000] {processor.py:830} INFO - Processing file /opt/airflow/dags/football_etl_dag.py for tasks to queue
[2026-08-05T14:30:45.919+0000] {logging_mixin.py:188} INFO - [2026-08-05T14:30:45.918+0000] {dagbag.py:545} INFO - Filling up the DagBag from /opt/airflow/dags/football_etl_dag.py
[2026-08-05T14:30:45.950+0000] {processor.py:840} INFO - DAG(s) 'football_etl' retrieved from /opt/airflow/dags/football_etl_dag.py
[2026-08-05T14:30:45.994+0000] {logging_mixin.py:188} INFO - [2026-08-05T14:30:45.994+0000] {dag.py:3089} INFO - Sync 1 DAGs
[2026-08-05T14:30:46.025+0000] {logging_mixin.py:188} INFO - [2026-08-05T14:30:46.024+0000] {dag.py:3947} INFO - Setting next_dagrun for football_etl to 2026-08-05 14:30:00+00:00, run_after=2026-08-05 14:32:00+00:00
[2026-08-05T14:30:46.049+0000] {processor.py:183} INFO - Processing /opt/airflow/dags/football_etl_dag.py took 0.147 seconds
[2026-08-05T14:31:16.223+0000] {processor.py:161} INFO - Started process (PID=304) to work on /opt/airflow/dags/football_etl_dag.py
[2026-08-05T14:31:16.224+0000] {processor.py:830} INFO - Processing file /opt/airflow/dags/football_etl_dag.py for tasks to queue
[2026-08-05T14:31:16.226+0000] {logging_mixin.py:188} INFO - [2026-08-05T14:31:16.226+0000] {dagbag.py:545} INFO - Filling up the DagBag from /opt/airflow/dags/football_etl_dag.py
[2026-08-05T14:31:16.250+0000] {processor.py:840} INFO - DAG(s) 'football_etl' retrieved from /opt/airflow/dags/football_etl_dag.py
[2026-08-05T14:31:16.284+0000] {logging_mixin.py:188} INFO - [2026-08-05T14:31:16.284+0000] {dag.py:3089} INFO - Sync 1 DAGs
[2026-08-05T14:31:16.312+0000] {logging_mixin.py:188} INFO - [2026-08-05T14:31:16.312+0000] {dag.py:3947} INFO - Setting next_dagrun for football_etl to 2026-08-05 14:30:00+00:00, run_after=2026-08-05 14:32:00+00:00
[2026-08-05T14:31:16.352+0000] {processor.py:183} INFO - Processing /opt/airflow/dags/football_etl_dag.py took 0.135 seconds
[2026-08-05T14:31:46.623+0000] {processor.py:161} INFO - Started process (PID=309) to work on /opt/airflow/dags/football_etl_dag.py
[2026-08-05T14:31:46.625+0000] {processor.py:830} INFO - Processing file /opt/airflow/dags/football_etl_dag.py for tasks to queue
[2026-08-05T14:31:46.627+0000] {logging_mixin.py:188} INFO - [2026-08-05T14:31:46.627+0000] {dagbag.py:545} INFO - Filling up the DagBag from /opt/airflow/dags/football_etl_dag.py
[2026-08-05T14:31:46.650+0000] {processor.py:840} INFO - DAG(s) 'football_etl' retrieved from /opt/airflow/dags/football_etl_dag.py
[2026-08-05T14:31:46.691+0000] {logging_mixin.py:188} INFO - [2026-08-05T14:31:46.691+0000] {dag.py:3089} INFO - Sync 1 DAGs
[2026-08-05T14:31:46.719+0000] {logging_mixin.py:188} INFO - [2026-08-05T14:31:46.718+0000] {dag.py:3947} INFO - Setting next_dagrun for football_etl to 2026-08-05 14:30:00+00:00, run_after=2026-08-05 14:32:00+00:00
[2026-08-05T14:31:46.741+0000] {processor.py:183} INFO - Processing /opt/airflow/dags/football_etl_dag.py took 0.124 seconds
[2026-08-05T14:32:16.884+0000] {processor.py:161} INFO - Started process (PID=322) to work on /opt/airflow/dags/football_etl_dag.py
[2026-08-05T14:32:16.886+0000] {processor.py:830} INFO - Processing file /opt/airflow/dags/football_etl_dag.py for tasks to queue
[2026-08-05T14:32:16.888+0000] {logging_mixin.py:188} INFO - [2026-08-05T14:32:16.888+0000] {dagbag.py:545} INFO - Filling up the DagBag from /opt/airflow/dags/football_etl_dag.py
[2026-08-05T14:32:16.917+0000] {processor.py:840} INFO - DAG(s) 'football_etl' retrieved from /opt/airflow/dags/football_etl_dag.py
[2026-08-05T14:32:16.957+0000] {logging_mixin.py:188} INFO - [2026-08-05T14:32:16.956+0000] {dag.py:3089} INFO - Sync 1 DAGs
[2026-08-05T14:32:16.986+0000] {logging_mixin.py:188} INFO - [2026-08-05T14:32:16.985+0000] {dag.py:3947} INFO - Setting next_dagrun for football_etl to 2026-08-05 14:32:00+00:00, run_after=2026-08-05 14:34:00+00:00
[2026-08-05T14:32:17.009+0000] {processor.py:183} INFO - Processing /opt/airflow/dags/football_etl_dag.py took 0.136 seconds
[2026-08-05T14:32:47.105+0000] {processor.py:161} INFO - Started process (PID=327) to work on /opt/airflow/dags/football_etl_dag.py
[2026-08-05T14:32:47.106+0000] {processor.py:830} INFO - Processing file /opt/airflow/dags/football_etl_dag.py for tasks to queue
[2026-08-05T14:32:47.108+0000] {logging_mixin.py:188} INFO - [2026-08-05T14:32:47.108+0000] {dagbag.py:545} INFO - Filling up the DagBag from /opt/airflow/dags/football_etl_dag.py
[2026-08-05T14:32:47.129+0000] {processor.py:840} INFO - DAG(s) 'football_etl' retrieved from /opt/airflow/dags/football_etl_dag.py
[2026-08-05T14:32:47.166+0000] {logging_mixin.py:188} INFO - [2026-08-05T14:32:47.165+0000] {dag.py:3089} INFO - Sync 1 DAGs
[2026-08-05T14:32:47.190+0000] {logging_mixin.py:188} INFO - [2026-08-05T14:32:47.190+0000] {dag.py:3947} INFO - Setting next_dagrun for football_etl to 2026-08-05 14:32:00+00:00, run_after=2026-08-05 14:34:00+00:00
[2026-08-05T14:32:47.217+0000] {processor.py:183} INFO - Processing /opt/airflow/dags/football_etl_dag.py took 0.118 seconds
[2026-08-05T14:33:17.470+0000] {processor.py:161} INFO - Started process (PID=332) to work on /opt/airflow/dags/football_etl_dag.py
[2026-08-05T14:33:17.472+0000] {processor.py:830} INFO - Processing file /opt/airflow/dags/football_etl_dag.py for tasks to queue
[2026-08-05T14:33:17.475+0000] {logging_mixin.py:188} INFO - [2026-08-05T14:33:17.474+0000] {dagbag.py:545} INFO - Filling up the DagBag from /opt/airflow/dags/football_etl_dag.py
[2026-08-05T14:33:17.497+0000] {processor.py:840} INFO - DAG(s) 'football_etl' retrieved from /opt/airflow/dags/football_etl_dag.py
[2026-08-05T14:33:17.532+0000] {logging_mixin.py:188} INFO - [2026-08-05T14:33:17.532+0000] {dag.py:3089} INFO - Sync 1 DAGs
[2026-08-05T14:33:17.557+0000] {logging_mixin.py:188} INFO - [2026-08-05T14:33:17.556+0000] {dag.py:3947} INFO - Setting next_dagrun for football_etl to 2026-08-05 14:32:00+00:00, run_after=2026-08-05 14:34:00+00:00
[2026-08-05T14:33:17.577+0000] {processor.py:183} INFO - Processing /opt/airflow/dags/football_etl_dag.py took 0.115 seconds
[2026-08-05T14:33:47.721+0000] {processor.py:161} INFO - Started process (PID=337) to work on /opt/airflow/dags/football_etl_dag.py
[2026-08-05T14:33:47.723+0000] {processor.py:830} INFO - Processing file /opt/airflow/dags/football_etl_dag.py for tasks to queue
[2026-08-05T14:33:47.726+0000] {logging_mixin.py:188} INFO - [2026-08-05T14:33:47.725+0000] {dagbag.py:545} INFO - Filling up the DagBag from /opt/airflow/dags/football_etl_dag.py
[2026-08-05T14:33:47.758+0000] {processor.py:840} INFO - DAG(s) 'football_etl' retrieved from /opt/airflow/dags/football_etl_dag.py
[2026-08-05T14:33:47.802+0000] {logging_mixin.py:188} INFO - [2026-08-05T14:33:47.802+0000] {dag.py:3089} INFO - Sync 1 DAGs
[2026-08-05T14:33:47.832+0000] {logging_mixin.py:188} INFO - [2026-08-05T14:33:47.832+0000] {dag.py:3947} INFO - Setting next_dagrun for football_etl to 2026-08-05 14:32:00+00:00, run_after=2026-08-05 14:34:00+00:00
[2026-08-05T14:33:47.859+0000] {processor.py:183} INFO - Processing /opt/airflow/dags/football_etl_dag.py took 0.145 seconds
[2026-08-05T14:34:17.975+0000] {processor.py:161} INFO - Started process (PID=350) to work on /opt/airflow/dags/football_etl_dag.py
[2026-08-05T14:34:17.977+0000] {processor.py:830} INFO - Processing file /opt/airflow/dags/football_etl_dag.py for tasks to queue
[2026-08-05T14:34:17.981+0000] {logging_mixin.py:188} INFO - [2026-08-05T14:34:17.980+0000] {dagbag.py:545} INFO - Filling up the DagBag from /opt/airflow/dags/football_etl_dag.py
[2026-08-05T14:34:18.012+0000] {processor.py:840} INFO - DAG(s) 'football_etl' retrieved from /opt/airflow/dags/football_etl_dag.py
[2026-08-05T14:34:18.059+0000] {logging_mixin.py:188} INFO - [2026-08-05T14:34:18.058+0000] {dag.py:3089} INFO - Sync 1 DAGs
[2026-08-05T14:34:18.093+0000] {logging_mixin.py:188} INFO - [2026-08-05T14:34:18.093+0000] {dag.py:3947} INFO - Setting next_dagrun for football_etl to 2026-08-05 14:34:00+00:00, run_after=2026-08-05 14:36:00+00:00
[2026-08-05T14:34:18.119+0000] {processor.py:183} INFO - Processing /opt/airflow/dags/football_etl_dag.py took 0.154 seconds
[2026-08-05T14:34:48.328+0000] {processor.py:161} INFO - Started process (PID=355) to work on /opt/airflow/dags/football_etl_dag.py
[2026-08-05T14:34:48.329+0000] {processor.py:830} INFO - Processing file /opt/airflow/dags/football_etl_dag.py for tasks to queue
[2026-08-05T14:34:48.331+0000] {logging_mixin.py:188} INFO - [2026-08-05T14:34:48.331+0000] {dagbag.py:545} INFO - Filling up the DagBag from /opt/airflow/dags/football_etl_dag.py
[2026-08-05T14:34:48.352+0000] {processor.py:840} INFO - DAG(s) 'football_etl' retrieved from /opt/airflow/dags/football_etl_dag.py
[2026-08-05T14:34:48.385+0000] {logging_mixin.py:188} INFO - [2026-08-05T14:34:48.384+0000] {dag.py:3089} INFO - Sync 1 DAGs
[2026-08-05T14:34:48.409+0000] {logging_mixin.py:188} INFO - [2026-08-05T14:34:48.408+0000] {dag.py:3947} INFO - Setting next_dagrun for football_etl to 2026-08-05 14:34:00+00:00, run_after=2026-08-05 14:36:00+00:00
[2026-08-05T14:34:48.429+0000] {processor.py:183} INFO - Processing /opt/airflow/dags/football_etl_dag.py took 0.107 seconds
[2026-08-05T14:35:18.567+0000] {processor.py:161} INFO - Started process (PID=360) to work on /opt/airflow/dags/football_etl_dag.py
[2026-08-05T14:35:18.569+0000] {processor.py:830} INFO - Processing file /opt/airflow/dags/football_etl_dag.py for tasks to queue
[2026-08-05T14:35:18.572+0000] {logging_mixin.py:188} INFO - [2026-08-05T14:35:18.572+0000] {dagbag.py:545} INFO - Filling up the DagBag from /opt/airflow/dags/football_etl_dag.py
[2026-08-05T14:35:18.600+0000] {processor.py:840} INFO - DAG(s) 'football_etl' retrieved from /opt/airflow/dags/football_etl_dag.py
[2026-08-05T14:35:18.643+0000] {logging_mixin.py:188} INFO - [2026-08-05T14:35:18.643+0000] {dag.py:3089} INFO - Sync 1 DAGs
[2026-08-05T14:35:18.672+0000] {logging_mixin.py:188} INFO - [2026-08-05T14:35:18.672+0000] {dag.py:3947} INFO - Setting next_dagrun for football_etl to 2026-08-05 14:34:00+00:00, run_after=2026-08-05 14:36:00+00:00
[2026-08-05T14:35:18.693+0000] {processor.py:183} INFO - Processing /opt/airflow/dags/football_etl_dag.py took 0.134 seconds
[2026-08-05T14:35:48.921+0000] {processor.py:161} INFO - Started process (PID=365) to work on /opt/airflow/dags/football_etl_dag.py
[2026-08-05T14:35:48.922+0000] {processor.py:830} INFO - Processing file /opt/airflow/dags/football_etl_dag.py for tasks to queue
[2026-08-05T14:35:48.925+0000] {logging_mixin.py:188} INFO - [2026-08-05T14:35:48.924+0000] {dagbag.py:545} INFO - Filling up the DagBag from /opt/airflow/dags/football_etl_dag.py
[2026-08-05T14:35:48.949+0000] {processor.py:840} INFO - DAG(s) 'football_etl' retrieved from /opt/airflow/dags/football_etl_dag.py
[2026-08-05T14:35:48.993+0000] {logging_mixin.py:188} INFO - [2026-08-05T14:35:48.992+0000] {dag.py:3089} INFO - Sync 1 DAGs
[2026-08-05T14:35:49.022+0000] {logging_mixin.py:188} INFO - [2026-08-05T14:35:49.022+0000] {dag.py:3947} INFO - Setting next_dagrun for football_etl to 2026-08-05 14:34:00+00:00, run_after=2026-08-05 14:36:00+00:00
[2026-08-05T14:35:49.044+0000] {processor.py:183} INFO - Processing /opt/airflow/dags/football_etl_dag.py took 0.132 seconds
[2026-08-05T14:36:19.158+0000] {processor.py:161} INFO - Started process (PID=378) to work on /opt/airflow/dags/football_etl_dag.py
[2026-08-05T14:36:19.159+0000] {processor.py:830} INFO - Processing file /opt/airflow/dags/football_etl_dag.py for tasks to queue
[2026-08-05T14:36:19.162+0000] {logging_mixin.py:188} INFO - [2026-08-05T14:36:19.161+0000] {dagbag.py:545} INFO - Filling up the DagBag from /opt/airflow/dags/football_etl_dag.py
[2026-08-05T14:36:19.183+0000] {processor.py:840} INFO - DAG(s) 'football_etl' retrieved from /opt/airflow/dags/football_etl_dag.py
[2026-08-05T14:36:19.220+0000] {logging_mixin.py:188} INFO - [2026-08-05T14:36:19.220+0000] {dag.py:3089} INFO - Sync 1 DAGs
[2026-08-05T14:36:19.249+0000] {logging_mixin.py:188} INFO - [2026-08-05T14:36:19.249+0000] {dag.py:3947} INFO - Setting next_dagrun for football_etl to 2026-08-05 14:36:00+00:00, run_after=2026-08-05 14:38:00+00:00
[2026-08-05T14:36:19.270+0000] {processor.py:183} INFO - Processing /opt/airflow/dags/football_etl_dag.py took 0.118 seconds
[2026-08-05T14:36:49.418+0000] {processor.py:161} INFO - Started process (PID=383) to work on /opt/airflow/dags/football_etl_dag.py
[2026-08-05T14:36:49.420+0000] {processor.py:830} INFO - Processing file /opt/airflow/dags/football_etl_dag.py for tasks to queue
[2026-08-05T14:36:49.422+0000] {logging_mixin.py:188} INFO - [2026-08-05T14:36:49.422+0000] {dagbag.py:545} INFO - Filling up the DagBag from /opt/airflow/dags/football_etl_dag.py
[2026-08-05T14:36:49.444+0000] {processor.py:840} INFO - DAG(s) 'football_etl' retrieved from /opt/airflow/dags/football_etl_dag.py
[2026-08-05T14:36:49.482+0000] {logging_mixin.py:188} INFO - [2026-08-05T14:36:49.482+0000] {dag.py:3089} INFO - Sync 1 DAGs
[2026-08-05T14:36:49.509+0000] {logging_mixin.py:188} INFO - [2026-08-05T14:36:49.508+0000] {dag.py:3947} INFO - Setting next_dagrun for football_etl to 2026-08-05 14:36:00+00:00, run_after=2026-08-05 14:38:00+00:00
[2026-08-05T14:36:49.531+0000] {processor.py:183} INFO - Processing /opt/airflow/dags/football_etl_dag.py took 0.118 seconds
