[2026-08-04T09:34:04.522+0000] {local_task_job_runner.py:120} INFO - ::group::Pre task execution logs
[2026-08-04T09:34:04.615+0000] {taskinstance.py:2076} INFO - Dependencies all met for dep_context=non-requeueable deps ti=<TaskInstance: football_etl.warehouse_load scheduled__2026-08-04T09:32:00+00:00 [queued]>
[2026-08-04T09:34:04.639+0000] {taskinstance.py:2076} INFO - Dependencies all met for dep_context=requeueable deps ti=<TaskInstance: football_etl.warehouse_load scheduled__2026-08-04T09:32:00+00:00 [queued]>
[2026-08-04T09:34:04.640+0000] {taskinstance.py:2306} INFO - Starting attempt 1 of 4
[2026-08-04T09:34:04.661+0000] {taskinstance.py:2330} INFO - Executing <Task(PythonOperator): warehouse_load> on 2026-08-04 09:32:00+00:00
[2026-08-04T09:34:04.671+0000] {standard_task_runner.py:90} INFO - Running: ['airflow', 'tasks', 'run', 'football_etl', 'warehouse_load', 'scheduled__2026-08-04T09:32:00+00:00', '--job-id', '981', '--raw', '--subdir', 'DAGS_FOLDER/football_etl_dag.py', '--cfg-path', '/tmp/tmpn3ilm6j9']
[2026-08-04T09:34:04.672+0000] {logging_mixin.py:188} WARNING - /home/airflow/.local/lib/python3.12/site-packages/airflow/task/task_runner/standard_task_runner.py:62 DeprecationWarning: This process (pid=473) is multi-threaded, use of fork() may lead to deadlocks in the child.
[2026-08-04T09:34:04.674+0000] {standard_task_runner.py:91} INFO - Job 981: Subtask warehouse_load
[2026-08-04T09:34:04.675+0000] {standard_task_runner.py:64} INFO - Started process 474 to run task
[2026-08-04T09:34:04.748+0000] {task_command.py:426} INFO - Running <TaskInstance: football_etl.warehouse_load scheduled__2026-08-04T09:32:00+00:00 [running]> on host b478b38d86c0
[2026-08-04T09:34:04.874+0000] {taskinstance.py:2648} INFO - Exporting env vars: AIRFLOW_CTX_DAG_OWNER='airflow' AIRFLOW_CTX_DAG_ID='football_etl' AIRFLOW_CTX_TASK_ID='warehouse_load' AIRFLOW_CTX_EXECUTION_DATE='2026-08-04T09:32:00+00:00' AIRFLOW_CTX_TRY_NUMBER='1' AIRFLOW_CTX_DAG_RUN_ID='scheduled__2026-08-04T09:32:00+00:00'
[2026-08-04T09:34:04.876+0000] {taskinstance.py:430} INFO - ::endgroup::
[2026-08-04T09:34:22.327+0000] {warehouse_load.py:126} INFO - Fetched 14098 rows from OLTP for warehouse load
[2026-08-04T09:34:38.453+0000] {warehouse_load.py:168} ERROR - Warehouse ETL failed, rolled back: duplicate key value violates unique constraint "dim_team_team_name_league_name_key"
DETAIL:  Key (team_name, league_name)=(Rodriguezchester City 500, La Liga) already exists.

[2026-08-04T09:34:38.455+0000] {taskinstance.py:441} INFO - ::group::Post task execution logs
[2026-08-04T09:34:38.459+0000] {taskinstance.py:2905} ERROR - Task failed with exception
Traceback (most recent call last):
  File "/home/airflow/.local/lib/python3.12/site-packages/airflow/models/taskinstance.py", line 465, in _execute_task
    result = _execute_callable(context=context, **execute_callable_kwargs)
             ^^^^^^^^^^^^^^^^^^^^^^^^^^^^^^^^^^^^^^^^^^^^^^^^^^^^^^^^^^^^^
  File "/home/airflow/.local/lib/python3.12/site-packages/airflow/models/taskinstance.py", line 432, in _execute_callable
    return execute_callable(context=context, **execute_callable_kwargs)
           ^^^^^^^^^^^^^^^^^^^^^^^^^^^^^^^^^^^^^^^^^^^^^^^^^^^^^^^^^^^^
  File "/home/airflow/.local/lib/python3.12/site-packages/airflow/models/baseoperator.py", line 401, in wrapper
    return func(self, *args, **kwargs)
           ^^^^^^^^^^^^^^^^^^^^^^^^^^^
  File "/home/airflow/.local/lib/python3.12/site-packages/airflow/operators/python.py", line 235, in execute
    return_value = self.execute_callable()
                   ^^^^^^^^^^^^^^^^^^^^^^^
  File "/home/airflow/.local/lib/python3.12/site-packages/airflow/operators/python.py", line 252, in execute_callable
    return self.python_callable(*self.op_args, **self.op_kwargs)
           ^^^^^^^^^^^^^^^^^^^^^^^^^^^^^^^^^^^^^^^^^^^^^^^^^^^^^
  File "/opt/airflow/dags/football_etl_dag.py", line 33, in run_warehouse_load
    run_warehouse_etl()
  File "/opt/airflow/pipeline/warehouse_load.py", line 134, in run_warehouse_etl
    team_key = get_or_create_dim_team(dwh_cur, team_cache, team_name, league_name, country_code)
               ^^^^^^^^^^^^^^^^^^^^^^^^^^^^^^^^^^^^^^^^^^^^^^^^^^^^^^^^^^^^^^^^^^^^^^^^^^^^^^^^^
  File "/opt/airflow/pipeline/warehouse_load.py", line 42, in get_or_create_dim_team
    dwh_cur.execute("""
psycopg2.errors.UniqueViolation: duplicate key value violates unique constraint "dim_team_team_name_league_name_key"
DETAIL:  Key (team_name, league_name)=(Rodriguezchester City 500, La Liga) already exists.

[2026-08-04T09:34:38.492+0000] {taskinstance.py:1206} INFO - Marking task as UP_FOR_RETRY. dag_id=football_etl, task_id=warehouse_load, run_id=scheduled__2026-08-04T09:32:00+00:00, execution_date=20260804T093200, start_date=20260804T093404, end_date=20260804T093438
[2026-08-04T09:34:38.513+0000] {standard_task_runner.py:110} ERROR - Failed to execute job 981 for task warehouse_load (duplicate key value violates unique constraint "dim_team_team_name_league_name_key"
DETAIL:  Key (team_name, league_name)=(Rodriguezchester City 500, La Liga) already exists.
; 474)
[2026-08-04T09:34:38.560+0000] {local_task_job_runner.py:243} INFO - Task exited with return code 1
[2026-08-04T09:34:38.577+0000] {taskinstance.py:3503} INFO - 0 downstream tasks scheduled from follow-on schedule check
[2026-08-04T09:34:38.580+0000] {local_task_job_runner.py:222} INFO - ::endgroup::
