[2026-08-04T06:07:33.151+0000] {local_task_job_runner.py:120} INFO - ::group::Pre task execution logs
[2026-08-04T06:07:33.369+0000] {taskinstance.py:2076} INFO - Dependencies all met for dep_context=non-requeueable deps ti=<TaskInstance: football_etl.extract scheduled__2026-08-04T06:04:00+00:00 [queued]>
[2026-08-04T06:07:33.420+0000] {taskinstance.py:2076} INFO - Dependencies all met for dep_context=requeueable deps ti=<TaskInstance: football_etl.extract scheduled__2026-08-04T06:04:00+00:00 [queued]>
[2026-08-04T06:07:33.429+0000] {taskinstance.py:2306} INFO - Starting attempt 1 of 4
[2026-08-04T06:07:33.489+0000] {taskinstance.py:2330} INFO - Executing <Task(PythonOperator): extract> on 2026-08-04 06:04:00+00:00
[2026-08-04T06:07:33.542+0000] {standard_task_runner.py:90} INFO - Running: ['airflow', 'tasks', 'run', 'football_etl', 'extract', 'scheduled__2026-08-04T06:04:00+00:00', '--job-id', '841', '--raw', '--subdir', 'DAGS_FOLDER/football_etl_dag.py', '--cfg-path', '/tmp/tmpam4rm_vh']
[2026-08-04T06:07:33.552+0000] {logging_mixin.py:188} WARNING - /home/airflow/.local/lib/python3.12/site-packages/airflow/task/task_runner/standard_task_runner.py:62 DeprecationWarning: This process (pid=1508) is multi-threaded, use of fork() may lead to deadlocks in the child.
[2026-08-04T06:07:33.561+0000] {standard_task_runner.py:91} INFO - Job 841: Subtask extract
[2026-08-04T06:07:33.568+0000] {standard_task_runner.py:64} INFO - Started process 1510 to run task
[2026-08-04T06:07:33.790+0000] {task_command.py:426} INFO - Running <TaskInstance: football_etl.extract scheduled__2026-08-04T06:04:00+00:00 [running]> on host b478b38d86c0
[2026-08-04T06:07:34.407+0000] {taskinstance.py:2648} INFO - Exporting env vars: AIRFLOW_CTX_DAG_OWNER='airflow' AIRFLOW_CTX_DAG_ID='football_etl' AIRFLOW_CTX_TASK_ID='extract' AIRFLOW_CTX_EXECUTION_DATE='2026-08-04T06:04:00+00:00' AIRFLOW_CTX_TRY_NUMBER='1' AIRFLOW_CTX_DAG_RUN_ID='scheduled__2026-08-04T06:04:00+00:00'
[2026-08-04T06:07:34.408+0000] {taskinstance.py:430} INFO - ::endgroup::
[2026-08-04T06:07:35.141+0000] {extract.py:33} INFO - Extracted 98 rows from data/raw/standings_2022_23.csv
[2026-08-04T06:07:35.142+0000] {logging_mixin.py:188} INFO - Extracted 98 rows
[2026-08-04T06:07:35.143+0000] {python.py:237} INFO - Done. Returned value was: None
[2026-08-04T06:07:35.144+0000] {taskinstance.py:441} INFO - ::group::Post task execution logs
[2026-08-04T06:07:35.160+0000] {taskinstance.py:1206} INFO - Marking task as SUCCESS. dag_id=football_etl, task_id=extract, run_id=scheduled__2026-08-04T06:04:00+00:00, execution_date=20260804T060400, start_date=20260804T060733, end_date=20260804T060735
[2026-08-04T06:07:35.201+0000] {local_task_job_runner.py:243} INFO - Task exited with return code 0
[2026-08-04T06:07:35.233+0000] {taskinstance.py:3503} INFO - 1 downstream tasks scheduled from follow-on schedule check
[2026-08-04T06:07:35.235+0000] {local_task_job_runner.py:222} INFO - ::endgroup::
