[2026-08-10T04:13:24.539+0000] {local_task_job_runner.py:120} INFO - ::group::Pre task execution logs
[2026-08-10T04:13:24.613+0000] {taskinstance.py:2076} INFO - Dependencies all met for dep_context=non-requeueable deps ti=<TaskInstance: football_etl.warehouse_load manual__2026-08-10T04:13:17.330396+00:00 [queued]>
[2026-08-10T04:13:24.630+0000] {taskinstance.py:2076} INFO - Dependencies all met for dep_context=requeueable deps ti=<TaskInstance: football_etl.warehouse_load manual__2026-08-10T04:13:17.330396+00:00 [queued]>
[2026-08-10T04:13:24.631+0000] {taskinstance.py:2306} INFO - Starting attempt 1 of 4
[2026-08-10T04:13:24.656+0000] {taskinstance.py:2330} INFO - Executing <Task(PythonOperator): warehouse_load> on 2026-08-10 04:13:17.330396+00:00
[2026-08-10T04:13:24.673+0000] {logging_mixin.py:188} WARNING - /home/airflow/.local/lib/python3.12/site-packages/airflow/task/task_runner/standard_task_runner.py:62 DeprecationWarning: This process (pid=655) is multi-threaded, use of fork() may lead to deadlocks in the child.
[2026-08-10T04:13:24.672+0000] {standard_task_runner.py:90} INFO - Running: ['airflow', 'tasks', 'run', 'football_etl', 'warehouse_load', 'manual__2026-08-10T04:13:17.330396+00:00', '--job-id', '1799', '--raw', '--subdir', 'DAGS_FOLDER/football_etl_dag.py', '--cfg-path', '/tmp/tmp42rnvu0z']
[2026-08-10T04:13:24.676+0000] {standard_task_runner.py:64} INFO - Started process 656 to run task
[2026-08-10T04:13:24.677+0000] {standard_task_runner.py:91} INFO - Job 1799: Subtask warehouse_load
[2026-08-10T04:13:24.801+0000] {task_command.py:426} INFO - Running <TaskInstance: football_etl.warehouse_load manual__2026-08-10T04:13:17.330396+00:00 [running]> on host b478b38d86c0
[2026-08-10T04:13:25.103+0000] {taskinstance.py:2648} INFO - Exporting env vars: AIRFLOW_CTX_DAG_OWNER='airflow' AIRFLOW_CTX_DAG_ID='football_etl' AIRFLOW_CTX_TASK_ID='warehouse_load' AIRFLOW_CTX_EXECUTION_DATE='2026-08-10T04:13:17.330396+00:00' AIRFLOW_CTX_TRY_NUMBER='1' AIRFLOW_CTX_DAG_RUN_ID='manual__2026-08-10T04:13:17.330396+00:00'
[2026-08-10T04:13:25.109+0000] {taskinstance.py:430} INFO - ::endgroup::
[2026-08-10T04:14:03.964+0000] {warehouse_load.py:159} INFO - Fetched 17098 rows from OLTP for warehouse load
[2026-08-10T04:14:30.018+0000] {warehouse_load.py:200} INFO - Warehouse ETL complete: 0 inserted, 17098 skipped
[2026-08-10T04:14:30.020+0000] {logging_mixin.py:188} INFO - Warehouse ETL complete: 0 inserted, 17098 skipped
[2026-08-10T04:14:30.045+0000] {python.py:237} INFO - Done. Returned value was: None
[2026-08-10T04:14:30.047+0000] {taskinstance.py:441} INFO - ::group::Post task execution logs
[2026-08-10T04:14:30.071+0000] {taskinstance.py:1206} INFO - Marking task as SUCCESS. dag_id=football_etl, task_id=warehouse_load, run_id=manual__2026-08-10T04:13:17.330396+00:00, execution_date=20260810T041317, start_date=20260810T041324, end_date=20260810T041430
[2026-08-10T04:14:30.117+0000] {local_task_job_runner.py:243} INFO - Task exited with return code 0
[2026-08-10T04:14:30.149+0000] {taskinstance.py:3503} INFO - 0 downstream tasks scheduled from follow-on schedule check
[2026-08-10T04:14:30.153+0000] {local_task_job_runner.py:222} INFO - ::endgroup::
