[2026-07-27T19:08:01.277+0000] {local_task_job_runner.py:120} INFO - ::group::Pre task execution logs
[2026-07-27T19:08:01.316+0000] {taskinstance.py:2076} INFO - Dependencies all met for dep_context=non-requeueable deps ti=<TaskInstance: football_etl.extract scheduled__2026-07-27T19:06:00+00:00 [queued]>
[2026-07-27T19:08:01.325+0000] {taskinstance.py:2076} INFO - Dependencies all met for dep_context=requeueable deps ti=<TaskInstance: football_etl.extract scheduled__2026-07-27T19:06:00+00:00 [queued]>
[2026-07-27T19:08:01.327+0000] {taskinstance.py:2306} INFO - Starting attempt 1 of 4
[2026-07-27T19:08:01.342+0000] {taskinstance.py:2330} INFO - Executing <Task(PythonOperator): extract> on 2026-07-27 19:06:00+00:00
[2026-07-27T19:08:01.352+0000] {logging_mixin.py:188} WARNING - /home/airflow/.local/lib/python3.12/site-packages/airflow/task/task_runner/standard_task_runner.py:62 DeprecationWarning: This process (pid=470) is multi-threaded, use of fork() may lead to deadlocks in the child.
[2026-07-27T19:08:01.351+0000] {standard_task_runner.py:90} INFO - Running: ['airflow', 'tasks', 'run', 'football_etl', 'extract', 'scheduled__2026-07-27T19:06:00+00:00', '--job-id', '109', '--raw', '--subdir', 'DAGS_FOLDER/football_etl_dag.py', '--cfg-path', '/tmp/tmpgtwlzash']
[2026-07-27T19:08:01.354+0000] {standard_task_runner.py:64} INFO - Started process 471 to run task
[2026-07-27T19:08:01.354+0000] {standard_task_runner.py:91} INFO - Job 109: Subtask extract
[2026-07-27T19:08:01.428+0000] {task_command.py:426} INFO - Running <TaskInstance: football_etl.extract scheduled__2026-07-27T19:06:00+00:00 [running]> on host 862cfaa95cf8
[2026-07-27T19:08:01.566+0000] {taskinstance.py:2648} INFO - Exporting env vars: AIRFLOW_CTX_DAG_OWNER='airflow' AIRFLOW_CTX_DAG_ID='football_etl' AIRFLOW_CTX_TASK_ID='extract' AIRFLOW_CTX_EXECUTION_DATE='2026-07-27T19:06:00+00:00' AIRFLOW_CTX_TRY_NUMBER='1' AIRFLOW_CTX_DAG_RUN_ID='scheduled__2026-07-27T19:06:00+00:00'
[2026-07-27T19:08:01.568+0000] {taskinstance.py:430} INFO - ::endgroup::
[2026-07-27T19:08:02.100+0000] {extract.py:33} INFO - Extracted 98 rows from data/raw/standings_2022_23.csv
[2026-07-27T19:08:02.101+0000] {logging_mixin.py:188} INFO - Extracted 98 rows
[2026-07-27T19:08:02.102+0000] {python.py:237} INFO - Done. Returned value was: None
[2026-07-27T19:08:02.103+0000] {taskinstance.py:441} INFO - ::group::Post task execution logs
[2026-07-27T19:08:02.274+0000] {taskinstance.py:1206} INFO - Marking task as SUCCESS. dag_id=football_etl, task_id=extract, run_id=scheduled__2026-07-27T19:06:00+00:00, execution_date=20260727T190600, start_date=20260727T190801, end_date=20260727T190802
[2026-07-27T19:08:02.335+0000] {local_task_job_runner.py:243} INFO - Task exited with return code 0
[2026-07-27T19:08:02.365+0000] {taskinstance.py:3503} INFO - 1 downstream tasks scheduled from follow-on schedule check
[2026-07-27T19:08:02.370+0000] {local_task_job_runner.py:222} INFO - ::endgroup::
