[2026-07-27T19:56:02.670+0000] {local_task_job_runner.py:120} INFO - ::group::Pre task execution logs
[2026-07-27T19:56:02.758+0000] {taskinstance.py:2076} INFO - Dependencies all met for dep_context=non-requeueable deps ti=<TaskInstance: football_etl.warehouse_load scheduled__2026-07-27T19:38:00+00:00 [queued]>
[2026-07-27T19:56:02.780+0000] {taskinstance.py:2076} INFO - Dependencies all met for dep_context=requeueable deps ti=<TaskInstance: football_etl.warehouse_load scheduled__2026-07-27T19:38:00+00:00 [queued]>
[2026-07-27T19:56:02.781+0000] {taskinstance.py:2306} INFO - Starting attempt 2 of 4
[2026-07-27T19:56:02.802+0000] {taskinstance.py:2330} INFO - Executing <Task(PythonOperator): warehouse_load> on 2026-07-27 19:38:00+00:00
[2026-07-27T19:56:02.816+0000] {logging_mixin.py:188} WARNING - /home/airflow/.local/lib/python3.12/site-packages/airflow/task/task_runner/standard_task_runner.py:62 DeprecationWarning: This process (pid=381) is multi-threaded, use of fork() may lead to deadlocks in the child.
[2026-07-27T19:56:02.815+0000] {standard_task_runner.py:90} INFO - Running: ['airflow', 'tasks', 'run', 'football_etl', 'warehouse_load', 'scheduled__2026-07-27T19:38:00+00:00', '--job-id', '247', '--raw', '--subdir', 'DAGS_FOLDER/football_etl_dag.py', '--cfg-path', '/tmp/tmpscv34l8q']
[2026-07-27T19:56:02.819+0000] {standard_task_runner.py:64} INFO - Started process 383 to run task
[2026-07-27T19:56:02.819+0000] {standard_task_runner.py:91} INFO - Job 247: Subtask warehouse_load
[2026-07-27T19:56:02.915+0000] {task_command.py:426} INFO - Running <TaskInstance: football_etl.warehouse_load scheduled__2026-07-27T19:38:00+00:00 [running]> on host b478b38d86c0
[2026-07-27T19:56:03.091+0000] {taskinstance.py:2648} INFO - Exporting env vars: AIRFLOW_CTX_DAG_OWNER='airflow' AIRFLOW_CTX_DAG_ID='football_etl' AIRFLOW_CTX_TASK_ID='warehouse_load' AIRFLOW_CTX_EXECUTION_DATE='2026-07-27T19:38:00+00:00' AIRFLOW_CTX_TRY_NUMBER='2' AIRFLOW_CTX_DAG_RUN_ID='scheduled__2026-07-27T19:38:00+00:00'
[2026-07-27T19:56:03.093+0000] {taskinstance.py:430} INFO - ::endgroup::
[2026-07-27T19:56:28.170+0000] {warehouse_load.py:126} INFO - Fetched 14098 rows from OLTP for warehouse load
[2026-07-27T19:56:41.985+0000] {warehouse_load.py:163} INFO - Warehouse ETL complete: 0 inserted, 14098 skipped
[2026-07-27T19:56:41.986+0000] {logging_mixin.py:188} INFO - Warehouse ETL complete: 0 inserted, 14098 skipped
[2026-07-27T19:56:42.006+0000] {python.py:237} INFO - Done. Returned value was: None
[2026-07-27T19:56:42.008+0000] {taskinstance.py:441} INFO - ::group::Post task execution logs
[2026-07-27T19:56:42.033+0000] {taskinstance.py:1206} INFO - Marking task as SUCCESS. dag_id=football_etl, task_id=warehouse_load, run_id=scheduled__2026-07-27T19:38:00+00:00, execution_date=20260727T193800, start_date=20260727T195602, end_date=20260727T195642
[2026-07-27T19:56:42.064+0000] {local_task_job_runner.py:243} INFO - Task exited with return code 0
[2026-07-27T19:56:42.095+0000] {taskinstance.py:3503} INFO - 0 downstream tasks scheduled from follow-on schedule check
[2026-07-27T19:56:42.099+0000] {local_task_job_runner.py:222} INFO - ::endgroup::
