[2026-08-08T15:28:17.085+0000] {local_task_job_runner.py:120} INFO - ::group::Pre task execution logs
[2026-08-08T15:28:17.205+0000] {taskinstance.py:2076} INFO - Dependencies all met for dep_context=non-requeueable deps ti=<TaskInstance: football_etl.warehouse_load scheduled__2026-08-08T15:26:00+00:00 [queued]>
[2026-08-08T15:28:17.243+0000] {taskinstance.py:2076} INFO - Dependencies all met for dep_context=requeueable deps ti=<TaskInstance: football_etl.warehouse_load scheduled__2026-08-08T15:26:00+00:00 [queued]>
[2026-08-08T15:28:17.246+0000] {taskinstance.py:2306} INFO - Starting attempt 1 of 4
[2026-08-08T15:28:17.289+0000] {taskinstance.py:2330} INFO - Executing <Task(PythonOperator): warehouse_load> on 2026-08-08 15:26:00+00:00
[2026-08-08T15:28:17.322+0000] {standard_task_runner.py:90} INFO - Running: ['airflow', 'tasks', 'run', 'football_etl', 'warehouse_load', 'scheduled__2026-08-08T15:26:00+00:00', '--job-id', '1643', '--raw', '--subdir', 'DAGS_FOLDER/football_etl_dag.py', '--cfg-path', '/tmp/tmp99i1h3en']
[2026-08-08T15:28:17.341+0000] {standard_task_runner.py:91} INFO - Job 1643: Subtask warehouse_load
[2026-08-08T15:28:17.349+0000] {logging_mixin.py:188} WARNING - /home/airflow/.local/lib/python3.12/site-packages/airflow/task/task_runner/standard_task_runner.py:62 DeprecationWarning: This process (pid=197) is multi-threaded, use of fork() may lead to deadlocks in the child.
[2026-08-08T15:28:17.357+0000] {standard_task_runner.py:64} INFO - Started process 198 to run task
[2026-08-08T15:28:17.766+0000] {task_command.py:426} INFO - Running <TaskInstance: football_etl.warehouse_load scheduled__2026-08-08T15:26:00+00:00 [running]> on host b478b38d86c0
[2026-08-08T15:28:18.252+0000] {taskinstance.py:2648} INFO - Exporting env vars: AIRFLOW_CTX_DAG_OWNER='airflow' AIRFLOW_CTX_DAG_ID='football_etl' AIRFLOW_CTX_TASK_ID='warehouse_load' AIRFLOW_CTX_EXECUTION_DATE='2026-08-08T15:26:00+00:00' AIRFLOW_CTX_TRY_NUMBER='1' AIRFLOW_CTX_DAG_RUN_ID='scheduled__2026-08-08T15:26:00+00:00'
[2026-08-08T15:28:18.255+0000] {taskinstance.py:430} INFO - ::endgroup::
[2026-08-08T15:29:16.416+0000] {warehouse_load.py:159} INFO - Fetched 16098 rows from OLTP for warehouse load
[2026-08-08T15:29:43.439+0000] {warehouse_load.py:200} INFO - Warehouse ETL complete: 0 inserted, 16098 skipped
[2026-08-08T15:29:43.441+0000] {logging_mixin.py:188} INFO - Warehouse ETL complete: 0 inserted, 16098 skipped
[2026-08-08T15:29:43.471+0000] {python.py:237} INFO - Done. Returned value was: None
[2026-08-08T15:29:43.473+0000] {taskinstance.py:441} INFO - ::group::Post task execution logs
[2026-08-08T15:29:43.496+0000] {taskinstance.py:1206} INFO - Marking task as SUCCESS. dag_id=football_etl, task_id=warehouse_load, run_id=scheduled__2026-08-08T15:26:00+00:00, execution_date=20260808T152600, start_date=20260808T152817, end_date=20260808T152943
[2026-08-08T15:29:43.561+0000] {local_task_job_runner.py:243} INFO - Task exited with return code 0
[2026-08-08T15:29:43.593+0000] {taskinstance.py:3503} INFO - 0 downstream tasks scheduled from follow-on schedule check
[2026-08-08T15:29:43.597+0000] {local_task_job_runner.py:222} INFO - ::endgroup::
