[2026-08-10T02:04:07.503+0000] {local_task_job_runner.py:120} INFO - ::group::Pre task execution logs
[2026-08-10T02:04:07.593+0000] {taskinstance.py:2076} INFO - Dependencies all met for dep_context=non-requeueable deps ti=<TaskInstance: football_etl.warehouse_load scheduled__2026-08-10T02:02:00+00:00 [queued]>
[2026-08-10T02:04:07.609+0000] {taskinstance.py:2076} INFO - Dependencies all met for dep_context=requeueable deps ti=<TaskInstance: football_etl.warehouse_load scheduled__2026-08-10T02:02:00+00:00 [queued]>
[2026-08-10T02:04:07.611+0000] {taskinstance.py:2306} INFO - Starting attempt 1 of 4
[2026-08-10T02:04:07.634+0000] {taskinstance.py:2330} INFO - Executing <Task(PythonOperator): warehouse_load> on 2026-08-10 02:02:00+00:00
[2026-08-10T02:04:07.646+0000] {standard_task_runner.py:90} INFO - Running: ['airflow', 'tasks', 'run', 'football_etl', 'warehouse_load', 'scheduled__2026-08-10T02:02:00+00:00', '--job-id', '1721', '--raw', '--subdir', 'DAGS_FOLDER/football_etl_dag.py', '--cfg-path', '/tmp/tmp8tz7dnpf']
[2026-08-10T02:04:07.653+0000] {standard_task_runner.py:91} INFO - Job 1721: Subtask warehouse_load
[2026-08-10T02:04:07.653+0000] {logging_mixin.py:188} WARNING - /home/airflow/.local/lib/python3.12/site-packages/airflow/task/task_runner/standard_task_runner.py:62 DeprecationWarning: This process (pid=239) is multi-threaded, use of fork() may lead to deadlocks in the child.
[2026-08-10T02:04:07.655+0000] {standard_task_runner.py:64} INFO - Started process 240 to run task
[2026-08-10T02:04:07.782+0000] {task_command.py:426} INFO - Running <TaskInstance: football_etl.warehouse_load scheduled__2026-08-10T02:02:00+00:00 [running]> on host b478b38d86c0
[2026-08-10T02:04:08.042+0000] {taskinstance.py:2648} INFO - Exporting env vars: AIRFLOW_CTX_DAG_OWNER='airflow' AIRFLOW_CTX_DAG_ID='football_etl' AIRFLOW_CTX_TASK_ID='warehouse_load' AIRFLOW_CTX_EXECUTION_DATE='2026-08-10T02:02:00+00:00' AIRFLOW_CTX_TRY_NUMBER='1' AIRFLOW_CTX_DAG_RUN_ID='scheduled__2026-08-10T02:02:00+00:00'
[2026-08-10T02:04:08.045+0000] {taskinstance.py:430} INFO - ::endgroup::
[2026-08-10T02:04:44.907+0000] {warehouse_load.py:159} INFO - Fetched 16598 rows from OLTP for warehouse load
[2026-08-10T02:05:13.357+0000] {warehouse_load.py:200} INFO - Warehouse ETL complete: 0 inserted, 16598 skipped
[2026-08-10T02:05:13.359+0000] {logging_mixin.py:188} INFO - Warehouse ETL complete: 0 inserted, 16598 skipped
[2026-08-10T02:05:13.383+0000] {python.py:237} INFO - Done. Returned value was: None
[2026-08-10T02:05:13.384+0000] {taskinstance.py:441} INFO - ::group::Post task execution logs
[2026-08-10T02:05:13.406+0000] {taskinstance.py:1206} INFO - Marking task as SUCCESS. dag_id=football_etl, task_id=warehouse_load, run_id=scheduled__2026-08-10T02:02:00+00:00, execution_date=20260810T020200, start_date=20260810T020407, end_date=20260810T020513
[2026-08-10T02:05:13.462+0000] {local_task_job_runner.py:243} INFO - Task exited with return code 0
[2026-08-10T02:05:13.494+0000] {local_task_job_runner.py:222} INFO - ::endgroup::
