[2026-08-07T15:42:04.969+0000] {local_task_job_runner.py:120} INFO - ::group::Pre task execution logs
[2026-08-07T15:42:05.007+0000] {taskinstance.py:2076} INFO - Dependencies all met for dep_context=non-requeueable deps ti=<TaskInstance: football_etl.warehouse_load scheduled__2026-08-07T15:40:00+00:00 [queued]>
[2026-08-07T15:42:05.017+0000] {taskinstance.py:2076} INFO - Dependencies all met for dep_context=requeueable deps ti=<TaskInstance: football_etl.warehouse_load scheduled__2026-08-07T15:40:00+00:00 [queued]>
[2026-08-07T15:42:05.018+0000] {taskinstance.py:2306} INFO - Starting attempt 1 of 4
[2026-08-07T15:42:05.033+0000] {taskinstance.py:2330} INFO - Executing <Task(PythonOperator): warehouse_load> on 2026-08-07 15:40:00+00:00
[2026-08-07T15:42:05.041+0000] {standard_task_runner.py:90} INFO - Running: ['airflow', 'tasks', 'run', 'football_etl', 'warehouse_load', 'scheduled__2026-08-07T15:40:00+00:00', '--job-id', '1561', '--raw', '--subdir', 'DAGS_FOLDER/football_etl_dag.py', '--cfg-path', '/tmp/tmpyxvbb4e6']
[2026-08-07T15:42:05.045+0000] {standard_task_runner.py:91} INFO - Job 1561: Subtask warehouse_load
[2026-08-07T15:42:05.047+0000] {logging_mixin.py:188} WARNING - /home/airflow/.local/lib/python3.12/site-packages/airflow/task/task_runner/standard_task_runner.py:62 DeprecationWarning: This process (pid=376) is multi-threaded, use of fork() may lead to deadlocks in the child.
[2026-08-07T15:42:05.049+0000] {standard_task_runner.py:64} INFO - Started process 377 to run task
[2026-08-07T15:42:05.119+0000] {task_command.py:426} INFO - Running <TaskInstance: football_etl.warehouse_load scheduled__2026-08-07T15:40:00+00:00 [running]> on host b478b38d86c0
[2026-08-07T15:42:05.224+0000] {taskinstance.py:2648} INFO - Exporting env vars: AIRFLOW_CTX_DAG_OWNER='airflow' AIRFLOW_CTX_DAG_ID='football_etl' AIRFLOW_CTX_TASK_ID='warehouse_load' AIRFLOW_CTX_EXECUTION_DATE='2026-08-07T15:40:00+00:00' AIRFLOW_CTX_TRY_NUMBER='1' AIRFLOW_CTX_DAG_RUN_ID='scheduled__2026-08-07T15:40:00+00:00'
[2026-08-07T15:42:05.226+0000] {taskinstance.py:430} INFO - ::endgroup::
[2026-08-07T15:42:24.120+0000] {warehouse_load.py:159} INFO - Fetched 16098 rows from OLTP for warehouse load
[2026-08-07T15:42:35.181+0000] {warehouse_load.py:200} INFO - Warehouse ETL complete: 0 inserted, 16098 skipped
[2026-08-07T15:42:35.182+0000] {logging_mixin.py:188} INFO - Warehouse ETL complete: 0 inserted, 16098 skipped
[2026-08-07T15:42:35.197+0000] {python.py:237} INFO - Done. Returned value was: None
[2026-08-07T15:42:35.198+0000] {taskinstance.py:441} INFO - ::group::Post task execution logs
[2026-08-07T15:42:35.211+0000] {taskinstance.py:1206} INFO - Marking task as SUCCESS. dag_id=football_etl, task_id=warehouse_load, run_id=scheduled__2026-08-07T15:40:00+00:00, execution_date=20260807T154000, start_date=20260807T154205, end_date=20260807T154235
[2026-08-07T15:42:35.255+0000] {local_task_job_runner.py:243} INFO - Task exited with return code 0
[2026-08-07T15:42:35.273+0000] {taskinstance.py:3503} INFO - 0 downstream tasks scheduled from follow-on schedule check
[2026-08-07T15:42:35.276+0000] {local_task_job_runner.py:222} INFO - ::endgroup::
