[2026-08-10T03:48:21.209+0000] {local_task_job_runner.py:120} INFO - ::group::Pre task execution logs
[2026-08-10T03:48:21.319+0000] {taskinstance.py:2076} INFO - Dependencies all met for dep_context=non-requeueable deps ti=<TaskInstance: football_etl.warehouse_load scheduled__2026-08-10T03:46:00+00:00 [queued]>
[2026-08-10T03:48:21.347+0000] {taskinstance.py:2076} INFO - Dependencies all met for dep_context=requeueable deps ti=<TaskInstance: football_etl.warehouse_load scheduled__2026-08-10T03:46:00+00:00 [queued]>
[2026-08-10T03:48:21.348+0000] {taskinstance.py:2306} INFO - Starting attempt 1 of 4
[2026-08-10T03:48:21.389+0000] {taskinstance.py:2330} INFO - Executing <Task(PythonOperator): warehouse_load> on 2026-08-10 03:46:00+00:00
[2026-08-10T03:48:21.407+0000] {logging_mixin.py:188} WARNING - /home/airflow/.local/lib/python3.12/site-packages/airflow/task/task_runner/standard_task_runner.py:62 DeprecationWarning: This process (pid=538) is multi-threaded, use of fork() may lead to deadlocks in the child.
[2026-08-10T03:48:21.406+0000] {standard_task_runner.py:90} INFO - Running: ['airflow', 'tasks', 'run', 'football_etl', 'warehouse_load', 'scheduled__2026-08-10T03:46:00+00:00', '--job-id', '1779', '--raw', '--subdir', 'DAGS_FOLDER/football_etl_dag.py', '--cfg-path', '/tmp/tmp2xnukzp_']
[2026-08-10T03:48:21.411+0000] {standard_task_runner.py:64} INFO - Started process 539 to run task
[2026-08-10T03:48:21.412+0000] {standard_task_runner.py:91} INFO - Job 1779: Subtask warehouse_load
[2026-08-10T03:48:21.642+0000] {task_command.py:426} INFO - Running <TaskInstance: football_etl.warehouse_load scheduled__2026-08-10T03:46:00+00:00 [running]> on host b478b38d86c0
[2026-08-10T03:48:22.100+0000] {taskinstance.py:2648} INFO - Exporting env vars: AIRFLOW_CTX_DAG_OWNER='airflow' AIRFLOW_CTX_DAG_ID='football_etl' AIRFLOW_CTX_TASK_ID='warehouse_load' AIRFLOW_CTX_EXECUTION_DATE='2026-08-10T03:46:00+00:00' AIRFLOW_CTX_TRY_NUMBER='1' AIRFLOW_CTX_DAG_RUN_ID='scheduled__2026-08-10T03:46:00+00:00'
[2026-08-10T03:48:22.130+0000] {taskinstance.py:430} INFO - ::endgroup::
[2026-08-10T04:08:31.418+0000] {warehouse_load.py:159} INFO - Fetched 16598 rows from OLTP for warehouse load
[2026-08-10T04:08:55.975+0000] {warehouse_load.py:200} INFO - Warehouse ETL complete: 0 inserted, 16598 skipped
[2026-08-10T04:08:55.977+0000] {logging_mixin.py:188} INFO - Warehouse ETL complete: 0 inserted, 16598 skipped
[2026-08-10T04:08:56.034+0000] {python.py:237} INFO - Done. Returned value was: None
[2026-08-10T04:08:56.040+0000] {taskinstance.py:441} INFO - ::group::Post task execution logs
[2026-08-10T04:08:56.088+0000] {taskinstance.py:1206} INFO - Marking task as SUCCESS. dag_id=football_etl, task_id=warehouse_load, run_id=scheduled__2026-08-10T03:46:00+00:00, execution_date=20260810T034600, start_date=20260810T034821, end_date=20260810T040856
[2026-08-10T04:08:56.174+0000] {local_task_job_runner.py:243} INFO - Task exited with return code 0
[2026-08-10T04:08:56.233+0000] {taskinstance.py:3503} INFO - 0 downstream tasks scheduled from follow-on schedule check
[2026-08-10T04:08:56.237+0000] {local_task_job_runner.py:222} INFO - ::endgroup::
