[2026-08-10T02:44:11.936+0000] {local_task_job_runner.py:120} INFO - ::group::Pre task execution logs
[2026-08-10T02:44:12.057+0000] {taskinstance.py:2076} INFO - Dependencies all met for dep_context=non-requeueable deps ti=<TaskInstance: football_etl.warehouse_load scheduled__2026-08-10T02:42:00+00:00 [queued]>
[2026-08-10T02:44:12.082+0000] {taskinstance.py:2076} INFO - Dependencies all met for dep_context=requeueable deps ti=<TaskInstance: football_etl.warehouse_load scheduled__2026-08-10T02:42:00+00:00 [queued]>
[2026-08-10T02:44:12.084+0000] {taskinstance.py:2306} INFO - Starting attempt 1 of 4
[2026-08-10T02:44:12.117+0000] {taskinstance.py:2330} INFO - Executing <Task(PythonOperator): warehouse_load> on 2026-08-10 02:42:00+00:00
[2026-08-10T02:44:12.137+0000] {standard_task_runner.py:90} INFO - Running: ['airflow', 'tasks', 'run', 'football_etl', 'warehouse_load', 'scheduled__2026-08-10T02:42:00+00:00', '--job-id', '1766', '--raw', '--subdir', 'DAGS_FOLDER/football_etl_dag.py', '--cfg-path', '/tmp/tmppzv8koeg']
[2026-08-10T02:44:12.144+0000] {standard_task_runner.py:91} INFO - Job 1766: Subtask warehouse_load
[2026-08-10T02:44:12.141+0000] {logging_mixin.py:188} WARNING - /home/airflow/.local/lib/python3.12/site-packages/airflow/task/task_runner/standard_task_runner.py:62 DeprecationWarning: This process (pid=489) is multi-threaded, use of fork() may lead to deadlocks in the child.
[2026-08-10T02:44:12.147+0000] {standard_task_runner.py:64} INFO - Started process 490 to run task
[2026-08-10T02:44:12.319+0000] {task_command.py:426} INFO - Running <TaskInstance: football_etl.warehouse_load scheduled__2026-08-10T02:42:00+00:00 [running]> on host b478b38d86c0
[2026-08-10T02:44:12.670+0000] {taskinstance.py:2648} INFO - Exporting env vars: AIRFLOW_CTX_DAG_OWNER='airflow' AIRFLOW_CTX_DAG_ID='football_etl' AIRFLOW_CTX_TASK_ID='warehouse_load' AIRFLOW_CTX_EXECUTION_DATE='2026-08-10T02:42:00+00:00' AIRFLOW_CTX_TRY_NUMBER='1' AIRFLOW_CTX_DAG_RUN_ID='scheduled__2026-08-10T02:42:00+00:00'
[2026-08-10T02:44:12.674+0000] {taskinstance.py:430} INFO - ::endgroup::
[2026-08-10T03:02:49.081+0000] {local_task_job_runner.py:313} WARNING - State of this instance has been externally set to up_for_retry. Terminating instance.
[2026-08-10T03:02:49.089+0000] {local_task_job_runner.py:222} INFO - ::endgroup::
[2026-08-10T03:02:49.103+0000] {process_utils.py:132} INFO - Sending 15 to group 490. PIDs of all processes in the group: [490]
[2026-08-10T03:02:49.110+0000] {process_utils.py:87} INFO - Sending the signal 15 to group 490
[2026-08-10T03:48:31.496+0000] {taskinstance.py:2611} ERROR - Received SIGTERM. Terminating subprocesses.
[2026-08-10T03:48:31.514+0000] {taskinstance.py:441} INFO - ::group::Post task execution logs
[2026-08-10T03:48:31.573+0000] {taskinstance.py:2905} ERROR - Task failed with exception
Traceback (most recent call last):
  File "/home/airflow/.local/lib/python3.12/site-packages/airflow/models/taskinstance.py", line 465, in _execute_task
    result = _execute_callable(context=context, **execute_callable_kwargs)
             ^^^^^^^^^^^^^^^^^^^^^^^^^^^^^^^^^^^^^^^^^^^^^^^^^^^^^^^^^^^^^
  File "/home/airflow/.local/lib/python3.12/site-packages/airflow/models/taskinstance.py", line 432, in _execute_callable
    return execute_callable(context=context, **execute_callable_kwargs)
           ^^^^^^^^^^^^^^^^^^^^^^^^^^^^^^^^^^^^^^^^^^^^^^^^^^^^^^^^^^^^
  File "/home/airflow/.local/lib/python3.12/site-packages/airflow/models/baseoperator.py", line 401, in wrapper
    return func(self, *args, **kwargs)
           ^^^^^^^^^^^^^^^^^^^^^^^^^^^
  File "/home/airflow/.local/lib/python3.12/site-packages/airflow/operators/python.py", line 235, in execute
    return_value = self.execute_callable()
                   ^^^^^^^^^^^^^^^^^^^^^^^
  File "/home/airflow/.local/lib/python3.12/site-packages/airflow/operators/python.py", line 252, in execute_callable
    return self.python_callable(*self.op_args, **self.op_kwargs)
           ^^^^^^^^^^^^^^^^^^^^^^^^^^^^^^^^^^^^^^^^^^^^^^^^^^^^^
  File "/opt/airflow/dags/football_etl_dag.py", line 66, in run_warehouse_load
    run_warehouse_etl()
  File "/opt/airflow/pipeline/warehouse_load.py", line 127, in run_warehouse_etl
    oltp_cur.execute("""
  File "/usr/local/lib/python3.12/encodings/utf_8.py", line 15, in decode
    def decode(input, errors='strict'):
    
  File "/home/airflow/.local/lib/python3.12/site-packages/airflow/models/taskinstance.py", line 2613, in signal_handler
    raise AirflowTaskTerminated("Task received SIGTERM signal")
airflow.exceptions.AirflowTaskTerminated: Task received SIGTERM signal
[2026-08-10T03:48:31.606+0000] {taskinstance.py:1206} INFO - Marking task as UP_FOR_RETRY. dag_id=football_etl, task_id=warehouse_load, run_id=scheduled__2026-08-10T02:42:00+00:00, execution_date=20260810T024200, start_date=20260810T034807, end_date=20260810T034831
[2026-08-10T03:48:31.735+0000] {process_utils.py:80} INFO - Process psutil.Process(pid=490, status='terminated', exitcode=2, started='02:44:11') (490) terminated with exit code 2
